Component: ARM Compiler 5.06 update 7 (build 960) Tool: armlink [4d3601]

==============================================================================

Section Cross References

    startup_stm32f407xx.o(RESET) refers to startup_stm32f407xx.o(STACK) for __initial_sp
    startup_stm32f407xx.o(RESET) refers to startup_stm32f407xx.o(.text) for Reset_Handler
    startup_stm32f407xx.o(RESET) refers to stm32f4xx_it.o(i.NMI_Handler) for NMI_Handler
    startup_stm32f407xx.o(RESET) refers to stm32f4xx_it.o(i.HardFault_Handler) for HardFault_Handler
    startup_stm32f407xx.o(RESET) refers to stm32f4xx_it.o(i.MemManage_Handler) for MemManage_Handler
    startup_stm32f407xx.o(RESET) refers to stm32f4xx_it.o(i.BusFault_Handler) for BusFault_Handler
    startup_stm32f407xx.o(RESET) refers to stm32f4xx_it.o(i.UsageFault_Handler) for UsageFault_Handler
    startup_stm32f407xx.o(RESET) refers to port.o(.emb_text) for SVC_Handler
    startup_stm32f407xx.o(RESET) refers to stm32f4xx_it.o(i.DebugMon_Handler) for DebugMon_Handler
    startup_stm32f407xx.o(RESET) refers to port.o(i.SysTick_Handler) for SysTick_Handler
    startup_stm32f407xx.o(RESET) refers to stm32f4xx_it.o(i.EXTI0_IRQHandler) for EXTI0_IRQHandler
    startup_stm32f407xx.o(RESET) refers to stm32f4xx_it.o(i.DMA1_Stream1_IRQHandler) for DMA1_Stream1_IRQHandler
    startup_stm32f407xx.o(RESET) refers to stm32f4xx_it.o(i.CAN1_TX_IRQHandler) for CAN1_TX_IRQHandler
    startup_stm32f407xx.o(RESET) refers to stm32f4xx_it.o(i.CAN1_RX0_IRQHandler) for CAN1_RX0_IRQHandler
    startup_stm32f407xx.o(RESET) refers to stm32f4xx_it.o(i.TIM1_BRK_TIM9_IRQHandler) for TIM1_BRK_TIM9_IRQHandler
    startup_stm32f407xx.o(RESET) refers to stm32f4xx_it.o(i.USART1_IRQHandler) for USART1_IRQHandler
    startup_stm32f407xx.o(RESET) refers to stm32f4xx_it.o(i.USART3_IRQHandler) for USART3_IRQHandler
    startup_stm32f407xx.o(RESET) refers to stm32f4xx_it.o(i.DMA2_Stream1_IRQHandler) for DMA2_Stream1_IRQHandler
    startup_stm32f407xx.o(RESET) refers to stm32f4xx_it.o(i.DMA2_Stream2_IRQHandler) for DMA2_Stream2_IRQHandler
    startup_stm32f407xx.o(RESET) refers to stm32f4xx_it.o(i.CAN2_TX_IRQHandler) for CAN2_TX_IRQHandler
    startup_stm32f407xx.o(RESET) refers to stm32f4xx_it.o(i.CAN2_RX0_IRQHandler) for CAN2_RX0_IRQHandler
    startup_stm32f407xx.o(RESET) refers to stm32f4xx_it.o(i.OTG_FS_IRQHandler) for OTG_FS_IRQHandler
    startup_stm32f407xx.o(RESET) refers to stm32f4xx_it.o(i.DMA2_Stream6_IRQHandler) for DMA2_Stream6_IRQHandler
    startup_stm32f407xx.o(RESET) refers to stm32f4xx_it.o(i.DMA2_Stream7_IRQHandler) for DMA2_Stream7_IRQHandler
    startup_stm32f407xx.o(RESET) refers to stm32f4xx_it.o(i.USART6_IRQHandler) for USART6_IRQHandler
    startup_stm32f407xx.o(.text) refers to system_stm32f4xx.o(i.SystemInit) for SystemInit
    startup_stm32f407xx.o(.text) refers to entry.o(.ARM.Collect$$$$00000000) for __main
    stm32f4xx_hal.o(i.HAL_DeInit) refers to stm32f4xx_hal.o(i.HAL_MspDeInit) for HAL_MspDeInit
    stm32f4xx_hal.o(i.HAL_Delay) refers to stm32f4xx_hal.o(i.HAL_GetTick) for HAL_GetTick
    stm32f4xx_hal.o(i.HAL_Delay) refers to stm32f4xx_hal.o(.data) for .data
    stm32f4xx_hal.o(i.HAL_GetTick) refers to stm32f4xx_hal.o(.data) for .data
    stm32f4xx_hal.o(i.HAL_GetTickFreq) refers to stm32f4xx_hal.o(.data) for .data
    stm32f4xx_hal.o(i.HAL_GetTickPrio) refers to stm32f4xx_hal.o(.data) for .data
    stm32f4xx_hal.o(i.HAL_IncTick) refers to stm32f4xx_hal.o(.data) for .data
    stm32f4xx_hal.o(i.HAL_Init) refers to stm32f4xx_hal_cortex.o(i.HAL_NVIC_SetPriorityGrouping) for HAL_NVIC_SetPriorityGrouping
    stm32f4xx_hal.o(i.HAL_Init) refers to stm32f4xx_hal_timebase_tim.o(i.HAL_InitTick) for HAL_InitTick
    stm32f4xx_hal.o(i.HAL_Init) refers to stm32f4xx_hal_msp.o(i.HAL_MspInit) for HAL_MspInit
    stm32f4xx_hal.o(i.HAL_InitTick) refers to stm32f4xx_hal_cortex.o(i.HAL_SYSTICK_Config) for HAL_SYSTICK_Config
    stm32f4xx_hal.o(i.HAL_InitTick) refers to stm32f4xx_hal_cortex.o(i.HAL_NVIC_SetPriority) for HAL_NVIC_SetPriority
    stm32f4xx_hal.o(i.HAL_InitTick) refers to stm32f4xx_hal.o(.data) for .data
    stm32f4xx_hal.o(i.HAL_InitTick) refers to system_stm32f4xx.o(.data) for SystemCoreClock
    stm32f4xx_hal.o(i.HAL_SetTickFreq) refers to stm32f4xx_hal_timebase_tim.o(i.HAL_InitTick) for HAL_InitTick
    stm32f4xx_hal.o(i.HAL_SetTickFreq) refers to stm32f4xx_hal.o(.data) for .data
    stm32f4xx_hal_can.o(i.HAL_CAN_DeInit) refers to stm32f4xx_hal_can.o(i.HAL_CAN_Stop) for HAL_CAN_Stop
    stm32f4xx_hal_can.o(i.HAL_CAN_DeInit) refers to can.o(i.HAL_CAN_MspDeInit) for HAL_CAN_MspDeInit
    stm32f4xx_hal_can.o(i.HAL_CAN_IRQHandler) refers to stm32f4xx_hal_can.o(i.HAL_CAN_TxMailbox0CompleteCallback) for HAL_CAN_TxMailbox0CompleteCallback
    stm32f4xx_hal_can.o(i.HAL_CAN_IRQHandler) refers to stm32f4xx_hal_can.o(i.HAL_CAN_TxMailbox0AbortCallback) for HAL_CAN_TxMailbox0AbortCallback
[...]
    i.osDelay                                0x080054e0   Section        0  cmsis_os.o(i.osDelay)
    i.osKernelStart                          0x080054ee   Section        0  cmsis_os.o(i.osKernelStart)
    i.osThreadCreate                         0x080054f8   Section        0  cmsis_os.o(i.osThreadCreate)
    i.prvAddCurrentTaskToDelayedList         0x0800554c   Section        0  tasks.o(i.prvAddCurrentTaskToDelayedList)
    prvAddCurrentTaskToDelayedList           0x0800554d   Thumb Code   102  tasks.o(i.prvAddCurrentTaskToDelayedList)
    i.prvAddNewTaskToReadyList               0x080055bc   Section        0  tasks.o(i.prvAddNewTaskToReadyList)
    prvAddNewTaskToReadyList                 0x080055bd   Thumb Code   194  tasks.o(i.prvAddNewTaskToReadyList)
    i.prvDeleteTCB                           0x0800568c   Section        0  tasks.o(i.prvDeleteTCB)
    prvDeleteTCB                             0x0800568d   Thumb Code    52  tasks.o(i.prvDeleteTCB)
    i.prvHeapInit                            0x080056c0   Section        0  heap_4.o(i.prvHeapInit)
    prvHeapInit                              0x080056c1   Thumb Code    66  heap_4.o(i.prvHeapInit)
    i.prvIdleTask                            0x0800570c   Section        0  tasks.o(i.prvIdleTask)
    prvIdleTask                              0x0800570d   Thumb Code    82  tasks.o(i.prvIdleTask)
    i.prvInitialiseNewTask                   0x0800576c   Section        0  tasks.o(i.prvInitialiseNewTask)
    prvInitialiseNewTask                     0x0800576d   Thumb Code   152  tasks.o(i.prvInitialiseNewTask)
    i.prvInsertBlockIntoFreeList             0x08005804   Section        0  heap_4.o(i.prvInsertBlockIntoFreeList)
    prvInsertBlockIntoFreeList               0x08005805   Thumb Code    72  heap_4.o(i.prvInsertBlockIntoFreeList)
    i.prvResetNextTaskUnblockTime            0x08005850   Section        0  tasks.o(i.prvResetNextTaskUnblockTime)
    prvResetNextTaskUnblockTime              0x08005851   Thumb Code    26  tasks.o(i.prvResetNextTaskUnblockTime)
    i.prvTaskExitError                       0x08005870   Section        0  port.o(i.prvTaskExitError)
    prvTaskExitError                         0x08005871   Thumb Code    36  port.o(i.prvTaskExitError)
    i.pvPortMalloc                           0x08005898   Section        0  heap_4.o(i.pvPortMalloc)
    i.pxPortInitialiseStack                  0x08005974   Section        0  port.o(i.pxPortInitialiseStack)
    i.usart1_idle_callback                   0x080059a0   Section        0  drv_uart.o(i.usart1_idle_callback)
    i.usart1_manage_init                     0x080059c8   Section        0  drv_uart.o(i.usart1_manage_init)
    i.usart1_transmit                        0x08005a28   Section        0  drv_uart.o(i.usart1_transmit)
    i.usart6_idle_callback                   0x08005a38   Section        0  drv_uart.o(i.usart6_idle_callback)
    i.usart_rec_to_buff                      0x08005a60   Section        0  drv_uart.o(i.usart_rec_to_buff)
    usart_rec_to_buff                        0x08005a61   Thumb Code    78  drv_uart.o(i.usart_rec_to_buff)
    i.usart_transmit                         0x08005aae   Section        0  drv_uart.o(i.usart_transmit)
    i.usart_transmit_hook                    0x08005b20   Section        0  drv_uart.o(i.usart_transmit_hook)
    usart_transmit_hook                      0x08005b21   Thumb Code    60  drv_uart.o(i.usart_transmit_hook)
    i.uxListRemove                           0x08005b5c   Section        0  list.o(i.uxListRemove)
    i.vApplicationGetIdleTaskMemory          0x08005b84   Section        0  freertos.o(i.vApplicationGetIdleTaskMemory)
    i.vListInitialise                        0x08005b98   Section        0  list.o(i.vListInitialise)
    i.vListInitialiseItem                    0x08005bae   Section        0  list.o(i.vListInitialiseItem)
    i.vListInsert                            0x08005bb4   Section        0  list.o(i.vListInsert)
    i.vListInsertEnd                         0x08005be4   Section        0  list.o(i.vListInsertEnd)
    i.vPortEnterCritical                     0x08005bfc   Section        0  port.o(i.vPortEnterCritical)
    i.vPortExitCritical                      0x08005c3c   Section        0  port.o(i.vPortExitCritical)
    i.vPortFree                              0x08005c64   Section        0  heap_4.o(i.vPortFree)
    i.vPortSetupTimerInterrupt               0x08005cc8   Section        0  port.o(i.vPortSetupTimerInterrupt)
    i.vTaskDelay                             0x08005cec   Section        0  tasks.o(i.vTaskDelay)
    i.vTaskStartScheduler                    0x08005d38   Section        0  tasks.o(i.vTaskStartScheduler)
    i.vTaskSuspendAll                        0x08005da4   Section        0  tasks.o(i.vTaskSuspendAll)
    i.vTaskSwitchContext                     0x08005db4   Section        0  tasks.o(i.vTaskSwitchContext)
    i.xPortStartScheduler                    0x08005e10   Section        0  port.o(i.xPortStartScheduler)
    i.xTaskCreate                            0x08005f04   Section        0  tasks.o(i.xTaskCreate)
    i.xTaskCreateStatic                      0x08005f5e   Section        0  tasks.o(i.xTaskCreateStatic)
    i.xTaskIncrementTick                     0x08005fb4   Section        0  tasks.o(i.xTaskIncrementTick)
    i.xTaskResumeAll                         0x08006080   Section        0  tasks.o(i.xTaskResumeAll)
    .constdata                               0x08006144   Section        8  stm32f4xx_hal_dma.o(.constdata)
    flagBitshiftOffset                       0x08006144   Data           8  stm32f4xx_hal_dma.o(.constdata)
    .constdata                               0x0800614c   Section       28  freertos.o(.constdata)
    .constdata                               0x08006168   Section       16  system_stm32f4xx.o(.constdata)
    .constdata                               0x08006178   Section        8  system_stm32f4xx.o(.constdata)
    .conststring                             0x08006180   Section       12  freertos.o(.conststring)
    .data                                    0x20000000   Section       12  stm32f4xx_hal.o(.data)
    .data                                    0x2000000c   Section       60  tasks.o(.data)
    uxDeletedTasksWaitingCleanUp             0x20000010   Data           4  tasks.o(.data)
    uxCurrentNumberOfTasks                   0x20000014   Data           4  tasks.o(.data)
    xTickCount                               0x20000018   Data           4  tasks.o(.data)
    uxTopReadyPriority                       0x2000001c   Data           4  tasks.o(.data)
    xSchedulerRunning                        0x20000020   Data           4  tasks.o(.data)
    xPendedTicks                             0x20000024   Data           4  tasks.o(.data)
    xYieldPending                            0x20000028   Data           4  tasks.o(.data)
    xNumOfOverflows                          0x2000002c   Data           4  tasks.o(.data)
    uxTaskNumber                             0x20000030   Data           4  tasks.o(.data)
    xNextTaskUnblockTime                     0x20000034   Data           4  tasks.o(.data)
    xIdleTaskHandle                          0x20000038   Data           4  tasks.o(.data)
    uxSchedulerSuspended                     0x2000003c   Data           4  tasks.o(.data)
    pxDelayedTaskList                        0x20000040   Data           4  tasks.o(.data)
    pxOverflowDelayedTaskList                0x20000044   Data           4  tasks.o(.data)
    .data                                    0x20000048   Section       32  heap_4.o(.data)
    pxEnd                                    0x20000048   Data           4  heap_4.o(.data)
    xFreeBytesRemaining                      0x2000004c   Data           4  heap_4.o(.data)
    xMinimumEverFreeBytesRemaining           0x20000050   Data           4  heap_4.o(.data)
    xNumberOfSuccessfulAllocations           0x20000054   Data           4  heap_4.o(.data)
    xNumberOfSuccessfulFrees                 0x20000058   Data           4  heap_4.o(.data)
    xBlockAllocatedBit                       0x2000005c   Data           4  heap_4.o(.data)
    xStart                                   0x20000060   Data           8  heap_4.o(.data)
    .data                                    0x20000068   Section       12  port.o(.data)
    ucMaxSysCallPriority                     0x20000068   Data           1  port.o(.data)
    uxCriticalNesting                        0x2000006c   Data           4  port.o(.data)
    ulMaxPRIGROUPValue                       0x20000070   Data           4  port.o(.data)
    .data                                    0x20000074   Section        4  freertos.o(.data)
    .data                                    0x20000078   Section        4  can.o(.data)
    HAL_RCC_CAN1_CLK_ENABLED                 0x20000078   Data           4  can.o(.data)
    .data                                    0x2000007c   Section        4  system_stm32f4xx.o(.data)
    .data                                    0x20000080   Section        1  usbd_ctlreq.o(.data)
    cfgidx                                   0x20000080   Data           1  usbd_ctlreq.o(.data)
    .bss                                     0x20000084   Section      240  tasks.o(.bss)
    pxReadyTasksLists                        0x20000084   Data         140  tasks.o(.bss)
    xDelayedTaskList1                        0x20000110   Data          20  tasks.o(.bss)
    xDelayedTaskList2                        0x20000124   Data          20  tasks.o(.bss)
    xPendingReadyList                        0x20000138   Data          20  tasks.o(.bss)
    xTasksWaitingTermination                 0x2000014c   Data          20  tasks.o(.bss)
    xSuspendedTaskList                       0x20000160   Data          20  tasks.o(.bss)
    .bss                                     0x20000174   Section    15360  heap_4.o(.bss)
    ucHeap                                   0x20000174   Data       15360  heap_4.o(.bss)
    .bss                                     0x20003d74   Section      596  freertos.o(.bss)
    xIdleTaskTCBBuffer                       0x20003d74   Data          84  freertos.o(.bss)
    xIdleStack                               0x20003dc8   Data         512  freertos.o(.bss)
    .bss                                     0x20003fc8   Section       80  can.o(.bss)
    .bss                                     0x20004018   Section       84  i2c.o(.bss)
    .bss                                     0x2000406c   Section       16  rng.o(.bss)
    .bss                                     0x2000407c   Section       88  spi.o(.bss)
    .bss                                     0x200040d4   Section      684  usart.o(.bss)
    .bss                                     0x20004380   Section       72  stm32f4xx_hal_timebase_tim.o(.bss)
    .bss                                     0x200043c8   Section     1836  usbd_conf.o(.bss)
    mem                                      0x200043c8   Data         544  usbd_conf.o(.bss)
    .bss                                     0x20004af4   Section     5256  drv_uart.o(.bss)
    usart6_rx_buff                           0x20004b7c   Data         512  drv_uart.o(.bss)
    usart6_tx_buff                           0x20004d7c   Data         512  drv_uart.o(.bss)
    usart6_tx_fifo_buff                      0x20004f7c   Data        1024  drv_uart.o(.bss)
    usart1_rx_buff                           0x2000537c   Data         512  drv_uart.o(.bss)
    usart1_tx_buff                           0x2000557c   Data         512  drv_uart.o(.bss)
    usart1_tx_fifo_buff                      0x2000577c   Data        2048  drv_uart.o(.bss)
    STACK                                    0x20005f80   Section     8192  startup_stm32f407xx.o(STACK)

    Global Symbols

    Symbol Name                              Value     Ov Type        Size  Object(Section)

    BuildAttributes$$THM_ISAv4$E$P$D$K$B$S$7EM$VFPi3$EXTD16$VFPS$VFMA$PE$A:L22UL41UL21$X:L11$S22US41US21$IEEE1$IW$USESV6$~STKCKD$USESV7$~SHL$OSPACE$ROPI$EBA8$MICROLIB$REQ8$PRES8$EABIv2 0x00000000   Number         0  anon$$obj.o ABSOLUTE
    __ARM_use_no_argv                        0x00000000   Number         0  main.o ABSOLUTE
    __arm_fini_                               - Undefined Weak Reference
    __cpp_initialize__aeabi_                  - Undefined Weak Reference
    __cxa_finalize                            - Undefined Weak Reference
    __decompress                              - Undefined Weak Reference
    _clock_init                               - Undefined Weak Reference
    _microlib_exit                            - Undefined Weak Reference
    __Vectors_Size                           0x00000188   Number         0  startup_stm32f407xx.o ABSOLUTE
    __Vectors                                0x08000000   Data           4  startup_stm32f407xx.o(RESET)
    __Vectors_End                            0x08000188   Data           0  startup_stm32f407xx.o(RESET)
    __main                                   0x08000189   Thumb Code     0  entry.o(.ARM.Collect$$$$00000000)
    _main_stk                                0x08000189   Thumb Code     0  entry2.o(.ARM.Collect$$$$00000001)
    _main_scatterload                        0x0800018d   Thumb Code     0  entry5.o(.ARM.Collect$$$$00000004)
    __main_after_scatterload                 0x08000191   Thumb Code     0  entry5.o(.ARM.Collect$$$$00000004)
    _main_clock                              0x08000191   Thumb Code     0  entry7b.o(.ARM.Collect$$$$00000008)
    _main_cpp_init                           0x08000191   Thumb Code     0  entry8b.o(.ARM.Collect$$$$0000000A)
    _main_init                               0x08000191   Thumb Code     0  entry9a.o(.ARM.Collect$$$$0000000B)
    __rt_lib_shutdown_fini                   0x08000199   Thumb Code     0  entry12b.o(.ARM.Collect$$$$0000000E)
    __rt_final_cpp                           0x0800019d   Thumb Code     0  entry10a.o(.ARM.Collect$$$$0000000F)
    __rt_final_exit                          0x0800019d   Thumb Code     0  entry11a.o(.ARM.Collect$$$$00000011)
    SVC_Handler                              0x080001a1   Thumb Code    28  port.o(.emb_text)
    __asm___6_port_c_39a90d8d__prvStartFirstTask 0x080001c1   Thumb Code    36  port.o(.emb_text)
    __asm___6_port_c_39a90d8d__prvEnableVFP  0x080001e9   Thumb Code    16  port.o(.emb_text)
    PendSV_Handler                           0x080001fd   Thumb Code    88  port.o(.emb_text)
    vPortGetIPSR                             0x08000259   Thumb Code     6  port.o(.emb_text)
    Reset_Handler                            0x08000261   Thumb Code     8  startup_stm32f407xx.o(.text)
    ADC_IRQHandler                           0x0800027b   Thumb Code     0  startup_stm32f407xx.o(.text)
    CAN1_RX1_IRQHandler                      0x0800027b   Thumb Code     0  startup_stm32f407xx.o(.text)
    CAN1_SCE_IRQHandler                      0x0800027b   Thumb Code     0  startup_stm32f407xx.o(.text)
    CAN2_RX1_IRQHandler                      0x0800027b   Thumb Code     0  startup_stm32f407xx.o(.text)
    CAN2_SCE_IRQHandler                      0x0800027b   Thumb Code     0  startup_stm32f407xx.o(.text)
    DCMI_IRQHandler                          0x0800027b   Thumb Code     0  startup_stm32f407xx.o(.text)
    DMA1_Stream0_IRQHandler                  0x0800027b   Thumb Code     0  startup_stm32f407xx.o(.text)
    DMA1_Stream2_IRQHandler                  0x0800027b   Thumb Code     0  startup_stm32f407xx.o(.text)
    DMA1_Stream3_IRQHandler                  0x0800027b   Thumb Code     0  startup_stm32f407xx.o(.text)
    DMA1_Stream4_IRQHandler                  0x0800027b   Thumb Code     0  startup_stm32f407xx.o(.text)
    DMA1_Stream5_IRQHandler                  0x0800027b   Thumb Code     0  startup_stm32f407xx.o(.text)
    DMA1_Stream6_IRQHandler                  0x0800027b   Thumb Code     0  startup_stm32f407xx.o(.text)
    DMA1_Stream7_IRQHandler                  0x0800027b   Thumb Code     0  startup_stm32f407xx.o(.text)
    DMA2_Stream0_IRQHandler                  0x0800027b   Thumb Code     0  startup_stm32f407xx.o(.text)
    DMA2_Stream3_IRQHandler                  0x0800027b   Thumb Code     0  startup_stm32f407xx.o(.text)
    DMA2_Stream4_IRQHandler                  0x0800027b   Thumb Code     0  startup_stm32f407xx.o(.text)
    DMA2_Stream5_IRQHandler                  0x0800027b   Thumb Code     0  startup_stm32f407xx.o(.text)
    ETH_IRQHandler                           0x0800027b   Thumb Code     0  startup_stm32f407xx.o(.text)
    ETH_WKUP_IRQHandler                      0x0800027b   Thumb Code     0  startup_stm32f407xx.o(.text)
    EXTI15_10_IRQHandler                     0x0800027b   Thumb Code     0  startup_stm32f407xx.o(.text)
    EXTI1_IRQHandler                         0x0800027b   Thumb Code     0  startup_stm32f407xx.o(.text)
    EXTI2_IRQHandler                         0x0800027b   Thumb Code     0  startup_stm32f407xx.o(.text)
    EXTI3_IRQHandler                         0x0800027b   Thumb Code     0  startup_stm32f407xx.o(.text)
    EXTI4_IRQHandler                         0x0800027b   Thumb Code     0  startup_stm32f407xx.o(.text)
    EXTI9_5_IRQHandler                       0x0800027b   Thumb Code     0  startup_stm32f407xx.o(.text)
    FLASH_IRQHandler                         0x0800027b   Thumb Code     0  startup_stm32f407xx.o(.text)
    FMC_IRQHandler                           0x0800027b   Thumb Code     0  startup_stm32f407xx.o(.text)
    FPU_IRQHandler                           0x0800027b   Thumb Code     0  startup_stm32f407xx.o(.text)
    HASH_RNG_IRQHandler                      0x0800027b   Thumb Code     0  startup_stm32f407xx.o(.text)
    I2C1_ER_IRQHandler                       0x0800027b   Thumb Code     0  startup_stm32f407xx.o(.text)
    I2C1_EV_IRQHandler                       0x0800027b   Thumb Code     0  startup_stm32f407xx.o(.text)
    I2C2_ER_IRQHandler                       0x0800027b   Thumb Code     0  startup_stm32f407xx.o(.text)
    I2C2_EV_IRQHandler                       0x0800027b   Thumb Code     0  startup_stm32f407xx.o(.text)
    I2C3_ER_IRQHandler                       0x0800027b   Thumb Code     0  startup_stm32f407xx.o(.text)
    I2C3_EV_IRQHandler                       0x0800027b   Thumb Code     0  startup_stm32f407xx.o(.text)
    OTG_FS_WKUP_IRQHandler                   0x0800027b   Thumb Code     0  startup_stm32f407xx.o(.text)
    OTG_HS_EP1_IN_IRQHandler                 0x0800027b   Thumb Code     0  startup_stm32f407xx.o(.text)
    OTG_HS_EP1_OUT_IRQHandler                0x0800027b   Thumb Code     0  startup_stm32f407xx.o(.text)
    OTG_HS_IRQHandler                        0x0800027b   Thumb Code     0  startup_stm32f407xx.o(.text)
    OTG_HS_WKUP_IRQHandler                   0x0800027b   Thumb Code     0  startup_stm32f407xx.o(.text)
    PVD_IRQHandler                           0x0800027b   Thumb Code     0  startup_stm32f407xx.o(.text)
    RCC_IRQHandler                           0x0800027b   Thumb Code     0  startup_stm32f407xx.o(.text)
    RTC_Alarm_IRQHandler                     0x0800027b   Thumb Code     0  startup_stm32f407xx.o(.text)
    RTC_WKUP_IRQHandler                      0x0800027b   Thumb Code     0  startup_stm32f407xx.o(.text)
    SDIO_IRQHandler                          0x0800027b   Thumb Code     0  startup_stm32f407xx.o(.text)
    SPI1_IRQHandler                          0x0800027b   Thumb Code     0  startup_stm32f407xx.o(.text)
    SPI2_IRQHandler                          0x0800027b   Thumb Code     0  startup_stm32f407xx.o(.text)
    SPI3_IRQHandler                          0x0800027b   Thumb Code     0  startup_stm32f407xx.o(.text)
    TAMP_STAMP_IRQHandler                    0x0800027b   Thumb Code     0  startup_stm32f407xx.o(.text)
    TIM1_CC_IRQHandler                       0x0800027b   Thumb Code     0  startup_stm32f407xx.o(.text)
    TIM1_TRG_COM_TIM11_IRQHandler            0x0800027b   Thumb Code     0  startup_stm32f407xx.o(.text)
    TIM1_UP_TIM10_IRQHandler                 0x0800027b   Thumb Code     0  startup_stm32f407xx.o(.text)
    TIM2_IRQHandler                          0x0800027b   Thumb Code     0  startup_stm32f407xx.o(.text)
    TIM3_IRQHandler                          0x0800027b   Thumb Code     0  startup_stm32f407xx.o(.text)
    TIM4_IRQHandler                          0x0800027b   Thumb Code     0  startup_stm32f407xx.o(.text)
    TIM5_IRQHandler                          0x0800027b   Thumb Code     0  startup_stm32f407xx.o(.text)
    TIM6_DAC_IRQHandler                      0x0800027b   Thumb Code     0  startup_stm32f407xx.o(.text)
    TIM7_IRQHandler                          0x0800027b   Thumb Code     0  startup_stm32f407xx.o(.text)
    TIM8_BRK_TIM12_IRQHandler                0x0800027b   Thumb Code     0  startup_stm32f407xx.o(.text)
    TIM8_CC_IRQHandler                       0x0800027b   Thumb Code     0  startup_stm32f407xx.o(.text)
    TIM8_TRG_COM_TIM14_IRQHandler            0x0800027b   Thumb Code     0  startup_stm32f407xx.o(.text)
    TIM8_UP_TIM13_IRQHandler                 0x0800027b   Thumb Code     0  startup_stm32f407xx.o(.text)
    UART4_IRQHandler                         0x0800027b   Thumb Code     0  startup_stm32f407xx.o(.text)
    UART5_IRQHandler                         0x0800027b   Thumb Code     0  startup_stm32f407xx.o(.text)
    USART2_IRQHandler                        0x0800027b   Thumb Code     0  startup_stm32f407xx.o(.text)
    WWDG_IRQHandler                          0x0800027b   Thumb Code     0  startup_stm32f407xx.o(.text)
    __aeabi_uldivmod                         0x08000285   Thumb Code    98  uldiv.o(.text)
    __aeabi_memcpy                           0x080002e7   Thumb Code    36  memcpya.o(.text)
    __aeabi_memcpy4                          0x080002e7   Thumb Code     0  memcpya.o(.text)
    __aeabi_memcpy8                          0x080002e7   Thumb Code     0  memcpya.o(.text)
    __aeabi_memset                           0x0800030b   Thumb Code    14  memseta.o(.text)
    __aeabi_memset4                          0x0800030b   Thumb Code     0  memseta.o(.text)
    __aeabi_memset8                          0x0800030b   Thumb Code     0  memseta.o(.text)
    __aeabi_memclr                           0x08000319   Thumb Code     4  memseta.o(.text)
    __aeabi_memclr4                          0x08000319   Thumb Code     0  memseta.o(.text)
    __aeabi_memclr8                          0x08000319   Thumb Code     0  memseta.o(.text)
    _memset$wrapper                          0x0800031d   Thumb Code    18  memseta.o(.text)
    __aeabi_uidiv                            0x0800032f   Thumb Code     0  uidiv.o(.text)
    __aeabi_uidivmod                         0x0800032f   Thumb Code    44  uidiv.o(.text)
    __aeabi_llsl                             0x0800035b   Thumb Code    30  llshl.o(.text)
    _ll_shift_l                              0x0800035b   Thumb Code     0  llshl.o(.text)
    __aeabi_llsr                             0x08000379   Thumb Code    32  llushr.o(.text)
    _ll_ushift_r                             0x08000379   Thumb Code     0  llushr.o(.text)
    __I$use$fp                               0x08000399   Thumb Code     0  iusefp.o(.text)
    __aeabi_dadd                             0x08000399   Thumb Code   322  dadd.o(.text)
    __aeabi_dsub                             0x080004db   Thumb Code     6  dadd.o(.text)
    __aeabi_drsub                            0x080004e1   Thumb Code     6  dadd.o(.text)
    __aeabi_dmul                             0x080004e7   Thumb Code   228  dmul.o(.text)
    __aeabi_ddiv                             0x080005cb   Thumb Code   222  ddiv.o(.text)
    __aeabi_d2ulz                            0x080006a9   Thumb Code    48  dfixul.o(.text)
    __aeabi_cdrcmple                         0x080006d9   Thumb Code    48  cdrcmple.o(.text)
    __scatterload                            0x08000709   Thumb Code    28  init.o(.text)
    __scatterload_rt2                        0x08000709   Thumb Code     0  init.o(.text)
    __aeabi_lasr                             0x0800072d   Thumb Code    36  llsshr.o(.text)
    _ll_sshift_r                             0x0800072d   Thumb Code     0  llsshr.o(.text)
    _double_round                            0x08000751   Thumb Code    30  depilogue.o(.text)
    _double_epilogue                         0x0800076f   Thumb Code   156  depilogue.o(.text)
    BusFault_Handler                         0x0800080b   Thumb Code     2  stm32f4xx_it.o(i.BusFault_Handler)
    CAN1_RX0_IRQHandler                      0x0800080d   Thumb Code     6  stm32f4xx_it.o(i.CAN1_RX0_IRQHandler)
    CAN1_TX_IRQHandler                       0x08000819   Thumb Code     6  stm32f4xx_it.o(i.CAN1_TX_IRQHandler)
    CAN2_RX0_IRQHandler                      0x08000825   Thumb Code     6  stm32f4xx_it.o(i.CAN2_RX0_IRQHandler)
    CAN2_TX_IRQHandler                       0x08000831   Thumb Code     6  stm32f4xx_it.o(i.CAN2_TX_IRQHandler)
    DMA1_Stream1_IRQHandler                  0x0800083d   Thumb Code     6  stm32f4xx_it.o(i.DMA1_Stream1_IRQHandler)
    DMA2_Stream1_IRQHandler                  0x08000849   Thumb Code     6  stm32f4xx_it.o(i.DMA2_Stream1_IRQHandler)
    DMA2_Stream2_IRQHandler                  0x08000855   Thumb Code     6  stm32f4xx_it.o(i.DMA2_Stream2_IRQHandler)
    DMA2_Stream6_IRQHandler                  0x08000861   Thumb Code     6  stm32f4xx_it.o(i.DMA2_Stream6_IRQHandler)
    DMA2_Stream7_IRQHandler                  0x0800086d   Thumb Code     6  stm32f4xx_it.o(i.DMA2_Stream7_IRQHandler)
    DebugMon_Handler                         0x0800091d   Thumb Code     2  stm32f4xx_it.o(i.DebugMon_Handler)
    EXTI0_IRQHandler                         0x0800091f   Thumb Code     6  stm32f4xx_it.o(i.EXTI0_IRQHandler)
    Error_Handler                            0x08000925   Thumb Code     4  main.o(i.Error_Handler)
    HAL_CAN_ErrorCallback                    0x08000929   Thumb Code     2  stm32f4xx_hal_can.o(i.HAL_CAN_ErrorCallback)
    HAL_CAN_IRQHandler                       0x0800092b   Thumb Code   508  stm32f4xx_hal_can.o(i.HAL_CAN_IRQHandler)
    HAL_CAN_Init                             0x08000b27   Thumb Code   282  stm32f4xx_hal_can.o(i.HAL_CAN_Init)
    HAL_CAN_MspInit                          0x08000c41   Thumb Code   258  can.o(i.HAL_CAN_MspInit)
    HAL_CAN_RxFifo0FullCallback              0x08000d5d   Thumb Code     2  stm32f4xx_hal_can.o(i.HAL_CAN_RxFifo0FullCallback)
    HAL_CAN_RxFifo0MsgPendingCallback        0x08000d5f   Thumb Code     2  stm32f4xx_hal_can.o(i.HAL_CAN_RxFifo0MsgPendingCallback)
    HAL_CAN_RxFifo1FullCallback              0x08000d61   Thumb Code     2  stm32f4xx_hal_can.o(i.HAL_CAN_RxFifo1FullCallback)
    HAL_CAN_RxFifo1MsgPendingCallback        0x08000d63   Thumb Code     2  stm32f4xx_hal_can.o(i.HAL_CAN_RxFifo1MsgPendingCallback)
    HAL_CAN_SleepCallback                    0x08000d65   Thumb Code     2  stm32f4xx_hal_can.o(i.HAL_CAN_SleepCallback)
    HAL_CAN_TxMailbox0AbortCallback          0x08000d67   Thumb Code     2  stm32f4xx_hal_can.o(i.HAL_CAN_TxMailbox0AbortCallback)
    HAL_CAN_TxMailbox0CompleteCallback       0x08000d69   Thumb Code     2  stm32f4xx_hal_can.o(i.HAL_CAN_TxMailbox0CompleteCallback)
    HAL_CAN_TxMailbox1AbortCallback          0x08000d6b   Thumb Code     2  stm32f4xx_hal_can.o(i.HAL_CAN_TxMailbox1AbortCallback)
    HAL_CAN_TxMailbox1CompleteCallback       0x08000d6d   Thumb Code     2  stm32f4xx_hal_can.o(i.HAL_CAN_TxMailbox1CompleteCallback)
    HAL_CAN_TxMailbox2AbortCallback          0x08000d6f   Thumb Code     2  stm32f4xx_hal_can.o(i.HAL_CAN_TxMailbox2AbortCallback)
    HAL_CAN_TxMailbox2CompleteCallback       0x08000d71   Thumb Code     2  stm32f4xx_hal_can.o(i.HAL_CAN_TxMailbox2CompleteCallback)
    HAL_CAN_WakeUpFromRxMsgCallback          0x08000d73   Thumb Code     2  stm32f4xx_hal_can.o(i.HAL_CAN_WakeUpFromRxMsgCallback)
    HAL_DMA_Abort                            0x08000d75   Thumb Code   146  stm32f4xx_hal_dma.o(i.HAL_DMA_Abort)
    HAL_DMA_Abort_IT                         0x08000e07   Thumb Code    36  stm32f4xx_hal_dma.o(i.HAL_DMA_Abort_IT)
    HAL_DMA_IRQHandler                       0x08000e2d   Thumb Code   412  stm32f4xx_hal_dma.o(i.HAL_DMA_IRQHandler)
    HAL_DMA_Init                             0x08000fcd   Thumb Code   206  stm32f4xx_hal_dma.o(i.HAL_DMA_Init)
    HAL_DMA_Start_IT                         0x080010a1   Thumb Code   110  stm32f4xx_hal_dma.o(i.HAL_DMA_Start_IT)
    HAL_GPIO_EXTI_Callback                   0x0800110f   Thumb Code     2  stm32f4xx_hal_gpio.o(i.HAL_GPIO_EXTI_Callback)
    HAL_GPIO_EXTI_IRQHandler                 0x08001111   Thumb Code    18  stm32f4xx_hal_gpio.o(i.HAL_GPIO_EXTI_IRQHandler)
    HAL_GPIO_Init                            0x08001129   Thumb Code   450  stm32f4xx_hal_gpio.o(i.HAL_GPIO_Init)
    HAL_GPIO_TogglePin                       0x08001319   Thumb Code    16  stm32f4xx_hal_gpio.o(i.HAL_GPIO_TogglePin)
    HAL_GPIO_WritePin                        0x08001329   Thumb Code    10  stm32f4xx_hal_gpio.o(i.HAL_GPIO_WritePin)
    HAL_GetTick                              0x08001335   Thumb Code     6  stm32f4xx_hal.o(i.HAL_GetTick)
    HAL_I2C_Init                             0x08001341   Thumb Code   376  stm32f4xx_hal_i2c.o(i.HAL_I2C_Init)
    HAL_I2C_MspInit                          0x080014c9   Thumb Code    94  i2c.o(i.HAL_I2C_MspInit)
    HAL_IncTick                              0x08001535   Thumb Code    12  stm32f4xx_hal.o(i.HAL_IncTick)
    HAL_Init                                 0x08001545   Thumb Code    48  stm32f4xx_hal.o(i.HAL_Init)
    HAL_InitTick                             0x08001579   Thumb Code   120  stm32f4xx_hal_timebase_tim.o(i.HAL_InitTick)
    HAL_MspInit                              0x08001605   Thumb Code    52  stm32f4xx_hal_msp.o(i.HAL_MspInit)
    HAL_NVIC_EnableIRQ                       0x0800163d   Thumb Code    26  stm32f4xx_hal_cortex.o(i.HAL_NVIC_EnableIRQ)
    HAL_NVIC_SetPriority                     0x08001659   Thumb Code    60  stm32f4xx_hal_cortex.o(i.HAL_NVIC_SetPriority)
    HAL_NVIC_SetPriorityGrouping             0x08001699   Thumb Code    26  stm32f4xx_hal_cortex.o(i.HAL_NVIC_SetPriorityGrouping)
    HAL_PCDEx_LPM_Callback                   0x080016bd   Thumb Code     2  stm32f4xx_hal_pcd_ex.o(i.HAL_PCDEx_LPM_Callback)
    HAL_PCD_ConnectCallback                  0x080016bf   Thumb Code     8  usbd_conf.o(i.HAL_PCD_ConnectCallback)
    HAL_PCD_DataInStageCallback              0x080016c7   Thumb Code    18  usbd_conf.o(i.HAL_PCD_DataInStageCallback)
    HAL_PCD_DataOutStageCallback             0x080016d9   Thumb Code    20  usbd_conf.o(i.HAL_PCD_DataOutStageCallback)
    HAL_PCD_DisconnectCallback               0x080016ed   Thumb Code     8  usbd_conf.o(i.HAL_PCD_DisconnectCallback)
    HAL_PCD_EP_Abort                         0x080016f5   Thumb Code    30  stm32f4xx_hal_pcd.o(i.HAL_PCD_EP_Abort)
    HAL_PCD_EP_ClrStall                      0x08001713   Thumb Code    92  stm32f4xx_hal_pcd.o(i.HAL_PCD_EP_ClrStall)
    HAL_PCD_EP_Open                          0x0800176f   Thumb Code    96  stm32f4xx_hal_pcd.o(i.HAL_PCD_EP_Open)
    HAL_PCD_EP_Receive                       0x080017cf   Thumb Code    72  stm32f4xx_hal_pcd.o(i.HAL_PCD_EP_Receive)
    HAL_PCD_EP_SetStall                      0x08001817   Thumb Code   116  stm32f4xx_hal_pcd.o(i.HAL_PCD_EP_SetStall)
    HAL_PCD_EP_Transmit                      0x0800188b   Thumb Code    64  stm32f4xx_hal_pcd.o(i.HAL_PCD_EP_Transmit)
    HAL_PCD_IRQHandler                       0x080018cd   Thumb Code  1376  stm32f4xx_hal_pcd.o(i.HAL_PCD_IRQHandler)
    HAL_PCD_ISOINIncompleteCallback          0x08001e2d   Thumb Code     8  usbd_conf.o(i.HAL_PCD_ISOINIncompleteCallback)
    HAL_PCD_ISOOUTIncompleteCallback         0x08001e35   Thumb Code     8  usbd_conf.o(i.HAL_PCD_ISOOUTIncompleteCallback)
    HAL_PCD_ResetCallback                    0x08001e3d   Thumb Code    44  usbd_conf.o(i.HAL_PCD_ResetCallback)
    HAL_PCD_ResumeCallback                   0x08001e69   Thumb Code     8  usbd_conf.o(i.HAL_PCD_ResumeCallback)
    HAL_PCD_SOFCallback                      0x08001e71   Thumb Code     8  usbd_conf.o(i.HAL_PCD_SOFCallback)
    HAL_PCD_SetAddress                       0x08001e79   Thumb Code    40  stm32f4xx_hal_pcd.o(i.HAL_PCD_SetAddress)
    HAL_PCD_SetupStageCallback               0x08001ea1   Thumb Code    14  usbd_conf.o(i.HAL_PCD_SetupStageCallback)
    HAL_PCD_SuspendCallback                  0x08001eb1   Thumb Code    44  usbd_conf.o(i.HAL_PCD_SuspendCallback)
    HAL_RCC_ClockConfig                      0x08001ee1   Thumb Code   288  stm32f4xx_hal_rcc.o(i.HAL_RCC_ClockConfig)
    HAL_RCC_GetClockConfig                   0x08002015   Thumb Code    54  stm32f4xx_hal_rcc.o(i.HAL_RCC_GetClockConfig)
    HAL_RCC_GetHCLKFreq                      0x08002055   Thumb Code     6  stm32f4xx_hal_rcc.o(i.HAL_RCC_GetHCLKFreq)
    HAL_RCC_GetPCLK1Freq                     0x08002061   Thumb Code    20  stm32f4xx_hal_rcc.o(i.HAL_RCC_GetPCLK1Freq)
    HAL_RCC_GetPCLK2Freq                     0x08002081   Thumb Code    20  stm32f4xx_hal_rcc.o(i.HAL_RCC_GetPCLK2Freq)
    HAL_RCC_GetSysClockFreq                  0x080020a1   Thumb Code    88  stm32f4xx_hal_rcc.o(i.HAL_RCC_GetSysClockFreq)
    HAL_RCC_OscConfig                        0x08002105   Thumb Code   856  stm32f4xx_hal_rcc.o(i.HAL_RCC_OscConfig)
    HAL_RNG_Init                             0x08002471   Thumb Code    50  stm32f4xx_hal_rng.o(i.HAL_RNG_Init)
    HAL_RNG_MspInit                          0x080024a5   Thumb Code    30  rng.o(i.HAL_RNG_MspInit)
    HAL_SPI_Init                             0x080024cd   Thumb Code   188  stm32f4xx_hal_spi.o(i.HAL_SPI_Init)
    HAL_SPI_MspInit                          0x08002589   Thumb Code   128  spi.o(i.HAL_SPI_MspInit)
    HAL_TIMEx_BreakCallback                  0x08002619   Thumb Code     2  stm32f4xx_hal_tim_ex.o(i.HAL_TIMEx_BreakCallback)
    HAL_TIMEx_CommutCallback                 0x0800261b   Thumb Code     2  stm32f4xx_hal_tim_ex.o(i.HAL_TIMEx_CommutCallback)
    HAL_TIM_Base_Init                        0x0800261d   Thumb Code    90  stm32f4xx_hal_tim.o(i.HAL_TIM_Base_Init)
    HAL_TIM_Base_MspInit                     0x08002677   Thumb Code     2  stm32f4xx_hal_tim.o(i.HAL_TIM_Base_MspInit)
    HAL_TIM_Base_Start_IT                    0x08002679   Thumb Code   100  stm32f4xx_hal_tim.o(i.HAL_TIM_Base_Start_IT)
    HAL_TIM_IC_CaptureCallback               0x080026f9   Thumb Code     2  stm32f4xx_hal_tim.o(i.HAL_TIM_IC_CaptureCallback)
    HAL_TIM_IRQHandler                       0x080026fb   Thumb Code   358  stm32f4xx_hal_tim.o(i.HAL_TIM_IRQHandler)
    HAL_TIM_OC_DelayElapsedCallback          0x08002861   Thumb Code     2  stm32f4xx_hal_tim.o(i.HAL_TIM_OC_DelayElapsedCallback)
    HAL_TIM_PWM_PulseFinishedCallback        0x08002863   Thumb Code     2  stm32f4xx_hal_tim.o(i.HAL_TIM_PWM_PulseFinishedCallback)
    HAL_TIM_PeriodElapsedCallback            0x08002865   Thumb Code    14  main.o(i.HAL_TIM_PeriodElapsedCallback)
    HAL_TIM_TriggerCallback                  0x08002879   Thumb Code     2  stm32f4xx_hal_tim.o(i.HAL_TIM_TriggerCallback)
    HAL_UARTEx_RxEventCallback               0x0800287b   Thumb Code     2  stm32f4xx_hal_uart.o(i.HAL_UARTEx_RxEventCallback)
    HAL_UART_ErrorCallback                   0x0800287d   Thumb Code     2  stm32f4xx_hal_uart.o(i.HAL_UART_ErrorCallback)
    HAL_UART_IRQHandler                      0x08002881   Thumb Code   610  stm32f4xx_hal_uart.o(i.HAL_UART_IRQHandler)
    HAL_UART_Init                            0x08002ae9   Thumb Code    98  stm32f4xx_hal_uart.o(i.HAL_UART_Init)
    HAL_UART_MspInit                         0x08002b4d   Thumb Code   602  usart.o(i.HAL_UART_MspInit)
    HAL_UART_Receive_DMA                     0x08002dd9   Thumb Code    42  stm32f4xx_hal_uart.o(i.HAL_UART_Receive_DMA)
    HAL_UART_RxCpltCallback                  0x08002e05   Thumb Code    30  drv_uart.o(i.HAL_UART_RxCpltCallback)
    HAL_UART_RxHalfCpltCallback              0x08002e31   Thumb Code    30  drv_uart.o(i.HAL_UART_RxHalfCpltCallback)
    HAL_UART_Transmit_DMA                    0x08002e5d   Thumb Code   126  stm32f4xx_hal_uart.o(i.HAL_UART_Transmit_DMA)
    HAL_UART_TxCpltCallback                  0x08002ee9   Thumb Code    26  drv_uart.o(i.HAL_UART_TxCpltCallback)
    HAL_UART_TxHalfCpltCallback              0x08002f11   Thumb Code     2  stm32f4xx_hal_uart.o(i.HAL_UART_TxHalfCpltCallback)
    HardFault_Handler                        0x08002f13   Thumb Code     2  stm32f4xx_it.o(i.HardFault_Handler)
    MX_CAN1_Init                             0x08002f15   Thumb Code    62  can.o(i.MX_CAN1_Init)
    MX_CAN2_Init                             0x08002f5d   Thumb Code    62  can.o(i.MX_CAN2_Init)
    MX_DMA_Init                              0x08002fa5   Thumb Code   120  dma.o(i.MX_DMA_Init)
    MX_FREERTOS_Init                         0x08003021   Thumb Code    30  freertos.o(i.MX_FREERTOS_Init)
    MX_GPIO_Init                             0x08003049   Thumb Code   184  gpio.o(i.MX_GPIO_Init)
    MX_I2C1_Init                             0x0800310d   Thumb Code    50  i2c.o(i.MX_I2C1_Init)
    MX_RNG_Init                              0x0800314d   Thumb Code    28  rng.o(i.MX_RNG_Init)
    MX_SPI1_Init                             0x08003171   Thumb Code    62  spi.o(i.MX_SPI1_Init)
    MX_USART1_UART_Init                      0x080031b9   Thumb Code    48  usart.o(i.MX_USART1_UART_Init)
    MX_USART3_UART_Init                      0x080031f1   Thumb Code    50  usart.o(i.MX_USART3_UART_Init)
    MX_USART6_UART_Init                      0x08003231   Thumb Code    48  usart.o(i.MX_USART6_UART_Init)
    MemManage_Handler                        0x08003269   Thumb Code     2  stm32f4xx_it.o(i.MemManage_Handler)
    NMI_Handler                              0x0800326b   Thumb Code     2  stm32f4xx_it.o(i.NMI_Handler)
    OTG_FS_IRQHandler                        0x0800326d   Thumb Code     6  stm32f4xx_it.o(i.OTG_FS_IRQHandler)
    StartDefaultTask                         0x080033f1   Thumb Code    32  init.o(i.StartDefaultTask)
    SysTick_Handler                          0x08003435   Thumb Code    38  port.o(i.SysTick_Handler)
    SystemClock_Config                       0x08003461   Thumb Code   140  main.o(i.SystemClock_Config)
    SystemInit                               0x080034f5   Thumb Code    12  system_stm32f4xx.o(i.SystemInit)
    TIM1_BRK_TIM9_IRQHandler                 0x08003505   Thumb Code     6  stm32f4xx_it.o(i.TIM1_BRK_TIM9_IRQHandler)
    TIM_Base_SetConfig                       0x08003511   Thumb Code   156  stm32f4xx_hal_tim.o(i.TIM_Base_SetConfig)
    UART_Start_Receive_DMA                   0x08003951   Thumb Code   134  stm32f4xx_hal_uart.o(i.UART_Start_Receive_DMA)
    USART1_IRQHandler                        0x080039e5   Thumb Code    16  stm32f4xx_it.o(i.USART1_IRQHandler)
    USART3_IRQHandler                        0x080039f9   Thumb Code     6  stm32f4xx_it.o(i.USART3_IRQHandler)
    USART6_IRQHandler                        0x08003a05   Thumb Code    16  stm32f4xx_it.o(i.USART6_IRQHandler)
    USBD_ClrClassConfig                      0x08003a19   Thumb Code    20  usbd_core.o(i.USBD_ClrClassConfig)
    USBD_CoreFindEP                          0x08003a2d   Thumb Code     4  usbd_core.o(i.USBD_CoreFindEP)
    USBD_CoreFindIF                          0x08003a31   Thumb Code     4  usbd_core.o(i.USBD_CoreFindIF)
    USBD_CtlContinueRx                       0x08003a35   Thumb Code    16  usbd_ioreq.o(i.USBD_CtlContinueRx)
    USBD_CtlContinueSendData                 0x08003a45   Thumb Code    16  usbd_ioreq.o(i.USBD_CtlContinueSendData)
    USBD_CtlError                            0x08003a55   Thumb Code    22  usbd_ctlreq.o(i.USBD_CtlError)
    USBD_CtlReceiveStatus                    0x08003a6b   Thumb Code    22  usbd_ioreq.o(i.USBD_CtlReceiveStatus)
    USBD_CtlSendData                         0x08003a81   Thumb Code    26  usbd_ioreq.o(i.USBD_CtlSendData)
    USBD_CtlSendStatus                       0x08003a9b   Thumb Code    22  usbd_ioreq.o(i.USBD_CtlSendStatus)
    USBD_Get_USB_Status                      0x08003b97   Thumb Code    24  usbd_conf.o(i.USBD_Get_USB_Status)
    USBD_LL_ClearStallEP                     0x08003baf   Thumb Code    18  usbd_conf.o(i.USBD_LL_ClearStallEP)
    USBD_LL_DataInStage                      0x08003bc1   Thumb Code   182  usbd_core.o(i.USBD_LL_DataInStage)
    USBD_LL_DataOutStage                     0x08003c77   Thumb Code   142  usbd_core.o(i.USBD_LL_DataOutStage)
    USBD_LL_DevConnected                     0x08003d05   Thumb Code     4  usbd_core.o(i.USBD_LL_DevConnected)
    USBD_LL_DevDisconnected                  0x08003d09   Thumb Code    30  usbd_core.o(i.USBD_LL_DevDisconnected)
    USBD_LL_IsStallEP                        0x08003d27   Thumb Code    32  usbd_conf.o(i.USBD_LL_IsStallEP)
    USBD_LL_IsoINIncomplete                  0x08003d47   Thumb Code    40  usbd_core.o(i.USBD_LL_IsoINIncomplete)
    USBD_LL_IsoOUTIncomplete                 0x08003d6f   Thumb Code    40  usbd_core.o(i.USBD_LL_IsoOUTIncomplete)
    USBD_LL_OpenEP                           0x08003d97   Thumb Code    24  usbd_conf.o(i.USBD_LL_OpenEP)
    USBD_LL_PrepareReceive                   0x08003daf   Thumb Code    18  usbd_conf.o(i.USBD_LL_PrepareReceive)
    USBD_LL_Reset                            0x08003dc1   Thumb Code    92  usbd_core.o(i.USBD_LL_Reset)
    USBD_LL_Resume                           0x08003e1d   Thumb Code    20  usbd_core.o(i.USBD_LL_Resume)
    USBD_LL_SOF                              0x08003e31   Thumb Code    26  usbd_core.o(i.USBD_LL_SOF)
    USBD_LL_SetSpeed                         0x08003e4b   Thumb Code     6  usbd_core.o(i.USBD_LL_SetSpeed)
    USBD_LL_SetUSBAddress                    0x08003e51   Thumb Code    18  usbd_conf.o(i.USBD_LL_SetUSBAddress)
    USBD_LL_SetupStage                       0x08003e63   Thumb Code    96  usbd_core.o(i.USBD_LL_SetupStage)
    USBD_LL_StallEP                          0x08003ec3   Thumb Code    18  usbd_conf.o(i.USBD_LL_StallEP)
    USBD_LL_Suspend                          0x08003ed5   Thumb Code    18  usbd_core.o(i.USBD_LL_Suspend)
    USBD_LL_Transmit                         0x08003ee7   Thumb Code    18  usbd_conf.o(i.USBD_LL_Transmit)
    USBD_ParseSetupRequest                   0x08003ef9   Thumb Code    44  usbd_ctlreq.o(i.USBD_ParseSetupRequest)
    USBD_SetClassConfig                      0x08003f25   Thumb Code    20  usbd_core.o(i.USBD_SetClassConfig)
    USBD_StdDevReq                           0x08003ff1   Thumb Code   300  usbd_ctlreq.o(i.USBD_StdDevReq)
    USBD_StdEPReq                            0x0800411d   Thumb Code   352  usbd_ctlreq.o(i.USBD_StdEPReq)
    USBD_StdItfReq                           0x0800427d   Thumb Code   114  usbd_ctlreq.o(i.USBD_StdItfReq)
    USB_ActivateEndpoint                     0x080042f1   Thumb Code   122  stm32f4xx_ll_usb.o(i.USB_ActivateEndpoint)
    USB_ActivateSetup                        0x08004371   Thumb Code    28  stm32f4xx_ll_usb.o(i.USB_ActivateSetup)
    USB_EP0StartXfer                         0x0800438d   Thumb Code   280  stm32f4xx_ll_usb.o(i.USB_EP0StartXfer)
    USB_EP0_OutStart                         0x080044a9   Thumb Code    84  stm32f4xx_ll_usb.o(i.USB_EP0_OutStart)
    USB_EPClearStall                         0x08004501   Thumb Code    88  stm32f4xx_ll_usb.o(i.USB_EPClearStall)
    USB_EPSetStall                           0x08004559   Thumb Code    88  stm32f4xx_ll_usb.o(i.USB_EPSetStall)
    USB_EPStartXfer                          0x080045b1   Thumb Code   480  stm32f4xx_ll_usb.o(i.USB_EPStartXfer)
    USB_EPStopXfer                           0x08004795   Thumb Code   158  stm32f4xx_ll_usb.o(i.USB_EPStopXfer)
    USB_FlushTxFifo                          0x08004835   Thumb Code    58  stm32f4xx_ll_usb.o(i.USB_FlushTxFifo)
    USB_GetDevSpeed                          0x08004875   Thumb Code    26  stm32f4xx_ll_usb.o(i.USB_GetDevSpeed)
    USB_GetMode                              0x0800488f   Thumb Code     8  stm32f4xx_ll_usb.o(i.USB_GetMode)
    USB_ReadDevAllInEpInterrupt              0x08004897   Thumb Code    14  stm32f4xx_ll_usb.o(i.USB_ReadDevAllInEpInterrupt)
    USB_ReadDevAllOutEpInterrupt             0x080048a5   Thumb Code    14  stm32f4xx_ll_usb.o(i.USB_ReadDevAllOutEpInterrupt)
    USB_ReadDevInEPInterrupt                 0x080048b3   Thumb Code    36  stm32f4xx_ll_usb.o(i.USB_ReadDevInEPInterrupt)
    USB_ReadDevOutEPInterrupt                0x080048d7   Thumb Code    16  stm32f4xx_ll_usb.o(i.USB_ReadDevOutEPInterrupt)
    USB_ReadInterrupts                       0x080048e7   Thumb Code     8  stm32f4xx_ll_usb.o(i.USB_ReadInterrupts)
    USB_ReadPacket                           0x080048ef   Thumb Code    62  stm32f4xx_ll_usb.o(i.USB_ReadPacket)
    USB_SetDevAddress                        0x0800492d   Thumb Code    34  stm32f4xx_ll_usb.o(i.USB_SetDevAddress)
    USB_SetTurnaroundTime                    0x08004951   Thumb Code   158  stm32f4xx_ll_usb.o(i.USB_SetTurnaroundTime)
    USB_WritePacket                          0x08004a39   Thumb Code    40  stm32f4xx_ll_usb.o(i.USB_WritePacket)
    UsageFault_Handler                       0x08004a61   Thumb Code     2  stm32f4xx_it.o(i.UsageFault_Handler)
    __0vsnprintf                             0x08004a65   Thumb Code    46  printfa.o(i.__0vsnprintf)
    __1vsnprintf                             0x08004a65   Thumb Code     0  printfa.o(i.__0vsnprintf)
    __2vsnprintf                             0x08004a65   Thumb Code     0  printfa.o(i.__0vsnprintf)
    __c89vsnprintf                           0x08004a65   Thumb Code     0  printfa.o(i.__0vsnprintf)
    vsnprintf                                0x08004a65   Thumb Code     0  printfa.o(i.__0vsnprintf)
    __scatterload_copy                       0x08004ab9   Thumb Code    14  handlers.o(i.__scatterload_copy)
    __scatterload_null                       0x08004ac7   Thumb Code     2  handlers.o(i.__scatterload_null)
    __scatterload_zeroinit                   0x08004ac9   Thumb Code    14  handlers.o(i.__scatterload_zeroinit)
    fifo_s_gets                              0x08005379   Thumb Code   118  fifo.o(i.fifo_s_gets)
    fifo_s_init                              0x080053ef   Thumb Code    24  fifo.o(i.fifo_s_init)
    fifo_s_puts                              0x08005407   Thumb Code   116  fifo.o(i.fifo_s_puts)
    log_printf                               0x0800547b   Thumb Code    32  log.o(i.log_printf)
    main                                     0x0800549b   Thumb Code    58  main.o(i.main)
    osDelay                                  0x080054e1   Thumb Code    14  cmsis_os.o(i.osDelay)
    osKernelStart                            0x080054ef   Thumb Code    10  cmsis_os.o(i.osKernelStart)
    osThreadCreate                           0x080054f9   Thumb Code    84  cmsis_os.o(i.osThreadCreate)
    pvPortMalloc                             0x08005899   Thumb Code   216  heap_4.o(i.pvPortMalloc)
    pxPortInitialiseStack                    0x08005975   Thumb Code    40  port.o(i.pxPortInitialiseStack)
    usart1_idle_callback                     0x080059a1   Thumb Code    32  drv_uart.o(i.usart1_idle_callback)
    usart1_manage_init                       0x080059c9   Thumb Code    82  drv_uart.o(i.usart1_manage_init)
    usart1_transmit                          0x08005a29   Thumb Code    10  drv_uart.o(i.usart1_transmit)
    usart6_idle_callback                     0x08005a39   Thumb Code    32  drv_uart.o(i.usart6_idle_callback)
    usart_transmit                           0x08005aaf   Thumb Code   114  drv_uart.o(i.usart_transmit)
    uxListRemove                             0x08005b5d   Thumb Code    38  list.o(i.uxListRemove)
    vApplicationGetIdleTaskMemory            0x08005b85   Thumb Code    16  freertos.o(i.vApplicationGetIdleTaskMemory)
    vListInitialise                          0x08005b99   Thumb Code    22  list.o(i.vListInitialise)
    vListInitialiseItem                      0x08005baf   Thumb Code     6  list.o(i.vListInitialiseItem)
    vListInsert                              0x08005bb5   Thumb Code    48  list.o(i.vListInsert)
    vListInsertEnd                           0x08005be5   Thumb Code    24  list.o(i.vListInsertEnd)
    vPortEnterCritical                       0x08005bfd   Thumb Code    54  port.o(i.vPortEnterCritical)
    vPortExitCritical                        0x08005c3d   Thumb Code    34  port.o(i.vPortExitCritical)
    vPortFree                                0x08005c65   Thumb Code    94  heap_4.o(i.vPortFree)
    vPortSetupTimerInterrupt                 0x08005cc9   Thumb Code    32  port.o(i.vPortSetupTimerInterrupt)
    vTaskDelay                               0x08005ced   Thumb Code    66  tasks.o(i.vTaskDelay)
    vTaskStartScheduler                      0x08005d39   Thumb Code    90  tasks.o(i.vTaskStartScheduler)
    vTaskSuspendAll                          0x08005da5   Thumb Code    10  tasks.o(i.vTaskSuspendAll)
    vTaskSwitchContext                       0x08005db5   Thumb Code    82  tasks.o(i.vTaskSwitchContext)
    xPortStartScheduler                      0x08005e11   Thumb Code   222  port.o(i.xPortStartScheduler)
    xTaskCreate                              0x08005f05   Thumb Code    90  tasks.o(i.xTaskCreate)
    xTaskCreateStatic                        0x08005f5f   Thumb Code    86  tasks.o(i.xTaskCreateStatic)
    xTaskIncrementTick                       0x08005fb5   Thumb Code   194  tasks.o(i.xTaskIncrementTick)
    xTaskResumeAll                           0x08006081   Thumb Code   182  tasks.o(i.xTaskResumeAll)
    AHBPrescTable                            0x08006168   Data          16  system_stm32f4xx.o(.constdata)
    APBPrescTable                            0x08006178   Data           8  system_stm32f4xx.o(.constdata)
    Region$$Table$$Base                      0x0800618c   Number         0  anon$$obj.o(Region$$Table)
    Region$$Table$$Limit                     0x080061ac   Number         0  anon$$obj.o(Region$$Table)
    uwTickFreq                               0x20000000   Data           1  stm32f4xx_hal.o(.data)
    uwTickPrio                               0x20000004   Data           4  stm32f4xx_hal.o(.data)
    uwTick                                   0x20000008   Data           4  stm32f4xx_hal.o(.data)
    pxCurrentTCB                             0x2000000c   Data           4  tasks.o(.data)
    defaultTaskHandle                        0x20000074   Data           4  freertos.o(.data)
    SystemCoreClock                          0x2000007c   Data           4  system_stm32f4xx.o(.data)
    hcan1                                    0x20003fc8   Data          40  can.o(.bss)
    hcan2                                    0x20003ff0   Data          40  can.o(.bss)
    hi2c1                                    0x20004018   Data          84  i2c.o(.bss)
    hrng                                     0x2000406c   Data          16  rng.o(.bss)
    hspi1                                    0x2000407c   Data          88  spi.o(.bss)
    huart1                                   0x200040d4   Data          68  usart.o(.bss)
    huart3                                   0x20004118   Data          68  usart.o(.bss)
    huart6                                   0x2000415c   Data          68  usart.o(.bss)
    hdma_usart1_rx                           0x200041a0   Data          96  usart.o(.bss)
    hdma_usart1_tx                           0x20004200   Data          96  usart.o(.bss)
    hdma_usart3_rx                           0x20004260   Data          96  usart.o(.bss)
    hdma_usart6_rx                           0x200042c0   Data          96  usart.o(.bss)
    hdma_usart6_tx                           0x20004320   Data          96  usart.o(.bss)
    htim9                                    0x20004380   Data          72  stm32f4xx_hal_timebase_tim.o(.bss)
    hpcd_USB_OTG_FS                          0x200045e8   Data        1292  usbd_conf.o(.bss)
    usart1_manage_obj                        0x20004af4   Data          68  drv_uart.o(.bss)
    usart6_manage_obj                        0x20004b38   Data          68  drv_uart.o(.bss)
    __initial_sp                             0x20007f80   Data           0  startup_stm32f407xx.o(STACK)



==============================================================================

Memory Map of the image

  Image Entry point : 0x08000189

  Load Region LR_IROM1 (Base: 0x08000000, Size: 0x00006230, Max: 0x00100000, ABSOLUTE)

    Execution Region ER_IROM1 (Exec base: 0x08000000, Load base: 0x08000000, Size: 0x000061ac, Max: 0x00100000, ABSOLUTE)

    Exec Addr    Load Addr    Size         Type   Attr      Idx    E Section Name        Object

    0x08000000   0x08000000   0x00000188   Data   RO            3    RESET               startup_stm32f407xx.o
    0x08000188   0x08000188   0x00000000   Code   RO         7631  * .ARM.Collect$$$$00000000  mc_w.l(entry.o)
    0x08000188   0x08000188   0x00000004   Code   RO         7698    .ARM.Collect$$$$00000001  mc_w.l(entry2.o)
    0x0800018c   0x0800018c   0x00000004   Code   RO         7701    .ARM.Collect$$$$00000004  mc_w.l(entry5.o)
    0x08000190   0x08000190   0x00000000   Code   RO         7703    .ARM.Collect$$$$00000008  mc_w.l(entry7b.o)
    0x08000190   0x08000190   0x00000000   Code   RO         7705    .ARM.Collect$$$$0000000A  mc_w.l(entry8b.o)
    0x08000190   0x08000190   0x00000008   Code   RO         7706    .ARM.Collect$$$$0000000B  mc_w.l(entry9a.o)
    0x08000198   0x08000198   0x00000004   Code   RO         7713    .ARM.Collect$$$$0000000E  mc_w.l(entry12b.o)
    0x0800019c   0x0800019c   0x00000000   Code   RO         7708    .ARM.Collect$$$$0000000F  mc_w.l(entry10a.o)
    0x0800019c   0x0800019c   0x00000000   Code   RO         7710    .ARM.Collect$$$$00000011  mc_w.l(entry11a.o)
    0x0800019c   0x0800019c   0x00000004   Code   RO         7699    .ARM.Collect$$$$00002712  mc_w.l(entry2.o)
    0x080001a0   0x080001a0   0x000000be   Code   RO         5564    .emb_text           port.o
    0x0800025e   0x0800025e   0x00000002   PAD
    0x08000260   0x08000260   0x00000024   Code   RO            4    .text               startup_stm32f407xx.o
    0x08000284   0x08000284   0x00000062   Code   RO         7634    .text               mc_w.l(uldiv.o)
    0x080002e6   0x080002e6   0x00000024   Code   RO         7636    .text               mc_w.l(memcpya.o)
    0x0800030a   0x0800030a   0x00000024   Code   RO         7638    .text               mc_w.l(memseta.o)
    0x0800032e   0x0800032e   0x0000002c   Code   RO         7717    .text               mc_w.l(uidiv.o)
    0x0800035a   0x0800035a   0x0000001e   Code   RO         7719    .text               mc_w.l(llshl.o)
    0x08000378   0x08000378   0x00000020   Code   RO         7721    .text               mc_w.l(llushr.o)
    0x08000398   0x08000398   0x00000000   Code   RO         7725    .text               mc_w.l(iusefp.o)
    0x08000398   0x08000398   0x0000014e   Code   RO         7726    .text               mf_w.l(dadd.o)
    0x080004e6   0x080004e6   0x000000e4   Code   RO         7728    .text               mf_w.l(dmul.o)
    0x080005ca   0x080005ca   0x000000de   Code   RO         7730    .text               mf_w.l(ddiv.o)
    0x080006a8   0x080006a8   0x00000030   Code   RO         7732    .text               mf_w.l(dfixul.o)
    0x080006d8   0x080006d8   0x00000030   Code   RO         7734    .text               mf_w.l(cdrcmple.o)
    0x08000708   0x08000708   0x00000024   Code   RO         7736    .text               mc_w.l(init.o)
    0x0800072c   0x0800072c   0x00000024   Code   RO         7739    .text               mc_w.l(llsshr.o)
    0x08000750   0x08000750   0x000000ba   Code   RO         7742    .text               mf_w.l(depilogue.o)
    0x0800080a   0x0800080a   0x00000002   Code   RO         6066    i.BusFault_Handler  stm32f4xx_it.o
    0x0800080c   0x0800080c   0x0000000c   Code   RO         6067    i.CAN1_RX0_IRQHandler  stm32f4xx_it.o
    0x08000818   0x08000818   0x0000000c   Code   RO         6068    i.CAN1_TX_IRQHandler  stm32f4xx_it.o
    0x08000824   0x08000824   0x0000000c   Code   RO         6069    i.CAN2_RX0_IRQHandler  stm32f4xx_it.o
    0x08000830   0x08000830   0x0000000c   Code   RO         6070    i.CAN2_TX_IRQHandler  stm32f4xx_it.o
    0x0800083c   0x0800083c   0x0000000c   Code   RO         6071    i.DMA1_Stream1_IRQHandler  stm32f4xx_it.o
    0x08000848   0x08000848   0x0000000c   Code   RO         6072    i.DMA2_Stream1_IRQHandler  stm32f4xx_it.o
    0x08000854   0x08000854   0x0000000c   Code   RO         6073    i.DMA2_Stream2_IRQHandler  stm32f4xx_it.o
    0x08000860   0x08000860   0x0000000c   Code   RO         6074    i.DMA2_Stream6_IRQHandler  stm32f4xx_it.o
    0x0800086c   0x0800086c   0x0000000c   Code   RO         6075    i.DMA2_Stream7_IRQHandler  stm32f4xx_it.o
    0x08000878   0x08000878   0x00000028   Code   RO          758    i.DMA_CalcBaseAndBitshift  stm32f4xx_hal_dma.o
    0x080008a0   0x080008a0   0x00000054   Code   RO          759    i.DMA_CheckFifoParam  stm32f4xx_hal_dma.o
    0x080008f4   0x080008f4   0x00000028   Code   RO          760    i.DMA_SetConfig     stm32f4xx_hal_dma.o
    0x0800091c   0x0800091c   0x00000002   Code   RO         6076    i.DebugMon_Handler  stm32f4xx_it.o
    0x0800091e   0x0800091e   0x00000006   Code   RO         6077    i.EXTI0_IRQHandler  stm32f4xx_it.o
    0x08000924   0x08000924   0x00000004   Code   RO         5644    i.Error_Handler     main.o
    0x08000928   0x08000928   0x00000002   Code   RO          359    i.HAL_CAN_ErrorCallback  stm32f4xx_hal_can.o
    0x0800092a   0x0800092a   0x000001fc   Code   RO          366    i.HAL_CAN_IRQHandler  stm32f4xx_hal_can.o
    0x08000b26   0x08000b26   0x0000011a   Code   RO          367    i.HAL_CAN_Init      stm32f4xx_hal_can.o
    0x08000c40   0x08000c40   0x0000011c   Code   RO         5790    i.HAL_CAN_MspInit   can.o
    0x08000d5c   0x08000d5c   0x00000002   Code   RO          374    i.HAL_CAN_RxFifo0FullCallback  stm32f4xx_hal_can.o
    0x08000d5e   0x08000d5e   0x00000002   Code   RO          375    i.HAL_CAN_RxFifo0MsgPendingCallback  stm32f4xx_hal_can.o
    0x08000d60   0x08000d60   0x00000002   Code   RO          376    i.HAL_CAN_RxFifo1FullCallback  stm32f4xx_hal_can.o
    0x08000d62   0x08000d62   0x00000002   Code   RO          377    i.HAL_CAN_RxFifo1MsgPendingCallback  stm32f4xx_hal_can.o
    0x08000d64   0x08000d64   0x00000002   Code   RO          378    i.HAL_CAN_SleepCallback  stm32f4xx_hal_can.o
    0x08000d66   0x08000d66   0x00000002   Code   RO          381    i.HAL_CAN_TxMailbox0AbortCallback  stm32f4xx_hal_can.o
    0x08000d68   0x08000d68   0x00000002   Code   RO          382    i.HAL_CAN_TxMailbox0CompleteCallback  stm32f4xx_hal_can.o
    0x08000d6a   0x08000d6a   0x00000002   Code   RO          383    i.HAL_CAN_TxMailbox1AbortCallback  stm32f4xx_hal_can.o
    0x08000d6c   0x08000d6c   0x00000002   Code   RO          384    i.HAL_CAN_TxMailbox1CompleteCallback  stm32f4xx_hal_can.o
    0x08000d6e   0x08000d6e   0x00000002   Code   RO          385    i.HAL_CAN_TxMailbox2AbortCallback  stm32f4xx_hal_can.o
    0x08000d70   0x08000d70   0x00000002   Code   RO          386    i.HAL_CAN_TxMailbox2CompleteCallback  stm32f4xx_hal_can.o
    0x08000d72   0x08000d72   0x00000002   Code   RO          388    i.HAL_CAN_WakeUpFromRxMsgCallback  stm32f4xx_hal_can.o
    0x08000d74   0x08000d74   0x00000092   Code   RO          761    i.HAL_DMA_Abort     stm32f4xx_hal_dma.o
    0x08000e06   0x08000e06   0x00000024   Code   RO          762    i.HAL_DMA_Abort_IT  stm32f4xx_hal_dma.o
    0x08000e2a   0x08000e2a   0x00000002   PAD
    0x08000e2c   0x08000e2c   0x000001a0   Code   RO          766    i.HAL_DMA_IRQHandler  stm32f4xx_hal_dma.o
    0x08000fcc   0x08000fcc   0x000000d4   Code   RO          767    i.HAL_DMA_Init      stm32f4xx_hal_dma.o
    0x080010a0   0x080010a0   0x0000006e   Code   RO          771    i.HAL_DMA_Start_IT  stm32f4xx_hal_dma.o
    0x0800110e   0x0800110e   0x00000002   Code   RO         1156    i.HAL_GPIO_EXTI_Callback  stm32f4xx_hal_gpio.o
    0x08001110   0x08001110   0x00000018   Code   RO         1157    i.HAL_GPIO_EXTI_IRQHandler  stm32f4xx_hal_gpio.o
    0x08001128   0x08001128   0x000001f0   Code   RO         1158    i.HAL_GPIO_Init     stm32f4xx_hal_gpio.o
    0x08001318   0x08001318   0x00000010   Code   RO         1161    i.HAL_GPIO_TogglePin  stm32f4xx_hal_gpio.o
    0x08001328   0x08001328   0x0000000a   Code   RO         1162    i.HAL_GPIO_WritePin  stm32f4xx_hal_gpio.o
    0x08001332   0x08001332   0x00000002   PAD
    0x08001334   0x08001334   0x0000000c   Code   RO           26    i.HAL_GetTick       stm32f4xx_hal.o
    0x08001340   0x08001340   0x00000188   Code   RO         1232    i.HAL_I2C_Init      stm32f4xx_hal_i2c.o
    0x080014c8   0x080014c8   0x0000006c   Code   RO         5887    i.HAL_I2C_MspInit   i2c.o
    0x08001534   0x08001534   0x00000010   Code   RO           32    i.HAL_IncTick       stm32f4xx_hal.o
    0x08001544   0x08001544   0x00000034   Code   RO           33    i.HAL_Init          stm32f4xx_hal.o
    0x08001578   0x08001578   0x0000008c   Code   RO         6282    i.HAL_InitTick      stm32f4xx_hal_timebase_tim.o
    0x08001604   0x08001604   0x00000038   Code   RO         6321    i.HAL_MspInit       stm32f4xx_hal_msp.o
    0x0800163c   0x0800163c   0x0000001a   Code   RO          592    i.HAL_NVIC_EnableIRQ  stm32f4xx_hal_cortex.o
    0x08001656   0x08001656   0x00000002   PAD
    0x08001658   0x08001658   0x00000040   Code   RO          598    i.HAL_NVIC_SetPriority  stm32f4xx_hal_cortex.o
    0x08001698   0x08001698   0x00000024   Code   RO          599    i.HAL_NVIC_SetPriorityGrouping  stm32f4xx_hal_cortex.o
    0x080016bc   0x080016bc   0x00000002   Code   RO         4084    i.HAL_PCDEx_LPM_Callback  stm32f4xx_hal_pcd_ex.o
    0x080016be   0x080016be   0x00000008   Code   RO         6544    i.HAL_PCD_ConnectCallback  usbd_conf.o
    0x080016c6   0x080016c6   0x00000012   Code   RO         6545    i.HAL_PCD_DataInStageCallback  usbd_conf.o
    0x080016d8   0x080016d8   0x00000014   Code   RO         6546    i.HAL_PCD_DataOutStageCallback  usbd_conf.o
    0x080016ec   0x080016ec   0x00000008   Code   RO         6547    i.HAL_PCD_DisconnectCallback  usbd_conf.o
    0x080016f4   0x080016f4   0x0000001e   Code   RO         3854    i.HAL_PCD_EP_Abort  stm32f4xx_hal_pcd.o
    0x08001712   0x08001712   0x0000005c   Code   RO         3856    i.HAL_PCD_EP_ClrStall  stm32f4xx_hal_pcd.o
    0x0800176e   0x0800176e   0x00000060   Code   RO         3859    i.HAL_PCD_EP_Open   stm32f4xx_hal_pcd.o
    0x080017ce   0x080017ce   0x00000048   Code   RO         3860    i.HAL_PCD_EP_Receive  stm32f4xx_hal_pcd.o
    0x08001816   0x08001816   0x00000074   Code   RO         3861    i.HAL_PCD_EP_SetStall  stm32f4xx_hal_pcd.o
    0x0800188a   0x0800188a   0x00000040   Code   RO         3862    i.HAL_PCD_EP_Transmit  stm32f4xx_hal_pcd.o
    0x080018ca   0x080018ca   0x00000002   PAD
    0x080018cc   0x080018cc   0x00000560   Code   RO         3864    i.HAL_PCD_IRQHandler  stm32f4xx_hal_pcd.o
    0x08001e2c   0x08001e2c   0x00000008   Code   RO         6548    i.HAL_PCD_ISOINIncompleteCallback  usbd_conf.o
    0x08001e34   0x08001e34   0x00000008   Code   RO         6549    i.HAL_PCD_ISOOUTIncompleteCallback  usbd_conf.o
    0x08001e3c   0x08001e3c   0x0000002c   Code   RO         6552    i.HAL_PCD_ResetCallback  usbd_conf.o
    0x08001e68   0x08001e68   0x00000008   Code   RO         6553    i.HAL_PCD_ResumeCallback  usbd_conf.o
    0x08001e70   0x08001e70   0x00000008   Code   RO         6554    i.HAL_PCD_SOFCallback  usbd_conf.o
    0x08001e78   0x08001e78   0x00000028   Code   RO         3873    i.HAL_PCD_SetAddress  stm32f4xx_hal_pcd.o
    0x08001ea0   0x08001ea0   0x0000000e   Code   RO         6555    i.HAL_PCD_SetupStageCallback  usbd_conf.o
    0x08001eae   0x08001eae   0x00000002   PAD
    0x08001eb0   0x08001eb0   0x00000030   Code   RO         6556    i.HAL_PCD_SuspendCallback  usbd_conf.o
    0x08001ee0   0x08001ee0   0x00000134   Code   RO         1864    i.HAL_RCC_ClockConfig  stm32f4xx_hal_rcc.o
    0x08002014   0x08002014   0x00000040   Code   RO         1868    i.HAL_RCC_GetClockConfig  stm32f4xx_hal_rcc.o
    0x08002054   0x08002054   0x0000000c   Code   RO         1869    i.HAL_RCC_GetHCLKFreq  stm32f4xx_hal_rcc.o
    0x08002060   0x08002060   0x00000020   Code   RO         1871    i.HAL_RCC_GetPCLK1Freq  stm32f4xx_hal_rcc.o
    0x08002080   0x08002080   0x00000020   Code   RO         1872    i.HAL_RCC_GetPCLK2Freq  stm32f4xx_hal_rcc.o
    0x080020a0   0x080020a0   0x00000064   Code   RO         1873    i.HAL_RCC_GetSysClockFreq  stm32f4xx_hal_rcc.o
    0x08002104   0x08002104   0x0000036c   Code   RO         1876    i.HAL_RCC_OscConfig  stm32f4xx_hal_rcc.o
    0x08002470   0x08002470   0x00000032   Code   RO         2028    i.HAL_RNG_Init      stm32f4xx_hal_rng.o
    0x080024a2   0x080024a2   0x00000002   PAD
    0x080024a4   0x080024a4   0x00000028   Code   RO         5929    i.HAL_RNG_MspInit   rng.o
    0x080024cc   0x080024cc   0x000000bc   Code   RO         2132    i.HAL_SPI_Init      stm32f4xx_hal_spi.o
    0x08002588   0x08002588   0x00000090   Code   RO         5971    i.HAL_SPI_MspInit   spi.o
    0x08002618   0x08002618   0x00000002   Code   RO         3149    i.HAL_TIMEx_BreakCallback  stm32f4xx_hal_tim_ex.o
    0x0800261a   0x0800261a   0x00000002   Code   RO         3150    i.HAL_TIMEx_CommutCallback  stm32f4xx_hal_tim_ex.o
    0x0800261c   0x0800261c   0x0000005a   Code   RO         2445    i.HAL_TIM_Base_Init  stm32f4xx_hal_tim.o
    0x08002676   0x08002676   0x00000002   Code   RO         2447    i.HAL_TIM_Base_MspInit  stm32f4xx_hal_tim.o
    0x08002678   0x08002678   0x00000080   Code   RO         2450    i.HAL_TIM_Base_Start_IT  stm32f4xx_hal_tim.o
    0x080026f8   0x080026f8   0x00000002   Code   RO         2479    i.HAL_TIM_IC_CaptureCallback  stm32f4xx_hal_tim.o
    0x080026fa   0x080026fa   0x00000166   Code   RO         2493    i.HAL_TIM_IRQHandler  stm32f4xx_hal_tim.o
    0x08002860   0x08002860   0x00000002   Code   RO         2496    i.HAL_TIM_OC_DelayElapsedCallback  stm32f4xx_hal_tim.o
    0x08002862   0x08002862   0x00000002   Code   RO         2523    i.HAL_TIM_PWM_PulseFinishedCallback  stm32f4xx_hal_tim.o
    0x08002864   0x08002864   0x00000014   Code   RO         5645    i.HAL_TIM_PeriodElapsedCallback  main.o
    0x08002878   0x08002878   0x00000002   Code   RO         2536    i.HAL_TIM_TriggerCallback  stm32f4xx_hal_tim.o
    0x0800287a   0x0800287a   0x00000002   Code   RO         3427    i.HAL_UARTEx_RxEventCallback  stm32f4xx_hal_uart.o
    0x0800287c   0x0800287c   0x00000002   Code   RO         3441    i.HAL_UART_ErrorCallback  stm32f4xx_hal_uart.o
    0x0800287e   0x0800287e   0x00000002   PAD
    0x08002880   0x08002880   0x00000268   Code   RO         3444    i.HAL_UART_IRQHandler  stm32f4xx_hal_uart.o
    0x08002ae8   0x08002ae8   0x00000062   Code   RO         3445    i.HAL_UART_Init     stm32f4xx_hal_uart.o
    0x08002b4a   0x08002b4a   0x00000002   PAD
    0x08002b4c   0x08002b4c   0x0000028c   Code   RO         6013    i.HAL_UART_MspInit  usart.o
    0x08002dd8   0x08002dd8   0x0000002a   Code   RO         3449    i.HAL_UART_Receive_DMA  stm32f4xx_hal_uart.o
    0x08002e02   0x08002e02   0x00000002   PAD
    0x08002e04   0x08002e04   0x0000002c   Code   RO         7220    i.HAL_UART_RxCpltCallback  drv_uart.o
    0x08002e30   0x08002e30   0x0000002c   Code   RO         7221    i.HAL_UART_RxHalfCpltCallback  drv_uart.o
    0x08002e5c   0x08002e5c   0x0000008c   Code   RO         3454    i.HAL_UART_Transmit_DMA  stm32f4xx_hal_uart.o
    0x08002ee8   0x08002ee8   0x00000028   Code   RO         7222    i.HAL_UART_TxCpltCallback  drv_uart.o
    0x08002f10   0x08002f10   0x00000002   Code   RO         3457    i.HAL_UART_TxHalfCpltCallback  stm32f4xx_hal_uart.o
    0x08002f12   0x08002f12   0x00000002   Code   RO         6078    i.HardFault_Handler  stm32f4xx_it.o
    0x08002f14   0x08002f14   0x00000048   Code   RO         5791    i.MX_CAN1_Init      can.o
    0x08002f5c   0x08002f5c   0x00000048   Code   RO         5792    i.MX_CAN2_Init      can.o
    0x08002fa4   0x08002fa4   0x0000007c   Code   RO         5838    i.MX_DMA_Init       dma.o
    0x08003020   0x08003020   0x00000028   Code   RO         5743    i.MX_FREERTOS_Init  freertos.o
    0x08003048   0x08003048   0x000000c4   Code   RO         5862    i.MX_GPIO_Init      gpio.o
    0x0800310c   0x0800310c   0x00000040   Code   RO         5888    i.MX_I2C1_Init      i2c.o
    0x0800314c   0x0800314c   0x00000024   Code   RO         5930    i.MX_RNG_Init       rng.o
    0x08003170   0x08003170   0x00000048   Code   RO         5972    i.MX_SPI1_Init      spi.o
    0x080031b8   0x080031b8   0x00000038   Code   RO         6014    i.MX_USART1_UART_Init  usart.o
    0x080031f0   0x080031f0   0x00000040   Code   RO         6015    i.MX_USART3_UART_Init  usart.o
    0x08003230   0x08003230   0x00000038   Code   RO         6016    i.MX_USART6_UART_Init  usart.o
    0x08003268   0x08003268   0x00000002   Code   RO         6079    i.MemManage_Handler  stm32f4xx_it.o
    0x0800326a   0x0800326a   0x00000002   Code   RO         6080    i.NMI_Handler       stm32f4xx_it.o
    0x0800326c   0x0800326c   0x0000000c   Code   RO         6081    i.OTG_FS_IRQHandler  stm32f4xx_it.o
    0x08003278   0x08003278   0x000000cc   Code   RO         3880    i.PCD_EP_OutXfrComplete_int  stm32f4xx_hal_pcd.o
    0x08003344   0x08003344   0x000000a2   Code   RO         3881    i.PCD_WriteEmptyTxFifo  stm32f4xx_hal_pcd.o
    0x080033e6   0x080033e6   0x0000000a   Code   RO         6918    i.SWAPBYTE          usbd_ctlreq.o
    0x080033f0   0x080033f0   0x00000044   Code   RO         7341    i.StartDefaultTask  init.o
    0x08003434   0x08003434   0x0000002c   Code   RO         5565    i.SysTick_Handler   port.o
    0x08003460   0x08003460   0x00000094   Code   RO         5646    i.SystemClock_Config  main.o
    0x080034f4   0x080034f4   0x00000010   Code   RO         6245    i.SystemInit        system_stm32f4xx.o
    0x08003504   0x08003504   0x0000000c   Code   RO         6082    i.TIM1_BRK_TIM9_IRQHandler  stm32f4xx_it.o
    0x08003510   0x08003510   0x000000c8   Code   RO         2538    i.TIM_Base_SetConfig  stm32f4xx_hal_tim.o
    0x080035d8   0x080035d8   0x00000010   Code   RO         3458    i.UART_DMAAbortOnError  stm32f4xx_hal_uart.o
    0x080035e8   0x080035e8   0x0000004a   Code   RO         3459    i.UART_DMAError     stm32f4xx_hal_uart.o
    0x08003632   0x08003632   0x00000082   Code   RO         3460    i.UART_DMAReceiveCplt  stm32f4xx_hal_uart.o
    0x080036b4   0x080036b4   0x0000001a   Code   RO         3462    i.UART_DMARxHalfCplt  stm32f4xx_hal_uart.o
    0x080036ce   0x080036ce   0x00000042   Code   RO         3464    i.UART_DMATransmitCplt  stm32f4xx_hal_uart.o
    0x08003710   0x08003710   0x0000000a   Code   RO         3466    i.UART_DMATxHalfCplt  stm32f4xx_hal_uart.o
    0x0800371a   0x0800371a   0x0000004e   Code   RO         3468    i.UART_EndRxTransfer  stm32f4xx_hal_uart.o
    0x08003768   0x08003768   0x0000001c   Code   RO         3469    i.UART_EndTxTransfer  stm32f4xx_hal_uart.o
    0x08003784   0x08003784   0x000000c0   Code   RO         3470    i.UART_Receive_IT   stm32f4xx_hal_uart.o
    0x08003844   0x08003844   0x0000010c   Code   RO         3471    i.UART_SetConfig    stm32f4xx_hal_uart.o
    0x08003950   0x08003950   0x00000094   Code   RO         3472    i.UART_Start_Receive_DMA  stm32f4xx_hal_uart.o
    0x080039e4   0x080039e4   0x00000014   Code   RO         6083    i.USART1_IRQHandler  stm32f4xx_it.o
    0x080039f8   0x080039f8   0x0000000c   Code   RO         6084    i.USART3_IRQHandler  stm32f4xx_it.o
    0x08003a04   0x08003a04   0x00000014   Code   RO         6085    i.USART6_IRQHandler  stm32f4xx_it.o
    0x08003a18   0x08003a18   0x00000014   Code   RO         6755    i.USBD_ClrClassConfig  usbd_core.o
    0x08003a2c   0x08003a2c   0x00000004   Code   RO         6756    i.USBD_CoreFindEP   usbd_core.o
    0x08003a30   0x08003a30   0x00000004   Code   RO         6757    i.USBD_CoreFindIF   usbd_core.o
    0x08003a34   0x08003a34   0x00000010   Code   RO         6995    i.USBD_CtlContinueRx  usbd_ioreq.o
    0x08003a44   0x08003a44   0x00000010   Code   RO         6996    i.USBD_CtlContinueSendData  usbd_ioreq.o
    0x08003a54   0x08003a54   0x00000016   Code   RO         6919    i.USBD_CtlError     usbd_ctlreq.o
    0x08003a6a   0x08003a6a   0x00000016   Code   RO         6998    i.USBD_CtlReceiveStatus  usbd_ioreq.o
    0x08003a80   0x08003a80   0x0000001a   Code   RO         6999    i.USBD_CtlSendData  usbd_ioreq.o
    0x08003a9a   0x08003a9a   0x00000016   Code   RO         7000    i.USBD_CtlSendStatus  usbd_ioreq.o
    0x08003ab0   0x08003ab0   0x000000e6   Code   RO         6920    i.USBD_GetDescriptor  usbd_ctlreq.o
    0x08003b96   0x08003b96   0x00000018   Code   RO         6557    i.USBD_Get_USB_Status  usbd_conf.o
    0x08003bae   0x08003bae   0x00000012   Code   RO         6558    i.USBD_LL_ClearStallEP  usbd_conf.o
    0x08003bc0   0x08003bc0   0x000000b6   Code   RO         6762    i.USBD_LL_DataInStage  usbd_core.o
    0x08003c76   0x08003c76   0x0000008e   Code   RO         6763    i.USBD_LL_DataOutStage  usbd_core.o
    0x08003d04   0x08003d04   0x00000004   Code   RO         6764    i.USBD_LL_DevConnected  usbd_core.o
    0x08003d08   0x08003d08   0x0000001e   Code   RO         6765    i.USBD_LL_DevDisconnected  usbd_core.o
    0x08003d26   0x08003d26   0x00000020   Code   RO         6565    i.USBD_LL_IsStallEP  usbd_conf.o
    0x08003d46   0x08003d46   0x00000028   Code   RO         6766    i.USBD_LL_IsoINIncomplete  usbd_core.o
    0x08003d6e   0x08003d6e   0x00000028   Code   RO         6767    i.USBD_LL_IsoOUTIncomplete  usbd_core.o
    0x08003d96   0x08003d96   0x00000018   Code   RO         6566    i.USBD_LL_OpenEP    usbd_conf.o
    0x08003dae   0x08003dae   0x00000012   Code   RO         6567    i.USBD_LL_PrepareReceive  usbd_conf.o
    0x08003dc0   0x08003dc0   0x0000005c   Code   RO         6768    i.USBD_LL_Reset     usbd_core.o
    0x08003e1c   0x08003e1c   0x00000014   Code   RO         6769    i.USBD_LL_Resume    usbd_core.o
    0x08003e30   0x08003e30   0x0000001a   Code   RO         6770    i.USBD_LL_SOF       usbd_core.o
    0x08003e4a   0x08003e4a   0x00000006   Code   RO         6771    i.USBD_LL_SetSpeed  usbd_core.o
    0x08003e50   0x08003e50   0x00000012   Code   RO         6568    i.USBD_LL_SetUSBAddress  usbd_conf.o
    0x08003e62   0x08003e62   0x00000060   Code   RO         6772    i.USBD_LL_SetupStage  usbd_core.o
    0x08003ec2   0x08003ec2   0x00000012   Code   RO         6569    i.USBD_LL_StallEP   usbd_conf.o
    0x08003ed4   0x08003ed4   0x00000012   Code   RO         6773    i.USBD_LL_Suspend   usbd_core.o
    0x08003ee6   0x08003ee6   0x00000012   Code   RO         6572    i.USBD_LL_Transmit  usbd_conf.o
    0x08003ef8   0x08003ef8   0x0000002c   Code   RO         6922    i.USBD_ParseSetupRequest  usbd_ctlreq.o
    0x08003f24   0x08003f24   0x00000014   Code   RO         6776    i.USBD_SetClassConfig  usbd_core.o
    0x08003f38   0x08003f38   0x000000b8   Code   RO         6923    i.USBD_SetConfig    usbd_ctlreq.o
    0x08003ff0   0x08003ff0   0x0000012c   Code   RO         6924    i.USBD_StdDevReq    usbd_ctlreq.o
    0x0800411c   0x0800411c   0x00000160   Code   RO         6925    i.USBD_StdEPReq     usbd_ctlreq.o
    0x0800427c   0x0800427c   0x00000072   Code   RO         6926    i.USBD_StdItfReq    usbd_ctlreq.o
    0x080042ee   0x080042ee   0x00000002   PAD
    0x080042f0   0x080042f0   0x00000080   Code   RO         4144    i.USB_ActivateEndpoint  stm32f4xx_ll_usb.o
    0x08004370   0x08004370   0x0000001c   Code   RO         4146    i.USB_ActivateSetup  stm32f4xx_ll_usb.o
    0x0800438c   0x0800438c   0x0000011c   Code   RO         4159    i.USB_EP0StartXfer  stm32f4xx_ll_usb.o
    0x080044a8   0x080044a8   0x00000058   Code   RO         4160    i.USB_EP0_OutStart  stm32f4xx_ll_usb.o
    0x08004500   0x08004500   0x00000058   Code   RO         4161    i.USB_EPClearStall  stm32f4xx_ll_usb.o
    0x08004558   0x08004558   0x00000058   Code   RO         4162    i.USB_EPSetStall    stm32f4xx_ll_usb.o
    0x080045b0   0x080045b0   0x000001e4   Code   RO         4163    i.USB_EPStartXfer   stm32f4xx_ll_usb.o
    0x08004794   0x08004794   0x0000009e   Code   RO         4164    i.USB_EPStopXfer    stm32f4xx_ll_usb.o
    0x08004832   0x08004832   0x00000002   PAD
    0x08004834   0x08004834   0x00000040   Code   RO         4167    i.USB_FlushTxFifo   stm32f4xx_ll_usb.o
    0x08004874   0x08004874   0x0000001a   Code   RO         4169    i.USB_GetDevSpeed   stm32f4xx_ll_usb.o
    0x0800488e   0x0800488e   0x00000008   Code   RO         4171    i.USB_GetMode       stm32f4xx_ll_usb.o
    0x08004896   0x08004896   0x0000000e   Code   RO         4178    i.USB_ReadDevAllInEpInterrupt  stm32f4xx_ll_usb.o
    0x080048a4   0x080048a4   0x0000000e   Code   RO         4179    i.USB_ReadDevAllOutEpInterrupt  stm32f4xx_ll_usb.o
    0x080048b2   0x080048b2   0x00000024   Code   RO         4180    i.USB_ReadDevInEPInterrupt  stm32f4xx_ll_usb.o
    0x080048d6   0x080048d6   0x00000010   Code   RO         4181    i.USB_ReadDevOutEPInterrupt  stm32f4xx_ll_usb.o
    0x080048e6   0x080048e6   0x00000008   Code   RO         4182    i.USB_ReadInterrupts  stm32f4xx_ll_usb.o
    0x080048ee   0x080048ee   0x0000003e   Code   RO         4183    i.USB_ReadPacket    stm32f4xx_ll_usb.o
    0x0800492c   0x0800492c   0x00000022   Code   RO         4186    i.USB_SetDevAddress  stm32f4xx_ll_usb.o
    0x0800494e   0x0800494e   0x00000002   PAD
    0x08004950   0x08004950   0x000000e8   Code   RO         4188    i.USB_SetTurnaroundTime  stm32f4xx_ll_usb.o
    0x08004a38   0x08004a38   0x00000028   Code   RO         4191    i.USB_WritePacket   stm32f4xx_ll_usb.o
    0x08004a60   0x08004a60   0x00000002   Code   RO         6086    i.UsageFault_Handler  stm32f4xx_it.o
    0x08004a62   0x08004a62   0x00000002   PAD
    0x08004a64   0x08004a64   0x00000034   Code   RO         7648    i.__0vsnprintf      mc_w.l(printfa.o)
    0x08004a98   0x08004a98   0x00000020   Code   RO          605    i.__NVIC_SetPriority  stm32f4xx_hal_cortex.o
    0x08004ab8   0x08004ab8   0x0000000e   Code   RO         7746    i.__scatterload_copy  mc_w.l(handlers.o)
    0x08004ac6   0x08004ac6   0x00000002   Code   RO         7747    i.__scatterload_null  mc_w.l(handlers.o)
    0x08004ac8   0x08004ac8   0x0000000e   Code   RO         7748    i.__scatterload_zeroinit  mc_w.l(handlers.o)
    0x08004ad6   0x08004ad6   0x00000002   PAD
    0x08004ad8   0x08004ad8   0x00000184   Code   RO         7650    i._fp_digits        mc_w.l(printfa.o)
    0x08004c5c   0x08004c5c   0x000006b4   Code   RO         7651    i._printf_core      mc_w.l(printfa.o)
    0x08005310   0x08005310   0x00000024   Code   RO         7652    i._printf_post_padding  mc_w.l(printfa.o)
    0x08005334   0x08005334   0x0000002e   Code   RO         7653    i._printf_pre_padding  mc_w.l(printfa.o)
    0x08005362   0x08005362   0x00000016   Code   RO         7654    i._snputc           mc_w.l(printfa.o)
    0x08005378   0x08005378   0x00000076   Code   RO         7452    i.fifo_s_gets       fifo.o
    0x080053ee   0x080053ee   0x00000018   Code   RO         7454    i.fifo_s_init       fifo.o
    0x08005406   0x08005406   0x00000074   Code   RO         7460    i.fifo_s_puts       fifo.o
    0x0800547a   0x0800547a   0x00000020   Code   RO         7385    i.log_printf        log.o
    0x0800549a   0x0800549a   0x0000003a   Code   RO         5647    i.main              main.o
    0x080054d4   0x080054d4   0x0000000c   Code   RO         4450    i.makeFreeRtosPriority  cmsis_os.o
    0x080054e0   0x080054e0   0x0000000e   Code   RO         4452    i.osDelay           cmsis_os.o
    0x080054ee   0x080054ee   0x0000000a   Code   RO         4455    i.osKernelStart     cmsis_os.o
    0x080054f8   0x080054f8   0x00000054   Code   RO         4489    i.osThreadCreate    cmsis_os.o
    0x0800554c   0x0800554c   0x00000070   Code   RO         5184    i.prvAddCurrentTaskToDelayedList  tasks.o
    0x080055bc   0x080055bc   0x000000d0   Code   RO         5185    i.prvAddNewTaskToReadyList  tasks.o
    0x0800568c   0x0800568c   0x00000034   Code   RO         5186    i.prvDeleteTCB      tasks.o
    0x080056c0   0x080056c0   0x0000004c   Code   RO         5497    i.prvHeapInit       heap_4.o
    0x0800570c   0x0800570c   0x00000060   Code   RO         5187    i.prvIdleTask       tasks.o
    0x0800576c   0x0800576c   0x00000098   Code   RO         5188    i.prvInitialiseNewTask  tasks.o
    0x08005804   0x08005804   0x0000004c   Code   RO         5498    i.prvInsertBlockIntoFreeList  heap_4.o
    0x08005850   0x08005850   0x00000020   Code   RO         5189    i.prvResetNextTaskUnblockTime  tasks.o
    0x08005870   0x08005870   0x00000028   Code   RO         5566    i.prvTaskExitError  port.o
    0x08005898   0x08005898   0x000000dc   Code   RO         5499    i.pvPortMalloc      heap_4.o
    0x08005974   0x08005974   0x0000002c   Code   RO         5567    i.pxPortInitialiseStack  port.o
    0x080059a0   0x080059a0   0x00000028   Code   RO         7224    i.usart1_idle_callback  drv_uart.o
    0x080059c8   0x080059c8   0x00000060   Code   RO         7225    i.usart1_manage_init  drv_uart.o
    0x08005a28   0x08005a28   0x00000010   Code   RO         7228    i.usart1_transmit   drv_uart.o
    0x08005a38   0x08005a38   0x00000028   Code   RO         7229    i.usart6_idle_callback  drv_uart.o
    0x08005a60   0x08005a60   0x0000004e   Code   RO         7233    i.usart_rec_to_buff  drv_uart.o
    0x08005aae   0x08005aae   0x00000072   Code   RO         7235    i.usart_transmit    drv_uart.o
    0x08005b20   0x08005b20   0x0000003c   Code   RO         7236    i.usart_transmit_hook  drv_uart.o
    0x08005b5c   0x08005b5c   0x00000026   Code   RO         4967    i.uxListRemove      list.o
    0x08005b82   0x08005b82   0x00000002   PAD
    0x08005b84   0x08005b84   0x00000014   Code   RO         5745    i.vApplicationGetIdleTaskMemory  freertos.o
    0x08005b98   0x08005b98   0x00000016   Code   RO         4968    i.vListInitialise   list.o
    0x08005bae   0x08005bae   0x00000006   Code   RO         4969    i.vListInitialiseItem  list.o
    0x08005bb4   0x08005bb4   0x00000030   Code   RO         4970    i.vListInsert       list.o
    0x08005be4   0x08005be4   0x00000018   Code   RO         4971    i.vListInsertEnd    list.o
    0x08005bfc   0x08005bfc   0x00000040   Code   RO         5569    i.vPortEnterCritical  port.o
    0x08005c3c   0x08005c3c   0x00000028   Code   RO         5570    i.vPortExitCritical  port.o
    0x08005c64   0x08005c64   0x00000064   Code   RO         5500    i.vPortFree         heap_4.o
    0x08005cc8   0x08005cc8   0x00000024   Code   RO         5571    i.vPortSetupTimerInterrupt  port.o
    0x08005cec   0x08005cec   0x0000004c   Code   RO         5198    i.vTaskDelay        tasks.o
    0x08005d38   0x08005d38   0x0000006c   Code   RO         5211    i.vTaskStartScheduler  tasks.o
    0x08005da4   0x08005da4   0x00000010   Code   RO         5213    i.vTaskSuspendAll   tasks.o
    0x08005db4   0x08005db4   0x0000005c   Code   RO         5214    i.vTaskSwitchContext  tasks.o
    0x08005e10   0x08005e10   0x000000f4   Code   RO         5573    i.xPortStartScheduler  port.o
    0x08005f04   0x08005f04   0x0000005a   Code   RO         5217    i.xTaskCreate       tasks.o
    0x08005f5e   0x08005f5e   0x00000056   Code   RO         5218    i.xTaskCreateStatic  tasks.o
    0x08005fb4   0x08005fb4   0x000000cc   Code   RO         5225    i.xTaskIncrementTick  tasks.o
    0x08006080   0x08006080   0x000000c4   Code   RO         5231    i.xTaskResumeAll    tasks.o
    0x08006144   0x08006144   0x00000008   Data   RO          773    .constdata          stm32f4xx_hal_dma.o
    0x0800614c   0x0800614c   0x0000001c   Data   RO         5747    .constdata          freertos.o
    0x08006168   0x08006168   0x00000010   Data   RO         6246    .constdata          system_stm32f4xx.o
    0x08006178   0x08006178   0x00000008   Data   RO         6247    .constdata          system_stm32f4xx.o
    0x08006180   0x08006180   0x0000000c   Data   RO         5748    .conststring        freertos.o
    0x0800618c   0x0800618c   0x00000020   Data   RO         7744    Region$$Table       anon$$obj.o


    Execution Region RW_IRAM1 (Exec base: 0x20000000, Load base: 0x080061ac, Size: 0x00007f80, Max: 0x00020000, ABSOLUTE)

    Exec Addr    Load Addr    Size         Type   Attr      Idx    E Section Name        Object

    0x20000000   0x080061ac   0x0000000c   Data   RW           40    .data               stm32f4xx_hal.o
    0x2000000c   0x080061b8   0x0000003c   Data   RW         5234    .data               tasks.o
    0x20000048   0x080061f4   0x00000020   Data   RW         5506    .data               heap_4.o
    0x20000068   0x08006214   0x0000000c   Data   RW         5574    .data               port.o
    0x20000074   0x08006220   0x00000004   Data   RW         5749    .data               freertos.o
    0x20000078   0x08006224   0x00000004   Data   RW         5794    .data               can.o
    0x2000007c   0x08006228   0x00000004   Data   RW         6248    .data               system_stm32f4xx.o
    0x20000080   0x0800622c   0x00000001   Data   RW         6927    .data               usbd_ctlreq.o
    0x20000081   0x0800622d   0x00000003   PAD
    0x20000084        -       0x000000f0   Zero   RW         5233    .bss                tasks.o
    0x20000174        -       0x00003c00   Zero   RW         5505    .bss                heap_4.o
    0x20003d74        -       0x00000254   Zero   RW         5746    .bss                freertos.o
    0x20003fc8        -       0x00000050   Zero   RW         5793    .bss                can.o
    0x20004018        -       0x00000054   Zero   RW         5889    .bss                i2c.o
    0x2000406c        -       0x00000010   Zero   RW         5931    .bss                rng.o
    0x2000407c        -       0x00000058   Zero   RW         5973    .bss                spi.o
    0x200040d4        -       0x000002ac   Zero   RW         6017    .bss                usart.o
    0x20004380        -       0x00000048   Zero   RW         6285    .bss                stm32f4xx_hal_timebase_tim.o
    0x200043c8        -       0x0000072c   Zero   RW         6575    .bss                usbd_conf.o
    0x20004af4        -       0x00001488   Zero   RW         7237    .bss                drv_uart.o
    0x20005f7c   0x0800622d   0x00000004   PAD
    0x20005f80        -       0x00002000   Zero   RW            1    STACK               startup_stm32f407xx.o


==============================================================================

Image component sizes


      Code (inc. data)   RO Data    RW Data    ZI Data      Debug   Object Name

       428         46          0          4         80       2722   can.o
       120          0          0          0          0      33801   cmsis_os.o
         0          0          0          0          0      17640   croutine.o
       124          4          0          0          0       1022   dma.o
       572         78          0          0       5256       7251   drv_uart.o
         0          0          0          0          0      17000   event_groups.o
       258          0          0          0          0       2784   fifo.o
        60         14         40          4        596       2199   freertos.o
       196         12          0          0          0       1227   gpio.o
       472         24          0         32      15360       7719   heap_4.o
       172         28          0          0         84       1881   i2c.o
        68         36          0          0          0        900   init.o
       138          0          0          0          0       3818   list.o
        32          0          0          0          0        593   log.o
       230         14          0          0          0      13444   main.o
       702         72          0         12          0      11352   port.o
        76         18          0          0         16       1735   rng.o
       216         26          0          0         88       1945   spi.o
        36          8        392          0       8192        880   startup_stm32f407xx.o
        80         14          0         12          0     734562   stm32f4xx_hal.o
       816          0          0          0          0      10583   stm32f4xx_hal_can.o
       158         14          0          0          0      33326   stm32f4xx_hal_cortex.o
      1084         16          8          0          0       7678   stm32f4xx_hal_dma.o
       548         52          0          0          0       4277   stm32f4xx_hal_gpio.o
       392         16          0          0          0       3299   stm32f4xx_hal_i2c.o
        56          4          0          0          0       1050   stm32f4xx_hal_msp.o
      2252         12          0          0          0      10914   stm32f4xx_hal_pcd.o
         2          0          0          0          0       1117   stm32f4xx_hal_pcd_ex.o
      1424         92          0          0          0       6685   stm32f4xx_hal_rcc.o
        50          0          0          0          0       1255   stm32f4xx_hal_rng.o
       188          0          0          0          0       1375   stm32f4xx_hal_spi.o
       786         72          0          0          0       7700   stm32f4xx_hal_tim.o
         4          0          0          0          0       1801   stm32f4xx_hal_tim_ex.o
       140         20          0          0         72       1619   stm32f4xx_hal_timebase_tim.o
      1938         44          0          0          0      14682   stm32f4xx_hal_uart.o
       202         80          0          0          0      12997   stm32f4xx_it.o
      1900         98          0          0          0      17097   stm32f4xx_ll_usb.o
        16          4         24          4          0       1311   system_stm32f4xx.o
      1520        112          0         60        240      20094   tasks.o
       828         80          0          0        684       3915   usart.o
       362          4          0          0       1836      13646   usbd_conf.o
       744          0          0          0          0      12460   usbd_core.o
      1256         28          0          1          0      14375   usbd_ctlreq.o
       102          0          0          0          0       4084   usbd_ioreq.o

    ----------------------------------------------------------------------
     20778       1142        496        132      32508    1071815   Object Totals
         0          0         32          0          0          0   (incl. Generated)
        30          0          0          3          4          0   (incl. Padding)

    ----------------------------------------------------------------------

      Code (inc. data)   RO Data    RW Data    ZI Data      Debug   Library Member Name

         0          0          0          0          0          0   entry.o
         0          0          0          0          0          0   entry10a.o
         0          0          0          0          0          0   entry11a.o
         4          0          0          0          0          0   entry12b.o
         8          4          0          0          0          0   entry2.o
         4          0          0          0          0          0   entry5.o
         0          0          0          0          0          0   entry7b.o
         0          0          0          0          0          0   entry8b.o
         8          4          0          0          0          0   entry9a.o
        30          0          0          0          0          0   handlers.o
        36          8          0          0          0         68   init.o
         0          0          0          0          0          0   iusefp.o
        30          0          0          0          0         68   llshl.o
        36          0          0          0          0         68   llsshr.o
        32          0          0          0          0         68   llushr.o
        36          0          0          0          0         68   memcpya.o
        36          0          0          0          0        108   memseta.o
      2260         86          0          0          0        528   printfa.o
        44          0          0          0          0         80   uidiv.o
        98          0          0          0          0         92   uldiv.o
        48          0          0          0          0         68   cdrcmple.o
       334          0          0          0          0        148   dadd.o
       222          0          0          0          0        100   ddiv.o
       186          0          0          0          0        176   depilogue.o
        48          0          0          0          0         68   dfixul.o
       228          0          0          0          0         96   dmul.o

    ----------------------------------------------------------------------
      3730        102          0          0          0       1804   Library Totals
         2          0          0          0          0          0   (incl. Padding)

    ----------------------------------------------------------------------

      Code (inc. data)   RO Data    RW Data    ZI Data      Debug   Library Name

      2662        102          0          0          0       1148   mc_w.l
      1066          0          0          0          0        656   mf_w.l

    ----------------------------------------------------------------------
      3730        102          0          0          0       1804   Library Totals

    ----------------------------------------------------------------------

==============================================================================


      Code (inc. data)   RO Data    RW Data    ZI Data      Debug   

     24508       1244        496        132      32508    1048887   Grand Totals
     24508       1244        496        132      32508    1048887   ELF Image Totals
     24508       1244        496        132          0          0   ROM Totals

==============================================================================

    Total RO  Size (Code + RO Data)                25004 (  24.42kB)
    Total RW  Size (RW Data + ZI Data)             32640 (  31.88kB)
    Total ROM Size (Code + RO Data + RW Data)      25136 (  24.55kB)

==============================================================================

