Component: ARM Compiler 5.06 update 7 (build 960) Tool: armlink [4d3601]

==============================================================================

Section Cross References

    startup_stm32f407xx.o(RESET) refers to startup_stm32f407xx.o(STACK) for __initial_sp
    startup_stm32f407xx.o(RESET) refers to startup_stm32f407xx.o(.text) for Reset_Handler
    startup_stm32f407xx.o(RESET) refers to stm32f4xx_it.o(i.NMI_Handler) for NMI_Handler
    startup_stm32f407xx.o(RESET) refers to stm32f4xx_it.o(i.HardFault_Handler) for HardFault_Handler
    startup_stm32f407xx.o(RESET) refers to stm32f4xx_it.o(i.MemManage_Handler) for MemManage_Handler
    startup_stm32f407xx.o(RESET) refers to stm32f4xx_it.o(i.BusFault_Handler) for BusFault_Handler
    startup_stm32f407xx.o(RESET) refers to stm32f4xx_it.o(i.UsageFault_Handler) for UsageFault_Handler
    startup_stm32f407xx.o(RESET) refers to port.o(.emb_text) for SVC_Handler
    startup_stm32f407xx.o(RESET) refers to stm32f4xx_it.o(i.DebugMon_Handler) for DebugMon_Handler
    startup_stm32f407xx.o(RESET) refers to port.o(i.SysTick_Handler) for SysTick_Handler
    startup_stm32f407xx.o(RESET) refers to stm32f4xx_it.o(i.EXTI0_IRQHandler) for EXTI0_IRQHandler
    startup_stm32f407xx.o(RESET) refers to stm32f4xx_it.o(i.DMA1_Stream1_IRQHandler) for DMA1_Stream1_IRQHandler
    startup_stm32f407xx.o(RESET) refers to stm32f4xx_it.o(i.CAN1_TX_IRQHandler) for CAN1_TX_IRQHandler
    startup_stm32f407xx.o(RESET) refers to stm32f4xx_it.o(i.CAN1_RX0_IRQHandler) for CAN1_RX0_IRQHandler
    startup_stm32f407xx.o(RESET) refers to stm32f4xx_it.o(i.TIM1_BRK_TIM9_IRQHandler) for TIM1_BRK_TIM9_IRQHandler
    startup_stm32f407xx.o(RESET) refers to stm32f4xx_it.o(i.USART1_IRQHandler) for USART1_IRQHandler
    startup_stm32f407xx.o(RESET) refers to stm32f4xx_it.o(i.USART3_IRQHandler) for USART3_IRQHandler
    startup_stm32f407xx.o(RESET) refers to stm32f4xx_it.o(i.DMA2_Stream1_IRQHandler) for DMA2_Stream1_IRQHandler
    startup_stm32f407xx.o(RESET) refers to stm32f4xx_it.o(i.DMA2_Stream2_IRQHandler) for DMA2_Stream2_IRQHandler
    startup_stm32f407xx.o(RESET) refers to stm32f4xx_it.o(i.CAN2_TX_IRQHandler) for CAN2_TX_IRQHandler
    startup_stm32f407xx.o(RESET) refers to stm32f4xx_it.o(i.CAN2_RX0_IRQHandler) for CAN2_RX0_IRQHandler
    startup_stm32f407xx.o(RESET) refers to stm32f4xx_it.o(i.OTG_FS_IRQHandler) for OTG_FS_IRQHandler
    startup_stm32f407xx.o(RESET) refers to stm32f4xx_it.o(i.DMA2_Stream6_IRQHandler) for DMA2_Stream6_IRQHandler
    startup_stm32f407xx.o(RESET) refers to stm32f4xx_it.o(i.DMA2_Stream7_IRQHandler) for DMA2_Stream7_IRQHandler
    startup_stm32f407xx.o(RESET) refers to stm32f4xx_it.o(i.USART6_IRQHandler) for USART6_IRQHandler
    startup_stm32f407xx.o(.text) refers to system_stm32f4xx.o(i.SystemInit) for SystemInit
    startup_stm32f407xx.o(.text) refers to entry.o(.ARM.Collect$$$$00000000) for __main
    stm32f4xx_hal.o(i.HAL_DeInit) refers to stm32f4xx_hal.o(i.HAL_MspDeInit) for HAL_MspDeInit
    stm32f4xx_hal.o(i.HAL_Delay) refers to stm32f4xx_hal.o(i.HAL_GetTick) for HAL_GetTick
    stm32f4xx_hal.o(i.HAL_Delay) refers to stm32f4xx_hal.o(.data) for .data
    stm32f4xx_hal.o(i.HAL_GetTick) refers to stm32f4xx_hal.o(.data) for .data
    stm32f4xx_hal.o(i.HAL_GetTickFreq) refers to stm32f4xx_hal.o(.data) for .data
    stm32f4xx_hal.o(i.HAL_GetTickPrio) refers to stm32f4xx_hal.o(.data) for .data
    stm32f4xx_hal.o(i.HAL_IncTick) refers to stm32f4xx_hal.o(.data) for .data
    stm32f4xx_hal.o(i.HAL_Init) refers to stm32f4xx_hal_cortex.o(i.HAL_NVIC_SetPriorityGrouping) for HAL_NVIC_SetPriorityGrouping
    stm32f4xx_hal.o(i.HAL_Init) refers to stm32f4xx_hal_timebase_tim.o(i.HAL_InitTick) for HAL_InitTick
    stm32f4xx_hal.o(i.HAL_Init) refers to stm32f4xx_hal_msp.o(i.HAL_MspInit) for HAL_MspInit
    stm32f4xx_hal.o(i.HAL_InitTick) refers to stm32f4xx_hal_cortex.o(i.HAL_SYSTICK_Config) for HAL_SYSTICK_Config
    stm32f4xx_hal.o(i.HAL_InitTick) refers to stm32f4xx_hal_cortex.o(i.HAL_NVIC_SetPriority) for HAL_NVIC_SetPriority
    stm32f4xx_hal.o(i.HAL_InitTick) refers to stm32f4xx_hal.o(.data) for .data
    stm32f4xx_hal.o(i.HAL_InitTick) refers to system_stm32f4xx.o(.data) for SystemCoreClock
    stm32f4xx_hal.o(i.HAL_SetTickFreq) refers to stm32f4xx_hal_timebase_tim.o(i.HAL_InitTick) for HAL_InitTick
    stm32f4xx_hal.o(i.HAL_SetTickFreq) refers to stm32f4xx_hal.o(.data) for .data
    stm32f4xx_hal_can.o(i.HAL_CAN_DeInit) refers to stm32f4xx_hal_can.o(i.HAL_CAN_Stop) for HAL_CAN_Stop
    stm32f4xx_hal_can.o(i.HAL_CAN_DeInit) refers to can.o(i.HAL_CAN_MspDeInit) for HAL_CAN_MspDeInit
    stm32f4xx_hal_can.o(i.HAL_CAN_IRQHandler) refers to stm32f4xx_hal_can.o(i.HAL_CAN_TxMailbox0CompleteCallback) for HAL_CAN_TxMailbox0CompleteCallback
    stm32f4xx_hal_can.o(i.HAL_CAN_IRQHandler) refers to stm32f4xx_hal_can.o(i.HAL_CAN_TxMailbox0AbortCallback) for HAL_CAN_TxMailbox0AbortCallback
[...]
    UART_Receive_IT                          0x080030a7   Thumb Code   192  stm32f4xx_hal_uart.o(i.UART_Receive_IT)
    i.UART_SetConfig                         0x08003168   Section        0  stm32f4xx_hal_uart.o(i.UART_SetConfig)
    UART_SetConfig                           0x08003169   Thumb Code   258  stm32f4xx_hal_uart.o(i.UART_SetConfig)
    i.UART_WaitOnFlagUntilTimeout            0x08003274   Section        0  stm32f4xx_hal_uart.o(i.UART_WaitOnFlagUntilTimeout)
    UART_WaitOnFlagUntilTimeout              0x08003275   Thumb Code   120  stm32f4xx_hal_uart.o(i.UART_WaitOnFlagUntilTimeout)
    i.USART1_IRQHandler                      0x080032ec   Section        0  stm32f4xx_it.o(i.USART1_IRQHandler)
    i.USART3_IRQHandler                      0x080032f8   Section        0  stm32f4xx_it.o(i.USART3_IRQHandler)
    i.USART6_IRQHandler                      0x08003304   Section        0  stm32f4xx_it.o(i.USART6_IRQHandler)
    i.USBD_ClrClassConfig                    0x08003310   Section        0  usbd_core.o(i.USBD_ClrClassConfig)
    i.USBD_CoreFindEP                        0x08003324   Section        0  usbd_core.o(i.USBD_CoreFindEP)
    i.USBD_CoreFindIF                        0x08003328   Section        0  usbd_core.o(i.USBD_CoreFindIF)
    i.USBD_CtlContinueRx                     0x0800332c   Section        0  usbd_ioreq.o(i.USBD_CtlContinueRx)
    i.USBD_CtlContinueSendData               0x0800333c   Section        0  usbd_ioreq.o(i.USBD_CtlContinueSendData)
    i.USBD_CtlError                          0x0800334c   Section        0  usbd_ctlreq.o(i.USBD_CtlError)
    i.USBD_CtlReceiveStatus                  0x08003362   Section        0  usbd_ioreq.o(i.USBD_CtlReceiveStatus)
    i.USBD_CtlSendData                       0x08003378   Section        0  usbd_ioreq.o(i.USBD_CtlSendData)
    i.USBD_CtlSendStatus                     0x08003392   Section        0  usbd_ioreq.o(i.USBD_CtlSendStatus)
    i.USBD_GetDescriptor                     0x080033a8   Section        0  usbd_ctlreq.o(i.USBD_GetDescriptor)
    USBD_GetDescriptor                       0x080033a9   Thumb Code   230  usbd_ctlreq.o(i.USBD_GetDescriptor)
    i.USBD_Get_USB_Status                    0x0800348e   Section        0  usbd_conf.o(i.USBD_Get_USB_Status)
    i.USBD_LL_ClearStallEP                   0x080034a6   Section        0  usbd_conf.o(i.USBD_LL_ClearStallEP)
    i.USBD_LL_DataInStage                    0x080034b8   Section        0  usbd_core.o(i.USBD_LL_DataInStage)
    i.USBD_LL_DataOutStage                   0x0800356e   Section        0  usbd_core.o(i.USBD_LL_DataOutStage)
    i.USBD_LL_DevConnected                   0x080035fc   Section        0  usbd_core.o(i.USBD_LL_DevConnected)
    i.USBD_LL_DevDisconnected                0x08003600   Section        0  usbd_core.o(i.USBD_LL_DevDisconnected)
    i.USBD_LL_IsStallEP                      0x0800361e   Section        0  usbd_conf.o(i.USBD_LL_IsStallEP)
    i.USBD_LL_IsoINIncomplete                0x0800363e   Section        0  usbd_core.o(i.USBD_LL_IsoINIncomplete)
    i.USBD_LL_IsoOUTIncomplete               0x08003666   Section        0  usbd_core.o(i.USBD_LL_IsoOUTIncomplete)
    i.USBD_LL_OpenEP                         0x0800368e   Section        0  usbd_conf.o(i.USBD_LL_OpenEP)
    i.USBD_LL_PrepareReceive                 0x080036a6   Section        0  usbd_conf.o(i.USBD_LL_PrepareReceive)
    i.USBD_LL_Reset                          0x080036b8   Section        0  usbd_core.o(i.USBD_LL_Reset)
    i.USBD_LL_Resume                         0x08003714   Section        0  usbd_core.o(i.USBD_LL_Resume)
    i.USBD_LL_SOF                            0x08003728   Section        0  usbd_core.o(i.USBD_LL_SOF)
    i.USBD_LL_SetSpeed                       0x08003742   Section        0  usbd_core.o(i.USBD_LL_SetSpeed)
    i.USBD_LL_SetUSBAddress                  0x08003748   Section        0  usbd_conf.o(i.USBD_LL_SetUSBAddress)
    i.USBD_LL_SetupStage                     0x0800375a   Section        0  usbd_core.o(i.USBD_LL_SetupStage)
    i.USBD_LL_StallEP                        0x080037ba   Section        0  usbd_conf.o(i.USBD_LL_StallEP)
    i.USBD_LL_Suspend                        0x080037cc   Section        0  usbd_core.o(i.USBD_LL_Suspend)
    i.USBD_LL_Transmit                       0x080037de   Section        0  usbd_conf.o(i.USBD_LL_Transmit)
    i.USBD_ParseSetupRequest                 0x080037f0   Section        0  usbd_ctlreq.o(i.USBD_ParseSetupRequest)
    i.USBD_SetClassConfig                    0x0800381c   Section        0  usbd_core.o(i.USBD_SetClassConfig)
    i.USBD_SetConfig                         0x08003830   Section        0  usbd_ctlreq.o(i.USBD_SetConfig)
    USBD_SetConfig                           0x08003831   Thumb Code   180  usbd_ctlreq.o(i.USBD_SetConfig)
    i.USBD_StdDevReq                         0x080038e8   Section        0  usbd_ctlreq.o(i.USBD_StdDevReq)
    i.USBD_StdEPReq                          0x08003a14   Section        0  usbd_ctlreq.o(i.USBD_StdEPReq)
    i.USBD_StdItfReq                         0x08003b74   Section        0  usbd_ctlreq.o(i.USBD_StdItfReq)
    i.USB_ActivateEndpoint                   0x08003be8   Section        0  stm32f4xx_ll_usb.o(i.USB_ActivateEndpoint)
    i.USB_ActivateSetup                      0x08003c68   Section        0  stm32f4xx_ll_usb.o(i.USB_ActivateSetup)
    i.USB_EP0StartXfer                       0x08003c84   Section        0  stm32f4xx_ll_usb.o(i.USB_EP0StartXfer)
    i.USB_EP0_OutStart                       0x08003da0   Section        0  stm32f4xx_ll_usb.o(i.USB_EP0_OutStart)
    i.USB_EPClearStall                       0x08003df8   Section        0  stm32f4xx_ll_usb.o(i.USB_EPClearStall)
    i.USB_EPSetStall                         0x08003e50   Section        0  stm32f4xx_ll_usb.o(i.USB_EPSetStall)
    i.USB_EPStartXfer                        0x08003ea8   Section        0  stm32f4xx_ll_usb.o(i.USB_EPStartXfer)
    i.USB_EPStopXfer                         0x0800408c   Section        0  stm32f4xx_ll_usb.o(i.USB_EPStopXfer)
    i.USB_FlushTxFifo                        0x0800412c   Section        0  stm32f4xx_ll_usb.o(i.USB_FlushTxFifo)
    i.USB_GetDevSpeed                        0x0800416c   Section        0  stm32f4xx_ll_usb.o(i.USB_GetDevSpeed)
    i.USB_GetMode                            0x08004186   Section        0  stm32f4xx_ll_usb.o(i.USB_GetMode)
    i.USB_ReadDevAllInEpInterrupt            0x0800418e   Section        0  stm32f4xx_ll_usb.o(i.USB_ReadDevAllInEpInterrupt)
    i.USB_ReadDevAllOutEpInterrupt           0x0800419c   Section        0  stm32f4xx_ll_usb.o(i.USB_ReadDevAllOutEpInterrupt)
    i.USB_ReadDevInEPInterrupt               0x080041aa   Section        0  stm32f4xx_ll_usb.o(i.USB_ReadDevInEPInterrupt)
    i.USB_ReadDevOutEPInterrupt              0x080041ce   Section        0  stm32f4xx_ll_usb.o(i.USB_ReadDevOutEPInterrupt)
    i.USB_ReadInterrupts                     0x080041de   Section        0  stm32f4xx_ll_usb.o(i.USB_ReadInterrupts)
    i.USB_ReadPacket                         0x080041e6   Section        0  stm32f4xx_ll_usb.o(i.USB_ReadPacket)
    i.USB_SetDevAddress                      0x08004224   Section        0  stm32f4xx_ll_usb.o(i.USB_SetDevAddress)
    i.USB_SetTurnaroundTime                  0x08004248   Section        0  stm32f4xx_ll_usb.o(i.USB_SetTurnaroundTime)
    i.USB_WritePacket                        0x08004330   Section        0  stm32f4xx_ll_usb.o(i.USB_WritePacket)
    i.UsageFault_Handler                     0x08004358   Section        0  stm32f4xx_it.o(i.UsageFault_Handler)
    i.__0printf$bare                         0x0800435c   Section        0  printfb.o(i.__0printf$bare)
    i.__NVIC_SetPriority                     0x0800436c   Section        0  stm32f4xx_hal_cortex.o(i.__NVIC_SetPriority)
    __NVIC_SetPriority                       0x0800436d   Thumb Code    32  stm32f4xx_hal_cortex.o(i.__NVIC_SetPriority)
    i.__scatterload_copy                     0x0800438c   Section       14  handlers.o(i.__scatterload_copy)
    i.__scatterload_null                     0x0800439a   Section        2  handlers.o(i.__scatterload_null)
    i.__scatterload_zeroinit                 0x0800439c   Section       14  handlers.o(i.__scatterload_zeroinit)
    i._printf_core                           0x080043aa   Section        0  printfb.o(i._printf_core)
    _printf_core                             0x080043ab   Thumb Code    34  printfb.o(i._printf_core)
    i.fputc                                  0x080043cc   Section        0  init.o(i.fputc)
    i.main                                   0x080043e8   Section        0  main.o(i.main)
    i.makeFreeRtosPriority                   0x08004422   Section        0  cmsis_os.o(i.makeFreeRtosPriority)
    makeFreeRtosPriority                     0x08004423   Thumb Code    12  cmsis_os.o(i.makeFreeRtosPriority)
    i.osDelay                                0x0800442e   Section        0  cmsis_os.o(i.osDelay)
    i.osKernelStart                          0x0800443c   Section        0  cmsis_os.o(i.osKernelStart)
    i.osThreadCreate                         0x08004446   Section        0  cmsis_os.o(i.osThreadCreate)
    i.prvAddCurrentTaskToDelayedList         0x0800449c   Section        0  tasks.o(i.prvAddCurrentTaskToDelayedList)
    prvAddCurrentTaskToDelayedList           0x0800449d   Thumb Code   102  tasks.o(i.prvAddCurrentTaskToDelayedList)
    i.prvAddNewTaskToReadyList               0x0800450c   Section        0  tasks.o(i.prvAddNewTaskToReadyList)
    prvAddNewTaskToReadyList                 0x0800450d   Thumb Code   194  tasks.o(i.prvAddNewTaskToReadyList)
    i.prvDeleteTCB                           0x080045dc   Section        0  tasks.o(i.prvDeleteTCB)
    prvDeleteTCB                             0x080045dd   Thumb Code    52  tasks.o(i.prvDeleteTCB)
    i.prvHeapInit                            0x08004610   Section        0  heap_4.o(i.prvHeapInit)
    prvHeapInit                              0x08004611   Thumb Code    66  heap_4.o(i.prvHeapInit)
    i.prvIdleTask                            0x0800465c   Section        0  tasks.o(i.prvIdleTask)
    prvIdleTask                              0x0800465d   Thumb Code    82  tasks.o(i.prvIdleTask)
    i.prvInitialiseNewTask                   0x080046bc   Section        0  tasks.o(i.prvInitialiseNewTask)
    prvInitialiseNewTask                     0x080046bd   Thumb Code   152  tasks.o(i.prvInitialiseNewTask)
    i.prvInsertBlockIntoFreeList             0x08004754   Section        0  heap_4.o(i.prvInsertBlockIntoFreeList)
    prvInsertBlockIntoFreeList               0x08004755   Thumb Code    72  heap_4.o(i.prvInsertBlockIntoFreeList)
    i.prvResetNextTaskUnblockTime            0x080047a0   Section        0  tasks.o(i.prvResetNextTaskUnblockTime)
    prvResetNextTaskUnblockTime              0x080047a1   Thumb Code    26  tasks.o(i.prvResetNextTaskUnblockTime)
    i.prvTaskExitError                       0x080047c0   Section        0  port.o(i.prvTaskExitError)
    prvTaskExitError                         0x080047c1   Thumb Code    36  port.o(i.prvTaskExitError)
    i.pvPortMalloc                           0x080047e8   Section        0  heap_4.o(i.pvPortMalloc)
    i.pxPortInitialiseStack                  0x080048c4   Section        0  port.o(i.pxPortInitialiseStack)
    i.uxListRemove                           0x080048f0   Section        0  list.o(i.uxListRemove)
    i.vApplicationGetIdleTaskMemory          0x08004918   Section        0  freertos.o(i.vApplicationGetIdleTaskMemory)
    i.vListInitialise                        0x0800492c   Section        0  list.o(i.vListInitialise)
    i.vListInitialiseItem                    0x08004942   Section        0  list.o(i.vListInitialiseItem)
    i.vListInsert                            0x08004948   Section        0  list.o(i.vListInsert)
    i.vListInsertEnd                         0x08004978   Section        0  list.o(i.vListInsertEnd)
    i.vPortEnterCritical                     0x08004990   Section        0  port.o(i.vPortEnterCritical)
    i.vPortExitCritical                      0x080049d0   Section        0  port.o(i.vPortExitCritical)
    i.vPortFree                              0x080049f8   Section        0  heap_4.o(i.vPortFree)
    i.vPortSetupTimerInterrupt               0x08004a5c   Section        0  port.o(i.vPortSetupTimerInterrupt)
    i.vTaskDelay                             0x08004a80   Section        0  tasks.o(i.vTaskDelay)
    i.vTaskStartScheduler                    0x08004acc   Section        0  tasks.o(i.vTaskStartScheduler)
    i.vTaskSuspendAll                        0x08004b38   Section        0  tasks.o(i.vTaskSuspendAll)
    i.vTaskSwitchContext                     0x08004b48   Section        0  tasks.o(i.vTaskSwitchContext)
    i.xPortStartScheduler                    0x08004ba4   Section        0  port.o(i.xPortStartScheduler)
    i.xTaskCreate                            0x08004c98   Section        0  tasks.o(i.xTaskCreate)
    i.xTaskCreateStatic                      0x08004cf2   Section        0  tasks.o(i.xTaskCreateStatic)
    i.xTaskIncrementTick                     0x08004d48   Section        0  tasks.o(i.xTaskIncrementTick)
    i.xTaskResumeAll                         0x08004e14   Section        0  tasks.o(i.xTaskResumeAll)
    .constdata                               0x08004ed8   Section        8  stm32f4xx_hal_dma.o(.constdata)
    flagBitshiftOffset                       0x08004ed8   Data           8  stm32f4xx_hal_dma.o(.constdata)
    .constdata                               0x08004ee0   Section       28  freertos.o(.constdata)
    .constdata                               0x08004efc   Section       16  system_stm32f4xx.o(.constdata)
    .constdata                               0x08004f0c   Section        8  system_stm32f4xx.o(.constdata)
    .conststring                             0x08004f14   Section       12  freertos.o(.conststring)
    .data                                    0x20000000   Section       12  stm32f4xx_hal.o(.data)
    .data                                    0x2000000c   Section       60  tasks.o(.data)
    uxDeletedTasksWaitingCleanUp             0x20000010   Data           4  tasks.o(.data)
    uxCurrentNumberOfTasks                   0x20000014   Data           4  tasks.o(.data)
    xTickCount                               0x20000018   Data           4  tasks.o(.data)
    uxTopReadyPriority                       0x2000001c   Data           4  tasks.o(.data)
    xSchedulerRunning                        0x20000020   Data           4  tasks.o(.data)
    xPendedTicks                             0x20000024   Data           4  tasks.o(.data)
    xYieldPending                            0x20000028   Data           4  tasks.o(.data)
    xNumOfOverflows                          0x2000002c   Data           4  tasks.o(.data)
    uxTaskNumber                             0x20000030   Data           4  tasks.o(.data)
    xNextTaskUnblockTime                     0x20000034   Data           4  tasks.o(.data)
    xIdleTaskHandle                          0x20000038   Data           4  tasks.o(.data)
    uxSchedulerSuspended                     0x2000003c   Data           4  tasks.o(.data)
    pxDelayedTaskList                        0x20000040   Data           4  tasks.o(.data)
    pxOverflowDelayedTaskList                0x20000044   Data           4  tasks.o(.data)
    .data                                    0x20000048   Section       32  heap_4.o(.data)
    pxEnd                                    0x20000048   Data           4  heap_4.o(.data)
    xFreeBytesRemaining                      0x2000004c   Data           4  heap_4.o(.data)
    xMinimumEverFreeBytesRemaining           0x20000050   Data           4  heap_4.o(.data)
    xNumberOfSuccessfulAllocations           0x20000054   Data           4  heap_4.o(.data)
    xNumberOfSuccessfulFrees                 0x20000058   Data           4  heap_4.o(.data)
    xBlockAllocatedBit                       0x2000005c   Data           4  heap_4.o(.data)
    xStart                                   0x20000060   Data           8  heap_4.o(.data)
    .data                                    0x20000068   Section       12  port.o(.data)
    ucMaxSysCallPriority                     0x20000068   Data           1  port.o(.data)
    uxCriticalNesting                        0x2000006c   Data           4  port.o(.data)
    ulMaxPRIGROUPValue                       0x20000070   Data           4  port.o(.data)
    .data                                    0x20000074   Section        4  freertos.o(.data)
    .data                                    0x20000078   Section        4  can.o(.data)
    HAL_RCC_CAN1_CLK_ENABLED                 0x20000078   Data           4  can.o(.data)
    .data                                    0x2000007c   Section        4  system_stm32f4xx.o(.data)
    .data                                    0x20000080   Section        1  usbd_ctlreq.o(.data)
    cfgidx                                   0x20000080   Data           1  usbd_ctlreq.o(.data)
    .data                                    0x20000084   Section        4  stdout.o(.data)
    .bss                                     0x20000088   Section      240  tasks.o(.bss)
    pxReadyTasksLists                        0x20000088   Data         140  tasks.o(.bss)
    xDelayedTaskList1                        0x20000114   Data          20  tasks.o(.bss)
    xDelayedTaskList2                        0x20000128   Data          20  tasks.o(.bss)
    xPendingReadyList                        0x2000013c   Data          20  tasks.o(.bss)
    xTasksWaitingTermination                 0x20000150   Data          20  tasks.o(.bss)
    xSuspendedTaskList                       0x20000164   Data          20  tasks.o(.bss)
    .bss                                     0x20000178   Section    15360  heap_4.o(.bss)
    ucHeap                                   0x20000178   Data       15360  heap_4.o(.bss)
    .bss                                     0x20003d78   Section      596  freertos.o(.bss)
    xIdleTaskTCBBuffer                       0x20003d78   Data          84  freertos.o(.bss)
    xIdleStack                               0x20003dcc   Data         512  freertos.o(.bss)
    .bss                                     0x20003fcc   Section       80  can.o(.bss)
    .bss                                     0x2000401c   Section       84  i2c.o(.bss)
    .bss                                     0x20004070   Section       16  rng.o(.bss)
    .bss                                     0x20004080   Section       88  spi.o(.bss)
    .bss                                     0x200040d8   Section      684  usart.o(.bss)
    .bss                                     0x20004384   Section       72  stm32f4xx_hal_timebase_tim.o(.bss)
    .bss                                     0x200043cc   Section     1836  usbd_conf.o(.bss)
    mem                                      0x200043cc   Data         544  usbd_conf.o(.bss)
    STACK                                    0x20004af8   Section     8192  startup_stm32f407xx.o(STACK)

    Global Symbols

    Symbol Name                              Value     Ov Type        Size  Object(Section)

    BuildAttributes$$THM_ISAv4$E$P$D$K$B$S$7EM$VFPi3$EXTD16$VFPS$VFMA$PE$A:L22UL41UL21$X:L11$S22US41US21$IEEE1$IW$USESV6$~STKCKD$USESV7$~SHL$OSPACE$ROPI$EBA8$MICROLIB$REQ8$PRES8$EABIv2 0x00000000   Number         0  anon$$obj.o ABSOLUTE
    __ARM_use_no_argv                        0x00000000   Number         0  main.o ABSOLUTE
    __arm_fini_                               - Undefined Weak Reference
    __cpp_initialize__aeabi_                  - Undefined Weak Reference
    __cxa_finalize                            - Undefined Weak Reference
    __decompress                              - Undefined Weak Reference
    _clock_init                               - Undefined Weak Reference
    _microlib_exit                            - Undefined Weak Reference
    __Vectors_Size                           0x00000188   Number         0  startup_stm32f407xx.o ABSOLUTE
    __Vectors                                0x08000000   Data           4  startup_stm32f407xx.o(RESET)
    __Vectors_End                            0x08000188   Data           0  startup_stm32f407xx.o(RESET)
    __main                                   0x08000189   Thumb Code     0  entry.o(.ARM.Collect$$$$00000000)
    _main_stk                                0x08000189   Thumb Code     0  entry2.o(.ARM.Collect$$$$00000001)
    _main_scatterload                        0x0800018d   Thumb Code     0  entry5.o(.ARM.Collect$$$$00000004)
    __main_after_scatterload                 0x08000191   Thumb Code     0  entry5.o(.ARM.Collect$$$$00000004)
    _main_clock                              0x08000191   Thumb Code     0  entry7b.o(.ARM.Collect$$$$00000008)
    _main_cpp_init                           0x08000191   Thumb Code     0  entry8b.o(.ARM.Collect$$$$0000000A)
    _main_init                               0x08000191   Thumb Code     0  entry9a.o(.ARM.Collect$$$$0000000B)
    __rt_lib_shutdown_fini                   0x08000199   Thumb Code     0  entry12b.o(.ARM.Collect$$$$0000000E)
    __rt_final_cpp                           0x0800019d   Thumb Code     0  entry10a.o(.ARM.Collect$$$$0000000F)
    __rt_final_exit                          0x0800019d   Thumb Code     0  entry11a.o(.ARM.Collect$$$$00000011)
    SVC_Handler                              0x080001a1   Thumb Code    28  port.o(.emb_text)
    __asm___6_port_c_39a90d8d__prvStartFirstTask 0x080001c1   Thumb Code    36  port.o(.emb_text)
    __asm___6_port_c_39a90d8d__prvEnableVFP  0x080001e9   Thumb Code    16  port.o(.emb_text)
    PendSV_Handler                           0x080001fd   Thumb Code    88  port.o(.emb_text)
    vPortGetIPSR                             0x08000259   Thumb Code     6  port.o(.emb_text)
    Reset_Handler                            0x08000261   Thumb Code     8  startup_stm32f407xx.o(.text)
    ADC_IRQHandler                           0x0800027b   Thumb Code     0  startup_stm32f407xx.o(.text)
    CAN1_RX1_IRQHandler                      0x0800027b   Thumb Code     0  startup_stm32f407xx.o(.text)
    CAN1_SCE_IRQHandler                      0x0800027b   Thumb Code     0  startup_stm32f407xx.o(.text)
    CAN2_RX1_IRQHandler                      0x0800027b   Thumb Code     0  startup_stm32f407xx.o(.text)
    CAN2_SCE_IRQHandler                      0x0800027b   Thumb Code     0  startup_stm32f407xx.o(.text)
    DCMI_IRQHandler                          0x0800027b   Thumb Code     0  startup_stm32f407xx.o(.text)
    DMA1_Stream0_IRQHandler                  0x0800027b   Thumb Code     0  startup_stm32f407xx.o(.text)
    DMA1_Stream2_IRQHandler                  0x0800027b   Thumb Code     0  startup_stm32f407xx.o(.text)
    DMA1_Stream3_IRQHandler                  0x0800027b   Thumb Code     0  startup_stm32f407xx.o(.text)
    DMA1_Stream4_IRQHandler                  0x0800027b   Thumb Code     0  startup_stm32f407xx.o(.text)
    DMA1_Stream5_IRQHandler                  0x0800027b   Thumb Code     0  startup_stm32f407xx.o(.text)
    DMA1_Stream6_IRQHandler                  0x0800027b   Thumb Code     0  startup_stm32f407xx.o(.text)
    DMA1_Stream7_IRQHandler                  0x0800027b   Thumb Code     0  startup_stm32f407xx.o(.text)
    DMA2_Stream0_IRQHandler                  0x0800027b   Thumb Code     0  startup_stm32f407xx.o(.text)
    DMA2_Stream3_IRQHandler                  0x0800027b   Thumb Code     0  startup_stm32f407xx.o(.text)
    DMA2_Stream4_IRQHandler                  0x0800027b   Thumb Code     0  startup_stm32f407xx.o(.text)
    DMA2_Stream5_IRQHandler                  0x0800027b   Thumb Code     0  startup_stm32f407xx.o(.text)
    ETH_IRQHandler                           0x0800027b   Thumb Code     0  startup_stm32f407xx.o(.text)
    ETH_WKUP_IRQHandler                      0x0800027b   Thumb Code     0  startup_stm32f407xx.o(.text)
    EXTI15_10_IRQHandler                     0x0800027b   Thumb Code     0  startup_stm32f407xx.o(.text)
    EXTI1_IRQHandler                         0x0800027b   Thumb Code     0  startup_stm32f407xx.o(.text)
    EXTI2_IRQHandler                         0x0800027b   Thumb Code     0  startup_stm32f407xx.o(.text)
    EXTI3_IRQHandler                         0x0800027b   Thumb Code     0  startup_stm32f407xx.o(.text)
    EXTI4_IRQHandler                         0x0800027b   Thumb Code     0  startup_stm32f407xx.o(.text)
    EXTI9_5_IRQHandler                       0x0800027b   Thumb Code     0  startup_stm32f407xx.o(.text)
    FLASH_IRQHandler                         0x0800027b   Thumb Code     0  startup_stm32f407xx.o(.text)
    FMC_IRQHandler                           0x0800027b   Thumb Code     0  startup_stm32f407xx.o(.text)
    FPU_IRQHandler                           0x0800027b   Thumb Code     0  startup_stm32f407xx.o(.text)
    HASH_RNG_IRQHandler                      0x0800027b   Thumb Code     0  startup_stm32f407xx.o(.text)
    I2C1_ER_IRQHandler                       0x0800027b   Thumb Code     0  startup_stm32f407xx.o(.text)
    I2C1_EV_IRQHandler                       0x0800027b   Thumb Code     0  startup_stm32f407xx.o(.text)
    I2C2_ER_IRQHandler                       0x0800027b   Thumb Code     0  startup_stm32f407xx.o(.text)
    I2C2_EV_IRQHandler                       0x0800027b   Thumb Code     0  startup_stm32f407xx.o(.text)
    I2C3_ER_IRQHandler                       0x0800027b   Thumb Code     0  startup_stm32f407xx.o(.text)
    I2C3_EV_IRQHandler                       0x0800027b   Thumb Code     0  startup_stm32f407xx.o(.text)
    OTG_FS_WKUP_IRQHandler                   0x0800027b   Thumb Code     0  startup_stm32f407xx.o(.text)
    OTG_HS_EP1_IN_IRQHandler                 0x0800027b   Thumb Code     0  startup_stm32f407xx.o(.text)
    OTG_HS_EP1_OUT_IRQHandler                0x0800027b   Thumb Code     0  startup_stm32f407xx.o(.text)
    OTG_HS_IRQHandler                        0x0800027b   Thumb Code     0  startup_stm32f407xx.o(.text)
    OTG_HS_WKUP_IRQHandler                   0x0800027b   Thumb Code     0  startup_stm32f407xx.o(.text)
    PVD_IRQHandler                           0x0800027b   Thumb Code     0  startup_stm32f407xx.o(.text)
    RCC_IRQHandler                           0x0800027b   Thumb Code     0  startup_stm32f407xx.o(.text)
    RTC_Alarm_IRQHandler                     0x0800027b   Thumb Code     0  startup_stm32f407xx.o(.text)
    RTC_WKUP_IRQHandler                      0x0800027b   Thumb Code     0  startup_stm32f407xx.o(.text)
    SDIO_IRQHandler                          0x0800027b   Thumb Code     0  startup_stm32f407xx.o(.text)
    SPI1_IRQHandler                          0x0800027b   Thumb Code     0  startup_stm32f407xx.o(.text)
    SPI2_IRQHandler                          0x0800027b   Thumb Code     0  startup_stm32f407xx.o(.text)
    SPI3_IRQHandler                          0x0800027b   Thumb Code     0  startup_stm32f407xx.o(.text)
    TAMP_STAMP_IRQHandler                    0x0800027b   Thumb Code     0  startup_stm32f407xx.o(.text)
    TIM1_CC_IRQHandler                       0x0800027b   Thumb Code     0  startup_stm32f407xx.o(.text)
    TIM1_TRG_COM_TIM11_IRQHandler            0x0800027b   Thumb Code     0  startup_stm32f407xx.o(.text)
    TIM1_UP_TIM10_IRQHandler                 0x0800027b   Thumb Code     0  startup_stm32f407xx.o(.text)
    TIM2_IRQHandler                          0x0800027b   Thumb Code     0  startup_stm32f407xx.o(.text)
    TIM3_IRQHandler                          0x0800027b   Thumb Code     0  startup_stm32f407xx.o(.text)
    TIM4_IRQHandler                          0x0800027b   Thumb Code     0  startup_stm32f407xx.o(.text)
    TIM5_IRQHandler                          0x0800027b   Thumb Code     0  startup_stm32f407xx.o(.text)
    TIM6_DAC_IRQHandler                      0x0800027b   Thumb Code     0  startup_stm32f407xx.o(.text)
    TIM7_IRQHandler                          0x0800027b   Thumb Code     0  startup_stm32f407xx.o(.text)
    TIM8_BRK_TIM12_IRQHandler                0x0800027b   Thumb Code     0  startup_stm32f407xx.o(.text)
    TIM8_CC_IRQHandler                       0x0800027b   Thumb Code     0  startup_stm32f407xx.o(.text)
    TIM8_TRG_COM_TIM14_IRQHandler            0x0800027b   Thumb Code     0  startup_stm32f407xx.o(.text)
    TIM8_UP_TIM13_IRQHandler                 0x0800027b   Thumb Code     0  startup_stm32f407xx.o(.text)
    UART4_IRQHandler                         0x0800027b   Thumb Code     0  startup_stm32f407xx.o(.text)
    UART5_IRQHandler                         0x0800027b   Thumb Code     0  startup_stm32f407xx.o(.text)
    USART2_IRQHandler                        0x0800027b   Thumb Code     0  startup_stm32f407xx.o(.text)
    WWDG_IRQHandler                          0x0800027b   Thumb Code     0  startup_stm32f407xx.o(.text)
    __aeabi_uldivmod                         0x08000285   Thumb Code    98  uldiv.o(.text)
    __aeabi_memcpy                           0x080002e7   Thumb Code    36  memcpya.o(.text)
    __aeabi_memcpy4                          0x080002e7   Thumb Code     0  memcpya.o(.text)
    __aeabi_memcpy8                          0x080002e7   Thumb Code     0  memcpya.o(.text)
    __aeabi_memset                           0x0800030b   Thumb Code    14  memseta.o(.text)
    __aeabi_memset4                          0x0800030b   Thumb Code     0  memseta.o(.text)
    __aeabi_memset8                          0x0800030b   Thumb Code     0  memseta.o(.text)
    __aeabi_memclr                           0x08000319   Thumb Code     4  memseta.o(.text)
    __aeabi_memclr4                          0x08000319   Thumb Code     0  memseta.o(.text)
    __aeabi_memclr8                          0x08000319   Thumb Code     0  memseta.o(.text)
    _memset$wrapper                          0x0800031d   Thumb Code    18  memseta.o(.text)
    __aeabi_llsl                             0x0800032f   Thumb Code    30  llshl.o(.text)
    _ll_shift_l                              0x0800032f   Thumb Code     0  llshl.o(.text)
    __aeabi_llsr                             0x0800034d   Thumb Code    32  llushr.o(.text)
    _ll_ushift_r                             0x0800034d   Thumb Code     0  llushr.o(.text)
    __scatterload                            0x0800036d   Thumb Code    28  init.o(.text)
    __scatterload_rt2                        0x0800036d   Thumb Code     0  init.o(.text)
    BusFault_Handler                         0x08000391   Thumb Code     2  stm32f4xx_it.o(i.BusFault_Handler)
    CAN1_RX0_IRQHandler                      0x08000395   Thumb Code     6  stm32f4xx_it.o(i.CAN1_RX0_IRQHandler)
    CAN1_TX_IRQHandler                       0x080003a1   Thumb Code     6  stm32f4xx_it.o(i.CAN1_TX_IRQHandler)
    CAN2_RX0_IRQHandler                      0x080003ad   Thumb Code     6  stm32f4xx_it.o(i.CAN2_RX0_IRQHandler)
    CAN2_TX_IRQHandler                       0x080003b9   Thumb Code     6  stm32f4xx_it.o(i.CAN2_TX_IRQHandler)
    DMA1_Stream1_IRQHandler                  0x080003c5   Thumb Code     6  stm32f4xx_it.o(i.DMA1_Stream1_IRQHandler)
    DMA2_Stream1_IRQHandler                  0x080003d1   Thumb Code     6  stm32f4xx_it.o(i.DMA2_Stream1_IRQHandler)
    DMA2_Stream2_IRQHandler                  0x080003dd   Thumb Code     6  stm32f4xx_it.o(i.DMA2_Stream2_IRQHandler)
    DMA2_Stream6_IRQHandler                  0x080003e9   Thumb Code     6  stm32f4xx_it.o(i.DMA2_Stream6_IRQHandler)
    DMA2_Stream7_IRQHandler                  0x080003f5   Thumb Code     6  stm32f4xx_it.o(i.DMA2_Stream7_IRQHandler)
    DebugMon_Handler                         0x0800047d   Thumb Code     2  stm32f4xx_it.o(i.DebugMon_Handler)
    EXTI0_IRQHandler                         0x0800047f   Thumb Code     6  stm32f4xx_it.o(i.EXTI0_IRQHandler)
    Error_Handler                            0x08000485   Thumb Code     4  main.o(i.Error_Handler)
    HAL_CAN_ErrorCallback                    0x08000489   Thumb Code     2  stm32f4xx_hal_can.o(i.HAL_CAN_ErrorCallback)
    HAL_CAN_IRQHandler                       0x0800048b   Thumb Code   508  stm32f4xx_hal_can.o(i.HAL_CAN_IRQHandler)
    HAL_CAN_Init                             0x08000687   Thumb Code   282  stm32f4xx_hal_can.o(i.HAL_CAN_Init)
    HAL_CAN_MspInit                          0x080007a1   Thumb Code   258  can.o(i.HAL_CAN_MspInit)
    HAL_CAN_RxFifo0FullCallback              0x080008bd   Thumb Code     2  stm32f4xx_hal_can.o(i.HAL_CAN_RxFifo0FullCallback)
    HAL_CAN_RxFifo0MsgPendingCallback        0x080008bf   Thumb Code     2  stm32f4xx_hal_can.o(i.HAL_CAN_RxFifo0MsgPendingCallback)
    HAL_CAN_RxFifo1FullCallback              0x080008c1   Thumb Code     2  stm32f4xx_hal_can.o(i.HAL_CAN_RxFifo1FullCallback)
    HAL_CAN_RxFifo1MsgPendingCallback        0x080008c3   Thumb Code     2  stm32f4xx_hal_can.o(i.HAL_CAN_RxFifo1MsgPendingCallback)
    HAL_CAN_SleepCallback                    0x080008c5   Thumb Code     2  stm32f4xx_hal_can.o(i.HAL_CAN_SleepCallback)
    HAL_CAN_TxMailbox0AbortCallback          0x080008c7   Thumb Code     2  stm32f4xx_hal_can.o(i.HAL_CAN_TxMailbox0AbortCallback)
    HAL_CAN_TxMailbox0CompleteCallback       0x080008c9   Thumb Code     2  stm32f4xx_hal_can.o(i.HAL_CAN_TxMailbox0CompleteCallback)
    HAL_CAN_TxMailbox1AbortCallback          0x080008cb   Thumb Code     2  stm32f4xx_hal_can.o(i.HAL_CAN_TxMailbox1AbortCallback)
    HAL_CAN_TxMailbox1CompleteCallback       0x080008cd   Thumb Code     2  stm32f4xx_hal_can.o(i.HAL_CAN_TxMailbox1CompleteCallback)
    HAL_CAN_TxMailbox2AbortCallback          0x080008cf   Thumb Code     2  stm32f4xx_hal_can.o(i.HAL_CAN_TxMailbox2AbortCallback)
    HAL_CAN_TxMailbox2CompleteCallback       0x080008d1   Thumb Code     2  stm32f4xx_hal_can.o(i.HAL_CAN_TxMailbox2CompleteCallback)
    HAL_CAN_WakeUpFromRxMsgCallback          0x080008d3   Thumb Code     2  stm32f4xx_hal_can.o(i.HAL_CAN_WakeUpFromRxMsgCallback)
    HAL_DMA_Abort                            0x080008d5   Thumb Code   146  stm32f4xx_hal_dma.o(i.HAL_DMA_Abort)
    HAL_DMA_Abort_IT                         0x08000967   Thumb Code    36  stm32f4xx_hal_dma.o(i.HAL_DMA_Abort_IT)
    HAL_DMA_IRQHandler                       0x0800098d   Thumb Code   412  stm32f4xx_hal_dma.o(i.HAL_DMA_IRQHandler)
    HAL_DMA_Init                             0x08000b2d   Thumb Code   206  stm32f4xx_hal_dma.o(i.HAL_DMA_Init)
    HAL_GPIO_EXTI_Callback                   0x08000c01   Thumb Code     2  stm32f4xx_hal_gpio.o(i.HAL_GPIO_EXTI_Callback)
    HAL_GPIO_EXTI_IRQHandler                 0x08000c05   Thumb Code    18  stm32f4xx_hal_gpio.o(i.HAL_GPIO_EXTI_IRQHandler)
    HAL_GPIO_Init                            0x08000c1d   Thumb Code   450  stm32f4xx_hal_gpio.o(i.HAL_GPIO_Init)
    HAL_GPIO_TogglePin                       0x08000e0d   Thumb Code    16  stm32f4xx_hal_gpio.o(i.HAL_GPIO_TogglePin)
    HAL_GPIO_WritePin                        0x08000e1d   Thumb Code    10  stm32f4xx_hal_gpio.o(i.HAL_GPIO_WritePin)
    HAL_GetTick                              0x08000e29   Thumb Code     6  stm32f4xx_hal.o(i.HAL_GetTick)
    HAL_I2C_Init                             0x08000e35   Thumb Code   376  stm32f4xx_hal_i2c.o(i.HAL_I2C_Init)
    HAL_I2C_MspInit                          0x08000fbd   Thumb Code    94  i2c.o(i.HAL_I2C_MspInit)
    HAL_IncTick                              0x08001029   Thumb Code    12  stm32f4xx_hal.o(i.HAL_IncTick)
    HAL_Init                                 0x08001039   Thumb Code    48  stm32f4xx_hal.o(i.HAL_Init)
    HAL_InitTick                             0x0800106d   Thumb Code   120  stm32f4xx_hal_timebase_tim.o(i.HAL_InitTick)
    HAL_MspInit                              0x080010f9   Thumb Code    52  stm32f4xx_hal_msp.o(i.HAL_MspInit)
    HAL_NVIC_EnableIRQ                       0x08001131   Thumb Code    26  stm32f4xx_hal_cortex.o(i.HAL_NVIC_EnableIRQ)
    HAL_NVIC_SetPriority                     0x0800114d   Thumb Code    60  stm32f4xx_hal_cortex.o(i.HAL_NVIC_SetPriority)
    HAL_NVIC_SetPriorityGrouping             0x0800118d   Thumb Code    26  stm32f4xx_hal_cortex.o(i.HAL_NVIC_SetPriorityGrouping)
    HAL_PCDEx_LPM_Callback                   0x080011b1   Thumb Code     2  stm32f4xx_hal_pcd_ex.o(i.HAL_PCDEx_LPM_Callback)
    HAL_PCD_ConnectCallback                  0x080011b3   Thumb Code     8  usbd_conf.o(i.HAL_PCD_ConnectCallback)
    HAL_PCD_DataInStageCallback              0x080011bb   Thumb Code    18  usbd_conf.o(i.HAL_PCD_DataInStageCallback)
    HAL_PCD_DataOutStageCallback             0x080011cd   Thumb Code    20  usbd_conf.o(i.HAL_PCD_DataOutStageCallback)
    HAL_PCD_DisconnectCallback               0x080011e1   Thumb Code     8  usbd_conf.o(i.HAL_PCD_DisconnectCallback)
    HAL_PCD_EP_Abort                         0x080011e9   Thumb Code    30  stm32f4xx_hal_pcd.o(i.HAL_PCD_EP_Abort)
    HAL_PCD_EP_ClrStall                      0x08001207   Thumb Code    92  stm32f4xx_hal_pcd.o(i.HAL_PCD_EP_ClrStall)
    HAL_PCD_EP_Open                          0x08001263   Thumb Code    96  stm32f4xx_hal_pcd.o(i.HAL_PCD_EP_Open)
    HAL_PCD_EP_Receive                       0x080012c3   Thumb Code    72  stm32f4xx_hal_pcd.o(i.HAL_PCD_EP_Receive)
    HAL_PCD_EP_SetStall                      0x0800130b   Thumb Code   116  stm32f4xx_hal_pcd.o(i.HAL_PCD_EP_SetStall)
    HAL_PCD_EP_Transmit                      0x0800137f   Thumb Code    64  stm32f4xx_hal_pcd.o(i.HAL_PCD_EP_Transmit)
    HAL_PCD_IRQHandler                       0x080013c1   Thumb Code  1376  stm32f4xx_hal_pcd.o(i.HAL_PCD_IRQHandler)
    HAL_PCD_ISOINIncompleteCallback          0x08001921   Thumb Code     8  usbd_conf.o(i.HAL_PCD_ISOINIncompleteCallback)
    HAL_PCD_ISOOUTIncompleteCallback         0x08001929   Thumb Code     8  usbd_conf.o(i.HAL_PCD_ISOOUTIncompleteCallback)
    HAL_PCD_ResetCallback                    0x08001931   Thumb Code    44  usbd_conf.o(i.HAL_PCD_ResetCallback)
    HAL_PCD_ResumeCallback                   0x0800195d   Thumb Code     8  usbd_conf.o(i.HAL_PCD_ResumeCallback)
    HAL_PCD_SOFCallback                      0x08001965   Thumb Code     8  usbd_conf.o(i.HAL_PCD_SOFCallback)
    HAL_PCD_SetAddress                       0x0800196d   Thumb Code    40  stm32f4xx_hal_pcd.o(i.HAL_PCD_SetAddress)
    HAL_PCD_SetupStageCallback               0x08001995   Thumb Code    14  usbd_conf.o(i.HAL_PCD_SetupStageCallback)
    HAL_PCD_SuspendCallback                  0x080019a5   Thumb Code    44  usbd_conf.o(i.HAL_PCD_SuspendCallback)
    HAL_RCC_ClockConfig                      0x080019d5   Thumb Code   288  stm32f4xx_hal_rcc.o(i.HAL_RCC_ClockConfig)
    HAL_RCC_GetClockConfig                   0x08001b09   Thumb Code    54  stm32f4xx_hal_rcc.o(i.HAL_RCC_GetClockConfig)
    HAL_RCC_GetHCLKFreq                      0x08001b49   Thumb Code     6  stm32f4xx_hal_rcc.o(i.HAL_RCC_GetHCLKFreq)
    HAL_RCC_GetPCLK1Freq                     0x08001b55   Thumb Code    20  stm32f4xx_hal_rcc.o(i.HAL_RCC_GetPCLK1Freq)
    HAL_RCC_GetPCLK2Freq                     0x08001b75   Thumb Code    20  stm32f4xx_hal_rcc.o(i.HAL_RCC_GetPCLK2Freq)
    HAL_RCC_GetSysClockFreq                  0x08001b95   Thumb Code    88  stm32f4xx_hal_rcc.o(i.HAL_RCC_GetSysClockFreq)
    HAL_RCC_OscConfig                        0x08001bf9   Thumb Code   856  stm32f4xx_hal_rcc.o(i.HAL_RCC_OscConfig)
    HAL_RNG_Init                             0x08001f65   Thumb Code    50  stm32f4xx_hal_rng.o(i.HAL_RNG_Init)
    HAL_RNG_MspInit                          0x08001f99   Thumb Code    30  rng.o(i.HAL_RNG_MspInit)
    HAL_SPI_Init                             0x08001fc1   Thumb Code   188  stm32f4xx_hal_spi.o(i.HAL_SPI_Init)
    HAL_SPI_MspInit                          0x0800207d   Thumb Code   128  spi.o(i.HAL_SPI_MspInit)
    HAL_TIMEx_BreakCallback                  0x0800210d   Thumb Code     2  stm32f4xx_hal_tim_ex.o(i.HAL_TIMEx_BreakCallback)
    HAL_TIMEx_CommutCallback                 0x0800210f   Thumb Code     2  stm32f4xx_hal_tim_ex.o(i.HAL_TIMEx_CommutCallback)
    HAL_TIM_Base_Init                        0x08002111   Thumb Code    90  stm32f4xx_hal_tim.o(i.HAL_TIM_Base_Init)
    HAL_TIM_Base_MspInit                     0x0800216b   Thumb Code     2  stm32f4xx_hal_tim.o(i.HAL_TIM_Base_MspInit)
    HAL_TIM_Base_Start_IT                    0x0800216d   Thumb Code   100  stm32f4xx_hal_tim.o(i.HAL_TIM_Base_Start_IT)
    HAL_TIM_IC_CaptureCallback               0x080021ed   Thumb Code     2  stm32f4xx_hal_tim.o(i.HAL_TIM_IC_CaptureCallback)
    HAL_TIM_IRQHandler                       0x080021ef   Thumb Code   358  stm32f4xx_hal_tim.o(i.HAL_TIM_IRQHandler)
    HAL_TIM_OC_DelayElapsedCallback          0x08002355   Thumb Code     2  stm32f4xx_hal_tim.o(i.HAL_TIM_OC_DelayElapsedCallback)
    HAL_TIM_PWM_PulseFinishedCallback        0x08002357   Thumb Code     2  stm32f4xx_hal_tim.o(i.HAL_TIM_PWM_PulseFinishedCallback)
    HAL_TIM_PeriodElapsedCallback            0x08002359   Thumb Code    14  main.o(i.HAL_TIM_PeriodElapsedCallback)
    HAL_TIM_TriggerCallback                  0x0800236d   Thumb Code     2  stm32f4xx_hal_tim.o(i.HAL_TIM_TriggerCallback)
    HAL_UARTEx_RxEventCallback               0x0800236f   Thumb Code     2  stm32f4xx_hal_uart.o(i.HAL_UARTEx_RxEventCallback)
    HAL_UART_ErrorCallback                   0x08002371   Thumb Code     2  stm32f4xx_hal_uart.o(i.HAL_UART_ErrorCallback)
    HAL_UART_IRQHandler                      0x08002375   Thumb Code   610  stm32f4xx_hal_uart.o(i.HAL_UART_IRQHandler)
    HAL_UART_Init                            0x080025dd   Thumb Code    98  stm32f4xx_hal_uart.o(i.HAL_UART_Init)
    HAL_UART_MspInit                         0x08002641   Thumb Code   602  usart.o(i.HAL_UART_MspInit)
    HAL_UART_RxCpltCallback                  0x080028cd   Thumb Code     2  stm32f4xx_hal_uart.o(i.HAL_UART_RxCpltCallback)
    HAL_UART_Transmit                        0x080028d1   Thumb Code   178  stm32f4xx_hal_uart.o(i.HAL_UART_Transmit)
    HAL_UART_TxCpltCallback                  0x08002983   Thumb Code     2  stm32f4xx_hal_uart.o(i.HAL_UART_TxCpltCallback)
    HardFault_Handler                        0x08002985   Thumb Code     2  stm32f4xx_it.o(i.HardFault_Handler)
    MX_CAN1_Init                             0x08002989   Thumb Code    62  can.o(i.MX_CAN1_Init)
    MX_CAN2_Init                             0x080029d1   Thumb Code    62  can.o(i.MX_CAN2_Init)
    MX_DMA_Init                              0x08002a19   Thumb Code   120  dma.o(i.MX_DMA_Init)
    MX_FREERTOS_Init                         0x08002a95   Thumb Code    30  freertos.o(i.MX_FREERTOS_Init)
    MX_GPIO_Init                             0x08002abd   Thumb Code   184  gpio.o(i.MX_GPIO_Init)
    MX_I2C1_Init                             0x08002b81   Thumb Code    50  i2c.o(i.MX_I2C1_Init)
    MX_RNG_Init                              0x08002bc1   Thumb Code    28  rng.o(i.MX_RNG_Init)
    MX_SPI1_Init                             0x08002be5   Thumb Code    62  spi.o(i.MX_SPI1_Init)
    MX_USART1_UART_Init                      0x08002c2d   Thumb Code    48  usart.o(i.MX_USART1_UART_Init)
    MX_USART3_UART_Init                      0x08002c65   Thumb Code    50  usart.o(i.MX_USART3_UART_Init)
    MX_USART6_UART_Init                      0x08002ca5   Thumb Code    48  usart.o(i.MX_USART6_UART_Init)
    MemManage_Handler                        0x08002cdd   Thumb Code     2  stm32f4xx_it.o(i.MemManage_Handler)
    NMI_Handler                              0x08002cdf   Thumb Code     2  stm32f4xx_it.o(i.NMI_Handler)
    OTG_FS_IRQHandler                        0x08002ce1   Thumb Code     6  stm32f4xx_it.o(i.OTG_FS_IRQHandler)
    StartDefaultTask                         0x08002e65   Thumb Code    28  init.o(i.StartDefaultTask)
    SysTick_Handler                          0x08002ea5   Thumb Code    38  port.o(i.SysTick_Handler)
    SystemClock_Config                       0x08002ed1   Thumb Code   140  main.o(i.SystemClock_Config)
    SystemInit                               0x08002f65   Thumb Code    12  system_stm32f4xx.o(i.SystemInit)
    TIM1_BRK_TIM9_IRQHandler                 0x08002f75   Thumb Code     6  stm32f4xx_it.o(i.TIM1_BRK_TIM9_IRQHandler)
    TIM_Base_SetConfig                       0x08002f81   Thumb Code   156  stm32f4xx_hal_tim.o(i.TIM_Base_SetConfig)
    USART1_IRQHandler                        0x080032ed   Thumb Code     6  stm32f4xx_it.o(i.USART1_IRQHandler)
    USART3_IRQHandler                        0x080032f9   Thumb Code     6  stm32f4xx_it.o(i.USART3_IRQHandler)
    USART6_IRQHandler                        0x08003305   Thumb Code     6  stm32f4xx_it.o(i.USART6_IRQHandler)
    USBD_ClrClassConfig                      0x08003311   Thumb Code    20  usbd_core.o(i.USBD_ClrClassConfig)
    USBD_CoreFindEP                          0x08003325   Thumb Code     4  usbd_core.o(i.USBD_CoreFindEP)
    USBD_CoreFindIF                          0x08003329   Thumb Code     4  usbd_core.o(i.USBD_CoreFindIF)
    USBD_CtlContinueRx                       0x0800332d   Thumb Code    16  usbd_ioreq.o(i.USBD_CtlContinueRx)
    USBD_CtlContinueSendData                 0x0800333d   Thumb Code    16  usbd_ioreq.o(i.USBD_CtlContinueSendData)
    USBD_CtlError                            0x0800334d   Thumb Code    22  usbd_ctlreq.o(i.USBD_CtlError)
    USBD_CtlReceiveStatus                    0x08003363   Thumb Code    22  usbd_ioreq.o(i.USBD_CtlReceiveStatus)
    USBD_CtlSendData                         0x08003379   Thumb Code    26  usbd_ioreq.o(i.USBD_CtlSendData)
    USBD_CtlSendStatus                       0x08003393   Thumb Code    22  usbd_ioreq.o(i.USBD_CtlSendStatus)
    USBD_Get_USB_Status                      0x0800348f   Thumb Code    24  usbd_conf.o(i.USBD_Get_USB_Status)
    USBD_LL_ClearStallEP                     0x080034a7   Thumb Code    18  usbd_conf.o(i.USBD_LL_ClearStallEP)
    USBD_LL_DataInStage                      0x080034b9   Thumb Code   182  usbd_core.o(i.USBD_LL_DataInStage)
    USBD_LL_DataOutStage                     0x0800356f   Thumb Code   142  usbd_core.o(i.USBD_LL_DataOutStage)
    USBD_LL_DevConnected                     0x080035fd   Thumb Code     4  usbd_core.o(i.USBD_LL_DevConnected)
    USBD_LL_DevDisconnected                  0x08003601   Thumb Code    30  usbd_core.o(i.USBD_LL_DevDisconnected)
    USBD_LL_IsStallEP                        0x0800361f   Thumb Code    32  usbd_conf.o(i.USBD_LL_IsStallEP)
    USBD_LL_IsoINIncomplete                  0x0800363f   Thumb Code    40  usbd_core.o(i.USBD_LL_IsoINIncomplete)
    USBD_LL_IsoOUTIncomplete                 0x08003667   Thumb Code    40  usbd_core.o(i.USBD_LL_IsoOUTIncomplete)
    USBD_LL_OpenEP                           0x0800368f   Thumb Code    24  usbd_conf.o(i.USBD_LL_OpenEP)
    USBD_LL_PrepareReceive                   0x080036a7   Thumb Code    18  usbd_conf.o(i.USBD_LL_PrepareReceive)
    USBD_LL_Reset                            0x080036b9   Thumb Code    92  usbd_core.o(i.USBD_LL_Reset)
    USBD_LL_Resume                           0x08003715   Thumb Code    20  usbd_core.o(i.USBD_LL_Resume)
    USBD_LL_SOF                              0x08003729   Thumb Code    26  usbd_core.o(i.USBD_LL_SOF)
    USBD_LL_SetSpeed                         0x08003743   Thumb Code     6  usbd_core.o(i.USBD_LL_SetSpeed)
    USBD_LL_SetUSBAddress                    0x08003749   Thumb Code    18  usbd_conf.o(i.USBD_LL_SetUSBAddress)
    USBD_LL_SetupStage                       0x0800375b   Thumb Code    96  usbd_core.o(i.USBD_LL_SetupStage)
    USBD_LL_StallEP                          0x080037bb   Thumb Code    18  usbd_conf.o(i.USBD_LL_StallEP)
    USBD_LL_Suspend                          0x080037cd   Thumb Code    18  usbd_core.o(i.USBD_LL_Suspend)
    USBD_LL_Transmit                         0x080037df   Thumb Code    18  usbd_conf.o(i.USBD_LL_Transmit)
    USBD_ParseSetupRequest                   0x080037f1   Thumb Code    44  usbd_ctlreq.o(i.USBD_ParseSetupRequest)
    USBD_SetClassConfig                      0x0800381d   Thumb Code    20  usbd_core.o(i.USBD_SetClassConfig)
    USBD_StdDevReq                           0x080038e9   Thumb Code   300  usbd_ctlreq.o(i.USBD_StdDevReq)
    USBD_StdEPReq                            0x08003a15   Thumb Code   352  usbd_ctlreq.o(i.USBD_StdEPReq)
    USBD_StdItfReq                           0x08003b75   Thumb Code   114  usbd_ctlreq.o(i.USBD_StdItfReq)
    USB_ActivateEndpoint                     0x08003be9   Thumb Code   122  stm32f4xx_ll_usb.o(i.USB_ActivateEndpoint)
    USB_ActivateSetup                        0x08003c69   Thumb Code    28  stm32f4xx_ll_usb.o(i.USB_ActivateSetup)
    USB_EP0StartXfer                         0x08003c85   Thumb Code   280  stm32f4xx_ll_usb.o(i.USB_EP0StartXfer)
    USB_EP0_OutStart                         0x08003da1   Thumb Code    84  stm32f4xx_ll_usb.o(i.USB_EP0_OutStart)
    USB_EPClearStall                         0x08003df9   Thumb Code    88  stm32f4xx_ll_usb.o(i.USB_EPClearStall)
    USB_EPSetStall                           0x08003e51   Thumb Code    88  stm32f4xx_ll_usb.o(i.USB_EPSetStall)
    USB_EPStartXfer                          0x08003ea9   Thumb Code   480  stm32f4xx_ll_usb.o(i.USB_EPStartXfer)
    USB_EPStopXfer                           0x0800408d   Thumb Code   158  stm32f4xx_ll_usb.o(i.USB_EPStopXfer)
    USB_FlushTxFifo                          0x0800412d   Thumb Code    58  stm32f4xx_ll_usb.o(i.USB_FlushTxFifo)
    USB_GetDevSpeed                          0x0800416d   Thumb Code    26  stm32f4xx_ll_usb.o(i.USB_GetDevSpeed)
    USB_GetMode                              0x08004187   Thumb Code     8  stm32f4xx_ll_usb.o(i.USB_GetMode)
    USB_ReadDevAllInEpInterrupt              0x0800418f   Thumb Code    14  stm32f4xx_ll_usb.o(i.USB_ReadDevAllInEpInterrupt)
    USB_ReadDevAllOutEpInterrupt             0x0800419d   Thumb Code    14  stm32f4xx_ll_usb.o(i.USB_ReadDevAllOutEpInterrupt)
    USB_ReadDevInEPInterrupt                 0x080041ab   Thumb Code    36  stm32f4xx_ll_usb.o(i.USB_ReadDevInEPInterrupt)
    USB_ReadDevOutEPInterrupt                0x080041cf   Thumb Code    16  stm32f4xx_ll_usb.o(i.USB_ReadDevOutEPInterrupt)
    USB_ReadInterrupts                       0x080041df   Thumb Code     8  stm32f4xx_ll_usb.o(i.USB_ReadInterrupts)
    USB_ReadPacket                           0x080041e7   Thumb Code    62  stm32f4xx_ll_usb.o(i.USB_ReadPacket)
    USB_SetDevAddress                        0x08004225   Thumb Code    34  stm32f4xx_ll_usb.o(i.USB_SetDevAddress)
    USB_SetTurnaroundTime                    0x08004249   Thumb Code   158  stm32f4xx_ll_usb.o(i.USB_SetTurnaroundTime)
    USB_WritePacket                          0x08004331   Thumb Code    40  stm32f4xx_ll_usb.o(i.USB_WritePacket)
    UsageFault_Handler                       0x08004359   Thumb Code     2  stm32f4xx_it.o(i.UsageFault_Handler)
    __0printf$bare                           0x0800435d   Thumb Code     8  printfb.o(i.__0printf$bare)
    __1printf$bare                           0x0800435d   Thumb Code     0  printfb.o(i.__0printf$bare)
    __2printf                                0x0800435d   Thumb Code     0  printfb.o(i.__0printf$bare)
    __scatterload_copy                       0x0800438d   Thumb Code    14  handlers.o(i.__scatterload_copy)
    __scatterload_null                       0x0800439b   Thumb Code     2  handlers.o(i.__scatterload_null)
    __scatterload_zeroinit                   0x0800439d   Thumb Code    14  handlers.o(i.__scatterload_zeroinit)
    fputc                                    0x080043cd   Thumb Code    24  init.o(i.fputc)
    main                                     0x080043e9   Thumb Code    58  main.o(i.main)
    osDelay                                  0x0800442f   Thumb Code    14  cmsis_os.o(i.osDelay)
    osKernelStart                            0x0800443d   Thumb Code    10  cmsis_os.o(i.osKernelStart)
    osThreadCreate                           0x08004447   Thumb Code    84  cmsis_os.o(i.osThreadCreate)
    pvPortMalloc                             0x080047e9   Thumb Code   216  heap_4.o(i.pvPortMalloc)
    pxPortInitialiseStack                    0x080048c5   Thumb Code    40  port.o(i.pxPortInitialiseStack)
    uxListRemove                             0x080048f1   Thumb Code    38  list.o(i.uxListRemove)
    vApplicationGetIdleTaskMemory            0x08004919   Thumb Code    16  freertos.o(i.vApplicationGetIdleTaskMemory)
    vListInitialise                          0x0800492d   Thumb Code    22  list.o(i.vListInitialise)
    vListInitialiseItem                      0x08004943   Thumb Code     6  list.o(i.vListInitialiseItem)
    vListInsert                              0x08004949   Thumb Code    48  list.o(i.vListInsert)
    vListInsertEnd                           0x08004979   Thumb Code    24  list.o(i.vListInsertEnd)
    vPortEnterCritical                       0x08004991   Thumb Code    54  port.o(i.vPortEnterCritical)
    vPortExitCritical                        0x080049d1   Thumb Code    34  port.o(i.vPortExitCritical)
    vPortFree                                0x080049f9   Thumb Code    94  heap_4.o(i.vPortFree)
    vPortSetupTimerInterrupt                 0x08004a5d   Thumb Code    32  port.o(i.vPortSetupTimerInterrupt)
    vTaskDelay                               0x08004a81   Thumb Code    66  tasks.o(i.vTaskDelay)
    vTaskStartScheduler                      0x08004acd   Thumb Code    90  tasks.o(i.vTaskStartScheduler)
    vTaskSuspendAll                          0x08004b39   Thumb Code    10  tasks.o(i.vTaskSuspendAll)
    vTaskSwitchContext                       0x08004b49   Thumb Code    82  tasks.o(i.vTaskSwitchContext)
    xPortStartScheduler                      0x08004ba5   Thumb Code   222  port.o(i.xPortStartScheduler)
    xTaskCreate                              0x08004c99   Thumb Code    90  tasks.o(i.xTaskCreate)
    xTaskCreateStatic                        0x08004cf3   Thumb Code    86  tasks.o(i.xTaskCreateStatic)
    xTaskIncrementTick                       0x08004d49   Thumb Code   194  tasks.o(i.xTaskIncrementTick)
    xTaskResumeAll                           0x08004e15   Thumb Code   182  tasks.o(i.xTaskResumeAll)
    AHBPrescTable                            0x08004efc   Data          16  system_stm32f4xx.o(.constdata)
    APBPrescTable                            0x08004f0c   Data           8  system_stm32f4xx.o(.constdata)
    Region$$Table$$Base                      0x08004f20   Number         0  anon$$obj.o(Region$$Table)
    Region$$Table$$Limit                     0x08004f40   Number         0  anon$$obj.o(Region$$Table)
    uwTickFreq                               0x20000000   Data           1  stm32f4xx_hal.o(.data)
    uwTickPrio                               0x20000004   Data           4  stm32f4xx_hal.o(.data)
    uwTick                                   0x20000008   Data           4  stm32f4xx_hal.o(.data)
    pxCurrentTCB                             0x2000000c   Data           4  tasks.o(.data)
    defaultTaskHandle                        0x20000074   Data           4  freertos.o(.data)
    SystemCoreClock                          0x2000007c   Data           4  system_stm32f4xx.o(.data)
    __stdout                                 0x20000084   Data           4  stdout.o(.data)
    hcan1                                    0x20003fcc   Data          40  can.o(.bss)
    hcan2                                    0x20003ff4   Data          40  can.o(.bss)
    hi2c1                                    0x2000401c   Data          84  i2c.o(.bss)
    hrng                                     0x20004070   Data          16  rng.o(.bss)
    hspi1                                    0x20004080   Data          88  spi.o(.bss)
    huart1                                   0x200040d8   Data          68  usart.o(.bss)
    huart3                                   0x2000411c   Data          68  usart.o(.bss)
    huart6                                   0x20004160   Data          68  usart.o(.bss)
    hdma_usart1_rx                           0x200041a4   Data          96  usart.o(.bss)
    hdma_usart1_tx                           0x20004204   Data          96  usart.o(.bss)
    hdma_usart3_rx                           0x20004264   Data          96  usart.o(.bss)
    hdma_usart6_rx                           0x200042c4   Data          96  usart.o(.bss)
    hdma_usart6_tx                           0x20004324   Data          96  usart.o(.bss)
    htim9                                    0x20004384   Data          72  stm32f4xx_hal_timebase_tim.o(.bss)
    hpcd_USB_OTG_FS                          0x200045ec   Data        1292  usbd_conf.o(.bss)
    __initial_sp                             0x20006af8   Data           0  startup_stm32f407xx.o(STACK)



==============================================================================

Memory Map of the image

  Image Entry point : 0x08000189

  Load Region LR_IROM1 (Base: 0x08000000, Size: 0x00004fc8, Max: 0x00100000, ABSOLUTE)

    Execution Region ER_IROM1 (Exec base: 0x08000000, Load base: 0x08000000, Size: 0x00004f40, Max: 0x00100000, ABSOLUTE)

    Exec Addr    Load Addr    Size         Type   Attr      Idx    E Section Name        Object

    0x08000000   0x08000000   0x00000188   Data   RO            3    RESET               startup_stm32f407xx.o
    0x08000188   0x08000188   0x00000000   Code   RO         7182  * .ARM.Collect$$$$00000000  mc_w.l(entry.o)
    0x08000188   0x08000188   0x00000004   Code   RO         7453    .ARM.Collect$$$$00000001  mc_w.l(entry2.o)
    0x0800018c   0x0800018c   0x00000004   Code   RO         7456    .ARM.Collect$$$$00000004  mc_w.l(entry5.o)
    0x08000190   0x08000190   0x00000000   Code   RO         7458    .ARM.Collect$$$$00000008  mc_w.l(entry7b.o)
    0x08000190   0x08000190   0x00000000   Code   RO         7460    .ARM.Collect$$$$0000000A  mc_w.l(entry8b.o)
    0x08000190   0x08000190   0x00000008   Code   RO         7461    .ARM.Collect$$$$0000000B  mc_w.l(entry9a.o)
    0x08000198   0x08000198   0x00000004   Code   RO         7468    .ARM.Collect$$$$0000000E  mc_w.l(entry12b.o)
    0x0800019c   0x0800019c   0x00000000   Code   RO         7463    .ARM.Collect$$$$0000000F  mc_w.l(entry10a.o)
    0x0800019c   0x0800019c   0x00000000   Code   RO         7465    .ARM.Collect$$$$00000011  mc_w.l(entry11a.o)
    0x0800019c   0x0800019c   0x00000004   Code   RO         7454    .ARM.Collect$$$$00002712  mc_w.l(entry2.o)
    0x080001a0   0x080001a0   0x000000be   Code   RO         5564    .emb_text           port.o
    0x0800025e   0x0800025e   0x00000002   PAD
    0x08000260   0x08000260   0x00000024   Code   RO            4    .text               startup_stm32f407xx.o
    0x08000284   0x08000284   0x00000062   Code   RO         7185    .text               mc_w.l(uldiv.o)
    0x080002e6   0x080002e6   0x00000024   Code   RO         7187    .text               mc_w.l(memcpya.o)
    0x0800030a   0x0800030a   0x00000024   Code   RO         7189    .text               mc_w.l(memseta.o)
    0x0800032e   0x0800032e   0x0000001e   Code   RO         7472    .text               mc_w.l(llshl.o)
    0x0800034c   0x0800034c   0x00000020   Code   RO         7474    .text               mc_w.l(llushr.o)
    0x0800036c   0x0800036c   0x00000024   Code   RO         7487    .text               mc_w.l(init.o)
    0x08000390   0x08000390   0x00000002   Code   RO         6066    i.BusFault_Handler  stm32f4xx_it.o
    0x08000392   0x08000392   0x00000002   PAD
    0x08000394   0x08000394   0x0000000c   Code   RO         6067    i.CAN1_RX0_IRQHandler  stm32f4xx_it.o
    0x080003a0   0x080003a0   0x0000000c   Code   RO         6068    i.CAN1_TX_IRQHandler  stm32f4xx_it.o
    0x080003ac   0x080003ac   0x0000000c   Code   RO         6069    i.CAN2_RX0_IRQHandler  stm32f4xx_it.o
    0x080003b8   0x080003b8   0x0000000c   Code   RO         6070    i.CAN2_TX_IRQHandler  stm32f4xx_it.o
    0x080003c4   0x080003c4   0x0000000c   Code   RO         6071    i.DMA1_Stream1_IRQHandler  stm32f4xx_it.o
    0x080003d0   0x080003d0   0x0000000c   Code   RO         6072    i.DMA2_Stream1_IRQHandler  stm32f4xx_it.o
    0x080003dc   0x080003dc   0x0000000c   Code   RO         6073    i.DMA2_Stream2_IRQHandler  stm32f4xx_it.o
    0x080003e8   0x080003e8   0x0000000c   Code   RO         6074    i.DMA2_Stream6_IRQHandler  stm32f4xx_it.o
    0x080003f4   0x080003f4   0x0000000c   Code   RO         6075    i.DMA2_Stream7_IRQHandler  stm32f4xx_it.o
    0x08000400   0x08000400   0x00000028   Code   RO          758    i.DMA_CalcBaseAndBitshift  stm32f4xx_hal_dma.o
    0x08000428   0x08000428   0x00000054   Code   RO          759    i.DMA_CheckFifoParam  stm32f4xx_hal_dma.o
    0x0800047c   0x0800047c   0x00000002   Code   RO         6076    i.DebugMon_Handler  stm32f4xx_it.o
    0x0800047e   0x0800047e   0x00000006   Code   RO         6077    i.EXTI0_IRQHandler  stm32f4xx_it.o
    0x08000484   0x08000484   0x00000004   Code   RO         5644    i.Error_Handler     main.o
    0x08000488   0x08000488   0x00000002   Code   RO          359    i.HAL_CAN_ErrorCallback  stm32f4xx_hal_can.o
    0x0800048a   0x0800048a   0x000001fc   Code   RO          366    i.HAL_CAN_IRQHandler  stm32f4xx_hal_can.o
    0x08000686   0x08000686   0x0000011a   Code   RO          367    i.HAL_CAN_Init      stm32f4xx_hal_can.o
    0x080007a0   0x080007a0   0x0000011c   Code   RO         5790    i.HAL_CAN_MspInit   can.o
    0x080008bc   0x080008bc   0x00000002   Code   RO          374    i.HAL_CAN_RxFifo0FullCallback  stm32f4xx_hal_can.o
    0x080008be   0x080008be   0x00000002   Code   RO          375    i.HAL_CAN_RxFifo0MsgPendingCallback  stm32f4xx_hal_can.o
    0x080008c0   0x080008c0   0x00000002   Code   RO          376    i.HAL_CAN_RxFifo1FullCallback  stm32f4xx_hal_can.o
    0x080008c2   0x080008c2   0x00000002   Code   RO          377    i.HAL_CAN_RxFifo1MsgPendingCallback  stm32f4xx_hal_can.o
    0x080008c4   0x080008c4   0x00000002   Code   RO          378    i.HAL_CAN_SleepCallback  stm32f4xx_hal_can.o
    0x080008c6   0x080008c6   0x00000002   Code   RO          381    i.HAL_CAN_TxMailbox0AbortCallback  stm32f4xx_hal_can.o
    0x080008c8   0x080008c8   0x00000002   Code   RO          382    i.HAL_CAN_TxMailbox0CompleteCallback  stm32f4xx_hal_can.o
    0x080008ca   0x080008ca   0x00000002   Code   RO          383    i.HAL_CAN_TxMailbox1AbortCallback  stm32f4xx_hal_can.o
    0x080008cc   0x080008cc   0x00000002   Code   RO          384    i.HAL_CAN_TxMailbox1CompleteCallback  stm32f4xx_hal_can.o
    0x080008ce   0x080008ce   0x00000002   Code   RO          385    i.HAL_CAN_TxMailbox2AbortCallback  stm32f4xx_hal_can.o
    0x080008d0   0x080008d0   0x00000002   Code   RO          386    i.HAL_CAN_TxMailbox2CompleteCallback  stm32f4xx_hal_can.o
    0x080008d2   0x080008d2   0x00000002   Code   RO          388    i.HAL_CAN_WakeUpFromRxMsgCallback  stm32f4xx_hal_can.o
    0x080008d4   0x080008d4   0x00000092   Code   RO          761    i.HAL_DMA_Abort     stm32f4xx_hal_dma.o
    0x08000966   0x08000966   0x00000024   Code   RO          762    i.HAL_DMA_Abort_IT  stm32f4xx_hal_dma.o
    0x0800098a   0x0800098a   0x00000002   PAD
    0x0800098c   0x0800098c   0x000001a0   Code   RO          766    i.HAL_DMA_IRQHandler  stm32f4xx_hal_dma.o
    0x08000b2c   0x08000b2c   0x000000d4   Code   RO          767    i.HAL_DMA_Init      stm32f4xx_hal_dma.o
    0x08000c00   0x08000c00   0x00000002   Code   RO         1156    i.HAL_GPIO_EXTI_Callback  stm32f4xx_hal_gpio.o
    0x08000c02   0x08000c02   0x00000002   PAD
    0x08000c04   0x08000c04   0x00000018   Code   RO         1157    i.HAL_GPIO_EXTI_IRQHandler  stm32f4xx_hal_gpio.o
    0x08000c1c   0x08000c1c   0x000001f0   Code   RO         1158    i.HAL_GPIO_Init     stm32f4xx_hal_gpio.o
    0x08000e0c   0x08000e0c   0x00000010   Code   RO         1161    i.HAL_GPIO_TogglePin  stm32f4xx_hal_gpio.o
    0x08000e1c   0x08000e1c   0x0000000a   Code   RO         1162    i.HAL_GPIO_WritePin  stm32f4xx_hal_gpio.o
    0x08000e26   0x08000e26   0x00000002   PAD
    0x08000e28   0x08000e28   0x0000000c   Code   RO           26    i.HAL_GetTick       stm32f4xx_hal.o
    0x08000e34   0x08000e34   0x00000188   Code   RO         1232    i.HAL_I2C_Init      stm32f4xx_hal_i2c.o
    0x08000fbc   0x08000fbc   0x0000006c   Code   RO         5887    i.HAL_I2C_MspInit   i2c.o
    0x08001028   0x08001028   0x00000010   Code   RO           32    i.HAL_IncTick       stm32f4xx_hal.o
    0x08001038   0x08001038   0x00000034   Code   RO           33    i.HAL_Init          stm32f4xx_hal.o
    0x0800106c   0x0800106c   0x0000008c   Code   RO         6252    i.HAL_InitTick      stm32f4xx_hal_timebase_tim.o
    0x080010f8   0x080010f8   0x00000038   Code   RO         6291    i.HAL_MspInit       stm32f4xx_hal_msp.o
    0x08001130   0x08001130   0x0000001a   Code   RO          592    i.HAL_NVIC_EnableIRQ  stm32f4xx_hal_cortex.o
    0x0800114a   0x0800114a   0x00000002   PAD
    0x0800114c   0x0800114c   0x00000040   Code   RO          598    i.HAL_NVIC_SetPriority  stm32f4xx_hal_cortex.o
    0x0800118c   0x0800118c   0x00000024   Code   RO          599    i.HAL_NVIC_SetPriorityGrouping  stm32f4xx_hal_cortex.o
    0x080011b0   0x080011b0   0x00000002   Code   RO         4084    i.HAL_PCDEx_LPM_Callback  stm32f4xx_hal_pcd_ex.o
    0x080011b2   0x080011b2   0x00000008   Code   RO         6514    i.HAL_PCD_ConnectCallback  usbd_conf.o
    0x080011ba   0x080011ba   0x00000012   Code   RO         6515    i.HAL_PCD_DataInStageCallback  usbd_conf.o
    0x080011cc   0x080011cc   0x00000014   Code   RO         6516    i.HAL_PCD_DataOutStageCallback  usbd_conf.o
    0x080011e0   0x080011e0   0x00000008   Code   RO         6517    i.HAL_PCD_DisconnectCallback  usbd_conf.o
    0x080011e8   0x080011e8   0x0000001e   Code   RO         3854    i.HAL_PCD_EP_Abort  stm32f4xx_hal_pcd.o
    0x08001206   0x08001206   0x0000005c   Code   RO         3856    i.HAL_PCD_EP_ClrStall  stm32f4xx_hal_pcd.o
    0x08001262   0x08001262   0x00000060   Code   RO         3859    i.HAL_PCD_EP_Open   stm32f4xx_hal_pcd.o
    0x080012c2   0x080012c2   0x00000048   Code   RO         3860    i.HAL_PCD_EP_Receive  stm32f4xx_hal_pcd.o
    0x0800130a   0x0800130a   0x00000074   Code   RO         3861    i.HAL_PCD_EP_SetStall  stm32f4xx_hal_pcd.o
    0x0800137e   0x0800137e   0x00000040   Code   RO         3862    i.HAL_PCD_EP_Transmit  stm32f4xx_hal_pcd.o
    0x080013be   0x080013be   0x00000002   PAD
    0x080013c0   0x080013c0   0x00000560   Code   RO         3864    i.HAL_PCD_IRQHandler  stm32f4xx_hal_pcd.o
    0x08001920   0x08001920   0x00000008   Code   RO         6518    i.HAL_PCD_ISOINIncompleteCallback  usbd_conf.o
    0x08001928   0x08001928   0x00000008   Code   RO         6519    i.HAL_PCD_ISOOUTIncompleteCallback  usbd_conf.o
    0x08001930   0x08001930   0x0000002c   Code   RO         6522    i.HAL_PCD_ResetCallback  usbd_conf.o
    0x0800195c   0x0800195c   0x00000008   Code   RO         6523    i.HAL_PCD_ResumeCallback  usbd_conf.o
    0x08001964   0x08001964   0x00000008   Code   RO         6524    i.HAL_PCD_SOFCallback  usbd_conf.o
    0x0800196c   0x0800196c   0x00000028   Code   RO         3873    i.HAL_PCD_SetAddress  stm32f4xx_hal_pcd.o
    0x08001994   0x08001994   0x0000000e   Code   RO         6525    i.HAL_PCD_SetupStageCallback  usbd_conf.o
    0x080019a2   0x080019a2   0x00000002   PAD
    0x080019a4   0x080019a4   0x00000030   Code   RO         6526    i.HAL_PCD_SuspendCallback  usbd_conf.o
    0x080019d4   0x080019d4   0x00000134   Code   RO         1864    i.HAL_RCC_ClockConfig  stm32f4xx_hal_rcc.o
    0x08001b08   0x08001b08   0x00000040   Code   RO         1868    i.HAL_RCC_GetClockConfig  stm32f4xx_hal_rcc.o
    0x08001b48   0x08001b48   0x0000000c   Code   RO         1869    i.HAL_RCC_GetHCLKFreq  stm32f4xx_hal_rcc.o
    0x08001b54   0x08001b54   0x00000020   Code   RO         1871    i.HAL_RCC_GetPCLK1Freq  stm32f4xx_hal_rcc.o
    0x08001b74   0x08001b74   0x00000020   Code   RO         1872    i.HAL_RCC_GetPCLK2Freq  stm32f4xx_hal_rcc.o
    0x08001b94   0x08001b94   0x00000064   Code   RO         1873    i.HAL_RCC_GetSysClockFreq  stm32f4xx_hal_rcc.o
    0x08001bf8   0x08001bf8   0x0000036c   Code   RO         1876    i.HAL_RCC_OscConfig  stm32f4xx_hal_rcc.o
    0x08001f64   0x08001f64   0x00000032   Code   RO         2028    i.HAL_RNG_Init      stm32f4xx_hal_rng.o
    0x08001f96   0x08001f96   0x00000002   PAD
    0x08001f98   0x08001f98   0x00000028   Code   RO         5929    i.HAL_RNG_MspInit   rng.o
    0x08001fc0   0x08001fc0   0x000000bc   Code   RO         2132    i.HAL_SPI_Init      stm32f4xx_hal_spi.o
    0x0800207c   0x0800207c   0x00000090   Code   RO         5971    i.HAL_SPI_MspInit   spi.o
    0x0800210c   0x0800210c   0x00000002   Code   RO         3149    i.HAL_TIMEx_BreakCallback  stm32f4xx_hal_tim_ex.o
    0x0800210e   0x0800210e   0x00000002   Code   RO         3150    i.HAL_TIMEx_CommutCallback  stm32f4xx_hal_tim_ex.o
    0x08002110   0x08002110   0x0000005a   Code   RO         2445    i.HAL_TIM_Base_Init  stm32f4xx_hal_tim.o
    0x0800216a   0x0800216a   0x00000002   Code   RO         2447    i.HAL_TIM_Base_MspInit  stm32f4xx_hal_tim.o
    0x0800216c   0x0800216c   0x00000080   Code   RO         2450    i.HAL_TIM_Base_Start_IT  stm32f4xx_hal_tim.o
    0x080021ec   0x080021ec   0x00000002   Code   RO         2479    i.HAL_TIM_IC_CaptureCallback  stm32f4xx_hal_tim.o
    0x080021ee   0x080021ee   0x00000166   Code   RO         2493    i.HAL_TIM_IRQHandler  stm32f4xx_hal_tim.o
    0x08002354   0x08002354   0x00000002   Code   RO         2496    i.HAL_TIM_OC_DelayElapsedCallback  stm32f4xx_hal_tim.o
    0x08002356   0x08002356   0x00000002   Code   RO         2523    i.HAL_TIM_PWM_PulseFinishedCallback  stm32f4xx_hal_tim.o
    0x08002358   0x08002358   0x00000014   Code   RO         5645    i.HAL_TIM_PeriodElapsedCallback  main.o
    0x0800236c   0x0800236c   0x00000002   Code   RO         2536    i.HAL_TIM_TriggerCallback  stm32f4xx_hal_tim.o
    0x0800236e   0x0800236e   0x00000002   Code   RO         3427    i.HAL_UARTEx_RxEventCallback  stm32f4xx_hal_uart.o
    0x08002370   0x08002370   0x00000002   Code   RO         3441    i.HAL_UART_ErrorCallback  stm32f4xx_hal_uart.o
    0x08002372   0x08002372   0x00000002   PAD
    0x08002374   0x08002374   0x00000268   Code   RO         3444    i.HAL_UART_IRQHandler  stm32f4xx_hal_uart.o
    0x080025dc   0x080025dc   0x00000062   Code   RO         3445    i.HAL_UART_Init     stm32f4xx_hal_uart.o
    0x0800263e   0x0800263e   0x00000002   PAD
    0x08002640   0x08002640   0x0000028c   Code   RO         6013    i.HAL_UART_MspInit  usart.o
    0x080028cc   0x080028cc   0x00000002   Code   RO         3451    i.HAL_UART_RxCpltCallback  stm32f4xx_hal_uart.o
    0x080028ce   0x080028ce   0x00000002   PAD
    0x080028d0   0x080028d0   0x000000b2   Code   RO         3453    i.HAL_UART_Transmit  stm32f4xx_hal_uart.o
    0x08002982   0x08002982   0x00000002   Code   RO         3456    i.HAL_UART_TxCpltCallback  stm32f4xx_hal_uart.o
    0x08002984   0x08002984   0x00000002   Code   RO         6078    i.HardFault_Handler  stm32f4xx_it.o
    0x08002986   0x08002986   0x00000002   PAD
    0x08002988   0x08002988   0x00000048   Code   RO         5791    i.MX_CAN1_Init      can.o
    0x080029d0   0x080029d0   0x00000048   Code   RO         5792    i.MX_CAN2_Init      can.o
    0x08002a18   0x08002a18   0x0000007c   Code   RO         5838    i.MX_DMA_Init       dma.o
    0x08002a94   0x08002a94   0x00000028   Code   RO         5743    i.MX_FREERTOS_Init  freertos.o
    0x08002abc   0x08002abc   0x000000c4   Code   RO         5862    i.MX_GPIO_Init      gpio.o
    0x08002b80   0x08002b80   0x00000040   Code   RO         5888    i.MX_I2C1_Init      i2c.o
    0x08002bc0   0x08002bc0   0x00000024   Code   RO         5930    i.MX_RNG_Init       rng.o
    0x08002be4   0x08002be4   0x00000048   Code   RO         5972    i.MX_SPI1_Init      spi.o
    0x08002c2c   0x08002c2c   0x00000038   Code   RO         6014    i.MX_USART1_UART_Init  usart.o
    0x08002c64   0x08002c64   0x00000040   Code   RO         6015    i.MX_USART3_UART_Init  usart.o
    0x08002ca4   0x08002ca4   0x00000038   Code   RO         6016    i.MX_USART6_UART_Init  usart.o
    0x08002cdc   0x08002cdc   0x00000002   Code   RO         6079    i.MemManage_Handler  stm32f4xx_it.o
    0x08002cde   0x08002cde   0x00000002   Code   RO         6080    i.NMI_Handler       stm32f4xx_it.o
    0x08002ce0   0x08002ce0   0x0000000c   Code   RO         6081    i.OTG_FS_IRQHandler  stm32f4xx_it.o
    0x08002cec   0x08002cec   0x000000cc   Code   RO         3880    i.PCD_EP_OutXfrComplete_int  stm32f4xx_hal_pcd.o
    0x08002db8   0x08002db8   0x000000a2   Code   RO         3881    i.PCD_WriteEmptyTxFifo  stm32f4xx_hal_pcd.o
    0x08002e5a   0x08002e5a   0x0000000a   Code   RO         6888    i.SWAPBYTE          usbd_ctlreq.o
    0x08002e64   0x08002e64   0x00000040   Code   RO         7139    i.StartDefaultTask  init.o
    0x08002ea4   0x08002ea4   0x0000002c   Code   RO         5565    i.SysTick_Handler   port.o
    0x08002ed0   0x08002ed0   0x00000094   Code   RO         5646    i.SystemClock_Config  main.o
    0x08002f64   0x08002f64   0x00000010   Code   RO         6215    i.SystemInit        system_stm32f4xx.o
    0x08002f74   0x08002f74   0x0000000c   Code   RO         6082    i.TIM1_BRK_TIM9_IRQHandler  stm32f4xx_it.o
    0x08002f80   0x08002f80   0x000000c8   Code   RO         2538    i.TIM_Base_SetConfig  stm32f4xx_hal_tim.o
    0x08003048   0x08003048   0x00000010   Code   RO         3458    i.UART_DMAAbortOnError  stm32f4xx_hal_uart.o
    0x08003058   0x08003058   0x0000004e   Code   RO         3468    i.UART_EndRxTransfer  stm32f4xx_hal_uart.o
    0x080030a6   0x080030a6   0x000000c0   Code   RO         3470    i.UART_Receive_IT   stm32f4xx_hal_uart.o
    0x08003166   0x08003166   0x00000002   PAD
    0x08003168   0x08003168   0x0000010c   Code   RO         3471    i.UART_SetConfig    stm32f4xx_hal_uart.o
    0x08003274   0x08003274   0x00000078   Code   RO         3474    i.UART_WaitOnFlagUntilTimeout  stm32f4xx_hal_uart.o
    0x080032ec   0x080032ec   0x0000000c   Code   RO         6083    i.USART1_IRQHandler  stm32f4xx_it.o
    0x080032f8   0x080032f8   0x0000000c   Code   RO         6084    i.USART3_IRQHandler  stm32f4xx_it.o
    0x08003304   0x08003304   0x0000000c   Code   RO         6085    i.USART6_IRQHandler  stm32f4xx_it.o
    0x08003310   0x08003310   0x00000014   Code   RO         6725    i.USBD_ClrClassConfig  usbd_core.o
    0x08003324   0x08003324   0x00000004   Code   RO         6726    i.USBD_CoreFindEP   usbd_core.o
    0x08003328   0x08003328   0x00000004   Code   RO         6727    i.USBD_CoreFindIF   usbd_core.o
    0x0800332c   0x0800332c   0x00000010   Code   RO         6965    i.USBD_CtlContinueRx  usbd_ioreq.o
    0x0800333c   0x0800333c   0x00000010   Code   RO         6966    i.USBD_CtlContinueSendData  usbd_ioreq.o
    0x0800334c   0x0800334c   0x00000016   Code   RO         6889    i.USBD_CtlError     usbd_ctlreq.o
    0x08003362   0x08003362   0x00000016   Code   RO         6968    i.USBD_CtlReceiveStatus  usbd_ioreq.o
    0x08003378   0x08003378   0x0000001a   Code   RO         6969    i.USBD_CtlSendData  usbd_ioreq.o
    0x08003392   0x08003392   0x00000016   Code   RO         6970    i.USBD_CtlSendStatus  usbd_ioreq.o
    0x080033a8   0x080033a8   0x000000e6   Code   RO         6890    i.USBD_GetDescriptor  usbd_ctlreq.o
    0x0800348e   0x0800348e   0x00000018   Code   RO         6527    i.USBD_Get_USB_Status  usbd_conf.o
    0x080034a6   0x080034a6   0x00000012   Code   RO         6528    i.USBD_LL_ClearStallEP  usbd_conf.o
    0x080034b8   0x080034b8   0x000000b6   Code   RO         6732    i.USBD_LL_DataInStage  usbd_core.o
    0x0800356e   0x0800356e   0x0000008e   Code   RO         6733    i.USBD_LL_DataOutStage  usbd_core.o
    0x080035fc   0x080035fc   0x00000004   Code   RO         6734    i.USBD_LL_DevConnected  usbd_core.o
    0x08003600   0x08003600   0x0000001e   Code   RO         6735    i.USBD_LL_DevDisconnected  usbd_core.o
    0x0800361e   0x0800361e   0x00000020   Code   RO         6535    i.USBD_LL_IsStallEP  usbd_conf.o
    0x0800363e   0x0800363e   0x00000028   Code   RO         6736    i.USBD_LL_IsoINIncomplete  usbd_core.o
    0x08003666   0x08003666   0x00000028   Code   RO         6737    i.USBD_LL_IsoOUTIncomplete  usbd_core.o
    0x0800368e   0x0800368e   0x00000018   Code   RO         6536    i.USBD_LL_OpenEP    usbd_conf.o
    0x080036a6   0x080036a6   0x00000012   Code   RO         6537    i.USBD_LL_PrepareReceive  usbd_conf.o
    0x080036b8   0x080036b8   0x0000005c   Code   RO         6738    i.USBD_LL_Reset     usbd_core.o
    0x08003714   0x08003714   0x00000014   Code   RO         6739    i.USBD_LL_Resume    usbd_core.o
    0x08003728   0x08003728   0x0000001a   Code   RO         6740    i.USBD_LL_SOF       usbd_core.o
    0x08003742   0x08003742   0x00000006   Code   RO         6741    i.USBD_LL_SetSpeed  usbd_core.o
    0x08003748   0x08003748   0x00000012   Code   RO         6538    i.USBD_LL_SetUSBAddress  usbd_conf.o
    0x0800375a   0x0800375a   0x00000060   Code   RO         6742    i.USBD_LL_SetupStage  usbd_core.o
    0x080037ba   0x080037ba   0x00000012   Code   RO         6539    i.USBD_LL_StallEP   usbd_conf.o
    0x080037cc   0x080037cc   0x00000012   Code   RO         6743    i.USBD_LL_Suspend   usbd_core.o
    0x080037de   0x080037de   0x00000012   Code   RO         6542    i.USBD_LL_Transmit  usbd_conf.o
    0x080037f0   0x080037f0   0x0000002c   Code   RO         6892    i.USBD_ParseSetupRequest  usbd_ctlreq.o
    0x0800381c   0x0800381c   0x00000014   Code   RO         6746    i.USBD_SetClassConfig  usbd_core.o
    0x08003830   0x08003830   0x000000b8   Code   RO         6893    i.USBD_SetConfig    usbd_ctlreq.o
    0x080038e8   0x080038e8   0x0000012c   Code   RO         6894    i.USBD_StdDevReq    usbd_ctlreq.o
    0x08003a14   0x08003a14   0x00000160   Code   RO         6895    i.USBD_StdEPReq     usbd_ctlreq.o
    0x08003b74   0x08003b74   0x00000072   Code   RO         6896    i.USBD_StdItfReq    usbd_ctlreq.o
    0x08003be6   0x08003be6   0x00000002   PAD
    0x08003be8   0x08003be8   0x00000080   Code   RO         4144    i.USB_ActivateEndpoint  stm32f4xx_ll_usb.o
    0x08003c68   0x08003c68   0x0000001c   Code   RO         4146    i.USB_ActivateSetup  stm32f4xx_ll_usb.o
    0x08003c84   0x08003c84   0x0000011c   Code   RO         4159    i.USB_EP0StartXfer  stm32f4xx_ll_usb.o
    0x08003da0   0x08003da0   0x00000058   Code   RO         4160    i.USB_EP0_OutStart  stm32f4xx_ll_usb.o
    0x08003df8   0x08003df8   0x00000058   Code   RO         4161    i.USB_EPClearStall  stm32f4xx_ll_usb.o
    0x08003e50   0x08003e50   0x00000058   Code   RO         4162    i.USB_EPSetStall    stm32f4xx_ll_usb.o
    0x08003ea8   0x08003ea8   0x000001e4   Code   RO         4163    i.USB_EPStartXfer   stm32f4xx_ll_usb.o
    0x0800408c   0x0800408c   0x0000009e   Code   RO         4164    i.USB_EPStopXfer    stm32f4xx_ll_usb.o
    0x0800412a   0x0800412a   0x00000002   PAD
    0x0800412c   0x0800412c   0x00000040   Code   RO         4167    i.USB_FlushTxFifo   stm32f4xx_ll_usb.o
    0x0800416c   0x0800416c   0x0000001a   Code   RO         4169    i.USB_GetDevSpeed   stm32f4xx_ll_usb.o
    0x08004186   0x08004186   0x00000008   Code   RO         4171    i.USB_GetMode       stm32f4xx_ll_usb.o
    0x0800418e   0x0800418e   0x0000000e   Code   RO         4178    i.USB_ReadDevAllInEpInterrupt  stm32f4xx_ll_usb.o
    0x0800419c   0x0800419c   0x0000000e   Code   RO         4179    i.USB_ReadDevAllOutEpInterrupt  stm32f4xx_ll_usb.o
    0x080041aa   0x080041aa   0x00000024   Code   RO         4180    i.USB_ReadDevInEPInterrupt  stm32f4xx_ll_usb.o
    0x080041ce   0x080041ce   0x00000010   Code   RO         4181    i.USB_ReadDevOutEPInterrupt  stm32f4xx_ll_usb.o
    0x080041de   0x080041de   0x00000008   Code   RO         4182    i.USB_ReadInterrupts  stm32f4xx_ll_usb.o
    0x080041e6   0x080041e6   0x0000003e   Code   RO         4183    i.USB_ReadPacket    stm32f4xx_ll_usb.o
    0x08004224   0x08004224   0x00000022   Code   RO         4186    i.USB_SetDevAddress  stm32f4xx_ll_usb.o
    0x08004246   0x08004246   0x00000002   PAD
    0x08004248   0x08004248   0x000000e8   Code   RO         4188    i.USB_SetTurnaroundTime  stm32f4xx_ll_usb.o
    0x08004330   0x08004330   0x00000028   Code   RO         4191    i.USB_WritePacket   stm32f4xx_ll_usb.o
    0x08004358   0x08004358   0x00000002   Code   RO         6086    i.UsageFault_Handler  stm32f4xx_it.o
    0x0800435a   0x0800435a   0x00000002   PAD
    0x0800435c   0x0800435c   0x00000010   Code   RO         7194    i.__0printf$bare    mc_w.l(printfb.o)
    0x0800436c   0x0800436c   0x00000020   Code   RO          605    i.__NVIC_SetPriority  stm32f4xx_hal_cortex.o
    0x0800438c   0x0800438c   0x0000000e   Code   RO         7495    i.__scatterload_copy  mc_w.l(handlers.o)
    0x0800439a   0x0800439a   0x00000002   Code   RO         7496    i.__scatterload_null  mc_w.l(handlers.o)
    0x0800439c   0x0800439c   0x0000000e   Code   RO         7497    i.__scatterload_zeroinit  mc_w.l(handlers.o)
    0x080043aa   0x080043aa   0x00000022   Code   RO         7201    i._printf_core      mc_w.l(printfb.o)
    0x080043cc   0x080043cc   0x0000001c   Code   RO         7140    i.fputc             init.o
    0x080043e8   0x080043e8   0x0000003a   Code   RO         5647    i.main              main.o
    0x08004422   0x08004422   0x0000000c   Code   RO         4450    i.makeFreeRtosPriority  cmsis_os.o
    0x0800442e   0x0800442e   0x0000000e   Code   RO         4452    i.osDelay           cmsis_os.o
    0x0800443c   0x0800443c   0x0000000a   Code   RO         4455    i.osKernelStart     cmsis_os.o
    0x08004446   0x08004446   0x00000054   Code   RO         4489    i.osThreadCreate    cmsis_os.o
    0x0800449a   0x0800449a   0x00000002   PAD
    0x0800449c   0x0800449c   0x00000070   Code   RO         5184    i.prvAddCurrentTaskToDelayedList  tasks.o
    0x0800450c   0x0800450c   0x000000d0   Code   RO         5185    i.prvAddNewTaskToReadyList  tasks.o
    0x080045dc   0x080045dc   0x00000034   Code   RO         5186    i.prvDeleteTCB      tasks.o
    0x08004610   0x08004610   0x0000004c   Code   RO         5497    i.prvHeapInit       heap_4.o
    0x0800465c   0x0800465c   0x00000060   Code   RO         5187    i.prvIdleTask       tasks.o
    0x080046bc   0x080046bc   0x00000098   Code   RO         5188    i.prvInitialiseNewTask  tasks.o
    0x08004754   0x08004754   0x0000004c   Code   RO         5498    i.prvInsertBlockIntoFreeList  heap_4.o
    0x080047a0   0x080047a0   0x00000020   Code   RO         5189    i.prvResetNextTaskUnblockTime  tasks.o
    0x080047c0   0x080047c0   0x00000028   Code   RO         5566    i.prvTaskExitError  port.o
    0x080047e8   0x080047e8   0x000000dc   Code   RO         5499    i.pvPortMalloc      heap_4.o
    0x080048c4   0x080048c4   0x0000002c   Code   RO         5567    i.pxPortInitialiseStack  port.o
    0x080048f0   0x080048f0   0x00000026   Code   RO         4967    i.uxListRemove      list.o
    0x08004916   0x08004916   0x00000002   PAD
    0x08004918   0x08004918   0x00000014   Code   RO         5745    i.vApplicationGetIdleTaskMemory  freertos.o
    0x0800492c   0x0800492c   0x00000016   Code   RO         4968    i.vListInitialise   list.o
    0x08004942   0x08004942   0x00000006   Code   RO         4969    i.vListInitialiseItem  list.o
    0x08004948   0x08004948   0x00000030   Code   RO         4970    i.vListInsert       list.o
    0x08004978   0x08004978   0x00000018   Code   RO         4971    i.vListInsertEnd    list.o
    0x08004990   0x08004990   0x00000040   Code   RO         5569    i.vPortEnterCritical  port.o
    0x080049d0   0x080049d0   0x00000028   Code   RO         5570    i.vPortExitCritical  port.o
    0x080049f8   0x080049f8   0x00000064   Code   RO         5500    i.vPortFree         heap_4.o
    0x08004a5c   0x08004a5c   0x00000024   Code   RO         5571    i.vPortSetupTimerInterrupt  port.o
    0x08004a80   0x08004a80   0x0000004c   Code   RO         5198    i.vTaskDelay        tasks.o
    0x08004acc   0x08004acc   0x0000006c   Code   RO         5211    i.vTaskStartScheduler  tasks.o
    0x08004b38   0x08004b38   0x00000010   Code   RO         5213    i.vTaskSuspendAll   tasks.o
    0x08004b48   0x08004b48   0x0000005c   Code   RO         5214    i.vTaskSwitchContext  tasks.o
    0x08004ba4   0x08004ba4   0x000000f4   Code   RO         5573    i.xPortStartScheduler  port.o
    0x08004c98   0x08004c98   0x0000005a   Code   RO         5217    i.xTaskCreate       tasks.o
    0x08004cf2   0x08004cf2   0x00000056   Code   RO         5218    i.xTaskCreateStatic  tasks.o
    0x08004d48   0x08004d48   0x000000cc   Code   RO         5225    i.xTaskIncrementTick  tasks.o
    0x08004e14   0x08004e14   0x000000c4   Code   RO         5231    i.xTaskResumeAll    tasks.o
    0x08004ed8   0x08004ed8   0x00000008   Data   RO          773    .constdata          stm32f4xx_hal_dma.o
    0x08004ee0   0x08004ee0   0x0000001c   Data   RO         5747    .constdata          freertos.o
    0x08004efc   0x08004efc   0x00000010   Data   RO         6216    .constdata          system_stm32f4xx.o
    0x08004f0c   0x08004f0c   0x00000008   Data   RO         6217    .constdata          system_stm32f4xx.o
    0x08004f14   0x08004f14   0x0000000c   Data   RO         5748    .conststring        freertos.o
    0x08004f20   0x08004f20   0x00000020   Data   RO         7493    Region$$Table       anon$$obj.o


    Execution Region RW_IRAM1 (Exec base: 0x20000000, Load base: 0x08004f40, Size: 0x00006af8, Max: 0x00020000, ABSOLUTE)

    Exec Addr    Load Addr    Size         Type   Attr      Idx    E Section Name        Object

    0x20000000   0x08004f40   0x0000000c   Data   RW           40    .data               stm32f4xx_hal.o
    0x2000000c   0x08004f4c   0x0000003c   Data   RW         5234    .data               tasks.o
    0x20000048   0x08004f88   0x00000020   Data   RW         5506    .data               heap_4.o
    0x20000068   0x08004fa8   0x0000000c   Data   RW         5574    .data               port.o
    0x20000074   0x08004fb4   0x00000004   Data   RW         5749    .data               freertos.o
    0x20000078   0x08004fb8   0x00000004   Data   RW         5794    .data               can.o
    0x2000007c   0x08004fbc   0x00000004   Data   RW         6218    .data               system_stm32f4xx.o
    0x20000080   0x08004fc0   0x00000001   Data   RW         6897    .data               usbd_ctlreq.o
    0x20000081   0x08004fc1   0x00000003   PAD
    0x20000084   0x08004fc4   0x00000004   Data   RW         7469    .data               mc_w.l(stdout.o)
    0x20000088        -       0x000000f0   Zero   RW         5233    .bss                tasks.o
    0x20000178        -       0x00003c00   Zero   RW         5505    .bss                heap_4.o
    0x20003d78        -       0x00000254   Zero   RW         5746    .bss                freertos.o
    0x20003fcc        -       0x00000050   Zero   RW         5793    .bss                can.o
    0x2000401c        -       0x00000054   Zero   RW         5889    .bss                i2c.o
    0x20004070        -       0x00000010   Zero   RW         5931    .bss                rng.o
    0x20004080        -       0x00000058   Zero   RW         5973    .bss                spi.o
    0x200040d8        -       0x000002ac   Zero   RW         6017    .bss                usart.o
    0x20004384        -       0x00000048   Zero   RW         6255    .bss                stm32f4xx_hal_timebase_tim.o
    0x200043cc        -       0x0000072c   Zero   RW         6545    .bss                usbd_conf.o
    0x20004af8        -       0x00002000   Zero   RW            1    STACK               startup_stm32f407xx.o


==============================================================================

Image component sizes


      Code (inc. data)   RO Data    RW Data    ZI Data      Debug   Object Name

       428         46          0          4         80       2722   can.o
       120          0          0          0          0      33801   cmsis_os.o
         0          0          0          0          0      17640   croutine.o
       124          4          0          0          0       1022   dma.o
         0          0          0          0          0      17000   event_groups.o
        60         14         40          4        596       2199   freertos.o
       196         12          0          0          0       1227   gpio.o
       472         24          0         32      15360       7719   heap_4.o
       172         28          0          0         84       1881   i2c.o
        92         40          0          0          0       2639   init.o
       138          0          0          0          0       3818   list.o
       230         14          0          0          0      13444   main.o
       702         72          0         12          0      11352   port.o
        76         18          0          0         16       1735   rng.o
       216         26          0          0         88       1945   spi.o
        36          8        392          0       8192        880   startup_stm32f407xx.o
        80         14          0         12          0     734562   stm32f4xx_hal.o
       816          0          0          0          0      10583   stm32f4xx_hal_can.o
       158         14          0          0          0      33326   stm32f4xx_hal_cortex.o
       934         16          8          0          0       5903   stm32f4xx_hal_dma.o
       548         52          0          0          0       4277   stm32f4xx_hal_gpio.o
       392         16          0          0          0       3299   stm32f4xx_hal_i2c.o
        56          4          0          0          0       1050   stm32f4xx_hal_msp.o
      2252         12          0          0          0      10914   stm32f4xx_hal_pcd.o
         2          0          0          0          0       1117   stm32f4xx_hal_pcd_ex.o
      1424         92          0          0          0       6685   stm32f4xx_hal_rcc.o
        50          0          0          0          0       1255   stm32f4xx_hal_rng.o
       188          0          0          0          0       1375   stm32f4xx_hal_spi.o
       786         72          0          0          0       7700   stm32f4xx_hal_tim.o
         4          0          0          0          0       1801   stm32f4xx_hal_tim_ex.o
       140         20          0          0         72       1619   stm32f4xx_hal_timebase_tim.o
      1574         16          0          0          0      10904   stm32f4xx_hal_uart.o
       186         84          0          0          0      10331   stm32f4xx_it.o
      1900         98          0          0          0      17097   stm32f4xx_ll_usb.o
        16          4         24          4          0       1311   system_stm32f4xx.o
      1520        112          0         60        240      20094   tasks.o
       828         80          0          0        684       3915   usart.o
       362          4          0          0       1836      13646   usbd_conf.o
       744          0          0          0          0      12460   usbd_core.o
      1256         28          0          1          0      14375   usbd_ctlreq.o
       102          0          0          0          0       4084   usbd_ioreq.o

    ----------------------------------------------------------------------
     19420       1044        496        132      27248    1054707   Object Totals
         0          0         32          0          0          0   (incl. Generated)
        40          0          0          3          0          0   (incl. Padding)

    ----------------------------------------------------------------------

      Code (inc. data)   RO Data    RW Data    ZI Data      Debug   Library Member Name

         0          0          0          0          0          0   entry.o
         0          0          0          0          0          0   entry10a.o
         0          0          0          0          0          0   entry11a.o
         4          0          0          0          0          0   entry12b.o
         8          4          0          0          0          0   entry2.o
         4          0          0          0          0          0   entry5.o
         0          0          0          0          0          0   entry7b.o
         0          0          0          0          0          0   entry8b.o
         8          4          0          0          0          0   entry9a.o
        30          0          0          0          0          0   handlers.o
        36          8          0          0          0         68   init.o
        30          0          0          0          0         68   llshl.o
        32          0          0          0          0         68   llushr.o
        36          0          0          0          0         68   memcpya.o
        36          0          0          0          0        108   memseta.o
        50          8          0          0          0        152   printfb.o
         0          0          0          4          0          0   stdout.o
        98          0          0          0          0         92   uldiv.o

    ----------------------------------------------------------------------
       372         24          0          4          0        624   Library Totals
         0          0          0          0          0          0   (incl. Padding)

    ----------------------------------------------------------------------

      Code (inc. data)   RO Data    RW Data    ZI Data      Debug   Library Name

       372         24          0          4          0        624   mc_w.l

    ----------------------------------------------------------------------
       372         24          0          4          0        624   Library Totals

    ----------------------------------------------------------------------

==============================================================================


      Code (inc. data)   RO Data    RW Data    ZI Data      Debug   

     19792       1068        496        136      27248    1033375   Grand Totals
     19792       1068        496        136      27248    1033375   ELF Image Totals
     19792       1068        496        136          0          0   ROM Totals

==============================================================================

    Total RO  Size (Code + RO Data)                20288 (  19.81kB)
    Total RW  Size (RW Data + ZI Data)             27384 (  26.74kB)
    Total ROM Size (Code + RO Data + RW Data)      20424 (  19.95kB)

==============================================================================

